2026-05-28 20:01:59,581 | INFO     | ======================================================================
2026-05-28 20:01:59,581 | INFO     | 🔍 VPN KEY CHECKER - Начало проверки
2026-05-28 20:01:59,581 | INFO     | ⏰ Время старта: 2026-05-28 20:01:59
2026-05-28 20:01:59,581 | INFO     | 📂 Рабочая директория: /home/runner/work/vpn-vless-configs-russia/vpn-vless-configs-russia
2026-05-28 20:01:59,582 | INFO     | ======================================================================
2026-05-28 20:01:59,582 | INFO     | 
2026-05-28 20:01:59,582 | INFO     | 🔍 Проверка наличия скриптов...
2026-05-28 20:01:59,582 | INFO     |   ✅ mirror.py
2026-05-28 20:01:59,582 | INFO     |   ✅ filter_ru_sni.py
2026-05-28 20:01:59,582 | INFO     |   ✅ filter_ru_sni_local.py
2026-05-28 20:01:59,582 | INFO     | 
2026-05-28 20:01:59,582 | INFO     | 
2026-05-28 20:01:59,582 | INFO     | ──────────────────────────────────────────────────────────────────────
2026-05-28 20:01:59,582 | INFO     | 📌 ЭТАП: Загрузка и geo-фильтрация
2026-05-28 20:01:59,582 | INFO     | ──────────────────────────────────────────────────────────────────────
2026-05-28 20:01:59,582 | INFO     | 🚀 Запуск mirror.py (Загрузка и фильтрация по РФ/СНГ/Европа)...
2026-05-28 20:02:04,351 | INFO     |   → 🚀 Старт: всего источников (старые + новые): 10
2026-05-28 20:02:04,351 | INFO     |   → 1/10: ✅ 0 взято | 🗑️ 0 мусор
2026-05-28 20:02:04,351 | INFO     |   → 2/10: ✅ 0 взято | 🗑️ 0 мусор
2026-05-28 20:02:04,351 | INFO     |   → 3/10: ✅ 6 взято | 🗑️ 139 мусор
2026-05-28 20:02:04,351 | INFO     |   → 4/10: ✅ 0 взято | 🗑️ 0 мусор
2026-05-28 20:02:04,351 | INFO     |   → 5/10: ✅ 2 взято | 🗑️ 132 мусор
2026-05-28 20:02:04,351 | INFO     |   → 6/10: ✅ 0 взято | 🗑️ 0 мусор
2026-05-28 20:02:04,351 | INFO     |   → 7/10: ✅ 6 взято | 🗑️ 24 мусор
2026-05-28 20:02:04,351 | INFO     |   → 8/10: ✅ 0 взято | 🗑️ 24 мусор
2026-05-28 20:02:04,351 | INFO     |   → 9/10: ✅ 19 взято | 🗑️ 7 мусор
2026-05-28 20:02:04,351 | INFO     |   → 10/10: ✅ 0 взято | 🗑️ 0 мусор
2026-05-28 20:02:04,351 | INFO     |   → ✅ ГОТОВО!
2026-05-28 20:02:04,351 | INFO     |   →    📥 Всего ключей после фильтра: 33
2026-05-28 20:02:04,351 | INFO     |   →    🔗 Уникальных IP:PORT:SCHEME: 30
2026-05-28 20:02:04,351 | INFO     |   →    🗑️ Выброшено мусора: 326
2026-05-28 20:02:04,351 | INFO     |   → 📊 По протоколам:
2026-05-28 20:02:04,351 | INFO     |   →    vless: 25
2026-05-28 20:02:04,351 | INFO     |   →    vmess: 1
2026-05-28 20:02:04,351 | INFO     |   →    ss: 4
2026-05-28 20:02:04,351 | INFO     | ✅ mirror.py завершён успешно
2026-05-28 20:02:04,351 | INFO     | 
2026-05-28 20:02:04,351 | INFO     | 
2026-05-28 20:02:04,351 | INFO     | ──────────────────────────────────────────────────────────────────────
2026-05-28 20:02:04,351 | INFO     | 📌 ЭТАП: Фильтрация по реальному SNI
2026-05-28 20:02:04,352 | INFO     | ──────────────────────────────────────────────────────────────────────
2026-05-28 20:02:04,352 | INFO     | 🚀 Запуск filter_ru_sni.py (Фильтр по реальному SNI (CDN+RU))...
2026-05-28 20:02:04,381 | INFO     |   → ss.txt: 4 → 0 (SNI-filtered)
2026-05-28 20:02:04,381 | INFO     |   →   vless.txt: 25 → 5 (SNI-filtered)
2026-05-28 20:02:04,381 | INFO     |   →   vmess.txt: 1 → 0 (SNI-filtered)
2026-05-28 20:02:04,381 | INFO     |   → ==================================================
2026-05-28 20:02:04,381 | INFO     |   →   Всего входных:  30
2026-05-28 20:02:04,381 | INFO     |   →   Прошли фильтр:  5
2026-05-28 20:02:04,381 | INFO     |   →   Отброшено:      25
2026-05-28 20:02:04,381 | INFO     |   → ==================================================
2026-05-28 20:02:04,381 | INFO     |   → Готово → /home/runner/work/vpn-vless-configs-russia/vpn-vless-configs-russia/githubmirror/ru-sni
2026-05-28 20:02:04,382 | INFO     | ✅ filter_ru_sni.py завершён успешно
2026-05-28 20:02:04,382 | INFO     | 
2026-05-28 20:02:04,382 | INFO     | 
2026-05-28 20:02:04,382 | INFO     | ──────────────────────────────────────────────────────────────────────
2026-05-28 20:02:04,382 | INFO     | 📌 ЭТАП: Экспериментальный RU-SNI фильтр
2026-05-28 20:02:04,382 | INFO     | ──────────────────────────────────────────────────────────────────────
2026-05-28 20:02:04,382 | INFO     | 🚀 Запуск filter_ru_sni_local.py (Экспериментальный фильтр по RU-SNI (локальные домены))...
2026-05-28 20:02:04,411 | INFO     |   → ss.txt: 4 → 0 (RU-SNI)
2026-05-28 20:02:04,411 | INFO     |   → vless.txt: 25 → 1 (RU-SNI)
2026-05-28 20:02:04,411 | INFO     |   → vmess.txt: 1 → 0 (RU-SNI)
2026-05-28 20:02:04,411 | INFO     |   → ==================================================
2026-05-28 20:02:04,411 | INFO     |   → Всего входных:  30
2026-05-28 20:02:04,411 | INFO     |   → Прошли RU-SNI:  1
2026-05-28 20:02:04,411 | INFO     |   → Отброшено:      29
2026-05-28 20:02:04,411 | INFO     |   → ==================================================
2026-05-28 20:02:04,411 | INFO     |   → Готово → /home/runner/work/vpn-vless-configs-russia/vpn-vless-configs-russia/githubmirror/ru-sni-local
2026-05-28 20:02:04,411 | INFO     | ✅ filter_ru_sni_local.py завершён успешно
2026-05-28 20:02:04,411 | INFO     | 
2026-05-28 20:02:04,411 | INFO     | 
2026-05-28 20:02:04,411 | INFO     | ──────────────────────────────────────────────────────────────────────
2026-05-28 20:02:04,411 | INFO     | 📌 ЭТАП: Сбор статистики
2026-05-28 20:02:04,411 | INFO     | ──────────────────────────────────────────────────────────────────────
2026-05-28 20:02:04,411 | INFO     | 📊 Сбор статистики...
2026-05-28 20:02:04,411 | INFO     |   📁 githubmirror/clean:
2026-05-28 20:02:04,412 | INFO     |     • ss          :     4 конфигов
2026-05-28 20:02:04,412 | INFO     |     • vless       :    25 конфигов
2026-05-28 20:02:04,412 | INFO     |     • vmess       :     1 конфигов
2026-05-28 20:02:04,412 | INFO     |   📁 githubmirror/ru-sni:
2026-05-28 20:02:04,412 | INFO     |     • ss          :     0 конфигов (  0.0% от clean)
2026-05-28 20:02:04,412 | INFO     |     • vless       :     5 конфигов ( 20.0% от clean)
2026-05-28 20:02:04,412 | INFO     |     • vmess       :     0 конфигов (  0.0% от clean)
2026-05-28 20:02:04,412 | INFO     | 
2026-05-28 20:02:04,413 | INFO     |   ──────────────────────────────────────────────────
2026-05-28 20:02:04,413 | INFO     |   📈 ИТОГО:
2026-05-28 20:02:04,413 | INFO     |     Clean (после geo-фильтра):       30
2026-05-28 20:02:04,413 | INFO     |     RU-SNI (после SNI-фильтра):       5
2026-05-28 20:02:04,413 | INFO     |     Прошло фильтр:                 16.7%
2026-05-28 20:02:04,413 | INFO     |   ──────────────────────────────────────────────────
2026-05-28 20:02:04,413 | INFO     | ✅ Статистика сохранена: /home/runner/work/vpn-vless-configs-russia/vpn-vless-configs-russia/stats.json
2026-05-28 20:02:04,413 | INFO     | 
2026-05-28 20:02:04,413 | INFO     | ======================================================================
2026-05-28 20:02:04,413 | INFO     | 📊 ИТОГОВЫЙ ОТЧЁТ
2026-05-28 20:02:04,413 | INFO     | ======================================================================
2026-05-28 20:02:04,413 | INFO     |   ✅ OK         | Загрузка и geo-фильтрация
2026-05-28 20:02:04,413 | INFO     |   ✅ OK         | Фильтрация по реальному SNI
2026-05-28 20:02:04,413 | INFO     |   ✅ OK         | Экспериментальный RU-SNI фильтр
2026-05-28 20:02:04,413 | INFO     |   ✅ OK         | Сбор статистики
2026-05-28 20:02:04,413 | INFO     | ──────────────────────────────────────────────────────────────────────
2026-05-28 20:02:04,413 | INFO     | ✅ ВСЕ ЭТАПЫ УСПЕШНЫ (4/4)
2026-05-28 20:02:04,413 | INFO     | ⏰ Время завершения: 2026-05-28 20:02:04
2026-05-28 20:02:04,413 | INFO     | ======================================================================
