2026-05-05 07:51:58,274 | INFO     | ======================================================================
2026-05-05 07:51:58,275 | INFO     | 🔍 VPN KEY CHECKER - Начало проверки
2026-05-05 07:51:58,275 | INFO     | ⏰ Время старта: 2026-05-05 07:51:58
2026-05-05 07:51:58,275 | INFO     | 📂 Рабочая директория: /home/runner/work/vpn-vless-configs-russia/vpn-vless-configs-russia
2026-05-05 07:51:58,275 | INFO     | ======================================================================
2026-05-05 07:51:58,275 | INFO     | 
2026-05-05 07:51:58,275 | INFO     | 🔍 Проверка наличия скриптов...
2026-05-05 07:51:58,275 | INFO     |   ✅ mirror.py
2026-05-05 07:51:58,275 | INFO     |   ✅ filter_ru_sni.py
2026-05-05 07:51:58,275 | INFO     |   ✅ filter_ru_sni_local.py
2026-05-05 07:51:58,275 | INFO     | 
2026-05-05 07:51:58,275 | INFO     | 
2026-05-05 07:51:58,275 | INFO     | ──────────────────────────────────────────────────────────────────────
2026-05-05 07:51:58,275 | INFO     | 📌 ЭТАП: Загрузка и geo-фильтрация
2026-05-05 07:51:58,276 | INFO     | ──────────────────────────────────────────────────────────────────────
2026-05-05 07:51:58,276 | INFO     | 🚀 Запуск mirror.py (Загрузка и фильтрация по РФ/СНГ/Европа)...
2026-05-05 07:52:00,438 | INFO     |   → 🚀 Старт: всего источников (старые + новые): 6
2026-05-05 07:52:00,438 | INFO     |   → 1/6: ✅ 0 взято | 🗑️ 0 мусор
2026-05-05 07:52:00,438 | INFO     |   → 2/6: ✅ 0 взято | 🗑️ 0 мусор
2026-05-05 07:52:00,438 | INFO     |   → 3/6: ✅ 2 взято | 🗑️ 129 мусор
2026-05-05 07:52:00,438 | INFO     |   → 4/6: ✅ 0 взято | 🗑️ 0 мусор
2026-05-05 07:52:00,438 | INFO     |   → 5/6: ✅ 5 взято | 🗑️ 15 мусор
2026-05-05 07:52:00,439 | INFO     |   → 6/6: ✅ 0 взято | 🗑️ 15 мусор
2026-05-05 07:52:00,439 | INFO     |   → ✅ ГОТОВО!
2026-05-05 07:52:00,439 | INFO     |   →    📥 Всего ключей после фильтра: 7
2026-05-05 07:52:00,439 | INFO     |   →    🔗 Уникальных IP:PORT:SCHEME: 7
2026-05-05 07:52:00,439 | INFO     |   →    🗑️ Выброшено мусора: 159
2026-05-05 07:52:00,439 | INFO     |   → 📊 По протоколам:
2026-05-05 07:52:00,439 | INFO     |   →    vless: 4
2026-05-05 07:52:00,439 | INFO     |   →    vmess: 1
2026-05-05 07:52:00,439 | INFO     |   →    trojan: 2
2026-05-05 07:52:00,439 | INFO     | ✅ mirror.py завершён успешно
2026-05-05 07:52:00,439 | INFO     | 
2026-05-05 07:52:00,439 | INFO     | 
2026-05-05 07:52:00,439 | INFO     | ──────────────────────────────────────────────────────────────────────
2026-05-05 07:52:00,439 | INFO     | 📌 ЭТАП: Фильтрация по реальному SNI
2026-05-05 07:52:00,439 | INFO     | ──────────────────────────────────────────────────────────────────────
2026-05-05 07:52:00,439 | INFO     | 🚀 Запуск filter_ru_sni.py (Фильтр по реальному SNI (CDN+RU))...
2026-05-05 07:52:00,468 | INFO     |   → trojan.txt: 2 → 0 (SNI-filtered)
2026-05-05 07:52:00,468 | INFO     |   →   vless.txt: 4 → 0 (SNI-filtered)
2026-05-05 07:52:00,468 | INFO     |   →   vmess.txt: 1 → 0 (SNI-filtered)
2026-05-05 07:52:00,468 | INFO     |   → ==================================================
2026-05-05 07:52:00,468 | INFO     |   →   Всего входных:  7
2026-05-05 07:52:00,468 | INFO     |   →   Прошли фильтр:  0
2026-05-05 07:52:00,468 | INFO     |   →   Отброшено:      7
2026-05-05 07:52:00,468 | INFO     |   → ==================================================
2026-05-05 07:52:00,468 | INFO     |   → Готово → /home/runner/work/vpn-vless-configs-russia/vpn-vless-configs-russia/githubmirror/ru-sni
2026-05-05 07:52:00,468 | INFO     | ✅ filter_ru_sni.py завершён успешно
2026-05-05 07:52:00,469 | INFO     | 
2026-05-05 07:52:00,469 | INFO     | 
2026-05-05 07:52:00,469 | INFO     | ──────────────────────────────────────────────────────────────────────
2026-05-05 07:52:00,469 | INFO     | 📌 ЭТАП: Экспериментальный RU-SNI фильтр
2026-05-05 07:52:00,469 | INFO     | ──────────────────────────────────────────────────────────────────────
2026-05-05 07:52:00,469 | INFO     | 🚀 Запуск filter_ru_sni_local.py (Экспериментальный фильтр по RU-SNI (локальные домены))...
2026-05-05 07:52:00,494 | INFO     |   → trojan.txt: 2 → 0 (RU-SNI)
2026-05-05 07:52:00,494 | INFO     |   → vless.txt: 4 → 0 (RU-SNI)
2026-05-05 07:52:00,494 | INFO     |   → vmess.txt: 1 → 0 (RU-SNI)
2026-05-05 07:52:00,494 | INFO     |   → ==================================================
2026-05-05 07:52:00,495 | INFO     |   → Всего входных:  7
2026-05-05 07:52:00,495 | INFO     |   → Прошли RU-SNI:  0
2026-05-05 07:52:00,495 | INFO     |   → Отброшено:      7
2026-05-05 07:52:00,495 | INFO     |   → ==================================================
2026-05-05 07:52:00,495 | INFO     |   → Готово → /home/runner/work/vpn-vless-configs-russia/vpn-vless-configs-russia/githubmirror/ru-sni-local
2026-05-05 07:52:00,495 | INFO     | ✅ filter_ru_sni_local.py завершён успешно
2026-05-05 07:52:00,495 | INFO     | 
2026-05-05 07:52:00,495 | INFO     | 
2026-05-05 07:52:00,495 | INFO     | ──────────────────────────────────────────────────────────────────────
2026-05-05 07:52:00,495 | INFO     | 📌 ЭТАП: Сбор статистики
2026-05-05 07:52:00,495 | INFO     | ──────────────────────────────────────────────────────────────────────
2026-05-05 07:52:00,495 | INFO     | 📊 Сбор статистики...
2026-05-05 07:52:00,495 | INFO     |   📁 githubmirror/clean:
2026-05-05 07:52:00,496 | INFO     |     • trojan      :     2 конфигов
2026-05-05 07:52:00,496 | INFO     |     • vless       :     4 конфигов
2026-05-05 07:52:00,496 | INFO     |     • vmess       :     1 конфигов
2026-05-05 07:52:00,496 | INFO     |   📁 githubmirror/ru-sni:
2026-05-05 07:52:00,496 | INFO     |     • trojan      :     0 конфигов (  0.0% от clean)
2026-05-05 07:52:00,496 | INFO     |     • vless       :     0 конфигов (  0.0% от clean)
2026-05-05 07:52:00,496 | INFO     |     • vmess       :     0 конфигов (  0.0% от clean)
2026-05-05 07:52:00,496 | INFO     | 
2026-05-05 07:52:00,496 | INFO     |   ──────────────────────────────────────────────────
2026-05-05 07:52:00,496 | INFO     |   📈 ИТОГО:
2026-05-05 07:52:00,497 | INFO     |     Clean (после geo-фильтра):        7
2026-05-05 07:52:00,497 | INFO     |     RU-SNI (после SNI-фильтра):       0
2026-05-05 07:52:00,497 | INFO     |     Прошло фильтр:                  0.0%
2026-05-05 07:52:00,497 | INFO     |   ──────────────────────────────────────────────────
2026-05-05 07:52:00,497 | INFO     | ✅ Статистика сохранена: /home/runner/work/vpn-vless-configs-russia/vpn-vless-configs-russia/stats.json
2026-05-05 07:52:00,497 | INFO     | 
2026-05-05 07:52:00,497 | INFO     | ======================================================================
2026-05-05 07:52:00,497 | INFO     | 📊 ИТОГОВЫЙ ОТЧЁТ
2026-05-05 07:52:00,497 | INFO     | ======================================================================
2026-05-05 07:52:00,497 | INFO     |   ✅ OK         | Загрузка и geo-фильтрация
2026-05-05 07:52:00,497 | INFO     |   ✅ OK         | Фильтрация по реальному SNI
2026-05-05 07:52:00,497 | INFO     |   ✅ OK         | Экспериментальный RU-SNI фильтр
2026-05-05 07:52:00,497 | INFO     |   ✅ OK         | Сбор статистики
2026-05-05 07:52:00,497 | INFO     | ──────────────────────────────────────────────────────────────────────
2026-05-05 07:52:00,497 | INFO     | ✅ ВСЕ ЭТАПЫ УСПЕШНЫ (4/4)
2026-05-05 07:52:00,498 | INFO     | ⏰ Время завершения: 2026-05-05 07:52:00
2026-05-05 07:52:00,498 | INFO     | ======================================================================
