2026-05-31 18:59:33,127 | INFO     | ======================================================================
2026-05-31 18:59:33,127 | INFO     | 🔍 VPN KEY CHECKER - Начало проверки
2026-05-31 18:59:33,127 | INFO     | ⏰ Время старта: 2026-05-31 18:59:33
2026-05-31 18:59:33,127 | INFO     | 📂 Рабочая директория: /home/runner/work/vpn-vless-configs-russia/vpn-vless-configs-russia
2026-05-31 18:59:33,127 | INFO     | ======================================================================
2026-05-31 18:59:33,127 | INFO     | 
2026-05-31 18:59:33,127 | INFO     | 🔍 Проверка наличия скриптов...
2026-05-31 18:59:33,127 | INFO     |   ✅ mirror.py
2026-05-31 18:59:33,127 | INFO     |   ✅ filter_ru_sni.py
2026-05-31 18:59:33,128 | INFO     |   ✅ filter_ru_sni_local.py
2026-05-31 18:59:33,128 | INFO     | 
2026-05-31 18:59:33,128 | INFO     | 
2026-05-31 18:59:33,128 | INFO     | ──────────────────────────────────────────────────────────────────────
2026-05-31 18:59:33,128 | INFO     | 📌 ЭТАП: Загрузка и geo-фильтрация
2026-05-31 18:59:33,128 | INFO     | ──────────────────────────────────────────────────────────────────────
2026-05-31 18:59:33,128 | INFO     | 🚀 Запуск mirror.py (Загрузка и фильтрация по РФ/СНГ/Европа)...
2026-05-31 18:59:36,470 | INFO     |   → 🚀 Старт: всего источников (старые + новые): 10
2026-05-31 18:59:36,471 | INFO     |   → 1/10: ✅ 0 взято | 🗑️ 0 мусор
2026-05-31 18:59:36,471 | INFO     |   → 2/10: ✅ 0 взято | 🗑️ 0 мусор
2026-05-31 18:59:36,471 | INFO     |   → 3/10: ✅ 0 взято | 🗑️ 0 мусор
2026-05-31 18:59:36,471 | INFO     |   → 4/10: ✅ 11 взято | 🗑️ 105 мусор
2026-05-31 18:59:36,471 | INFO     |   → 5/10: ✅ 0 взято | 🗑️ 103 мусор
2026-05-31 18:59:36,471 | INFO     |   → 6/10: ✅ 0 взято | 🗑️ 0 мусор
2026-05-31 18:59:36,471 | INFO     |   → 7/10: ✅ 6 взято | 🗑️ 24 мусор
2026-05-31 18:59:36,471 | INFO     |   → 8/10: ✅ 0 взято | 🗑️ 24 мусор
2026-05-31 18:59:36,471 | INFO     |   → 9/10: ✅ 13 взято | 🗑️ 7 мусор
2026-05-31 18:59:36,471 | INFO     |   → 10/10: ✅ 0 взято | 🗑️ 0 мусор
2026-05-31 18:59:36,471 | INFO     |   → ✅ ГОТОВО!
2026-05-31 18:59:36,471 | INFO     |   →    📥 Всего ключей после фильтра: 30
2026-05-31 18:59:36,471 | INFO     |   →    🔗 Уникальных IP:PORT:SCHEME: 26
2026-05-31 18:59:36,471 | INFO     |   →    🗑️ Выброшено мусора: 263
2026-05-31 18:59:36,471 | INFO     |   → 📊 По протоколам:
2026-05-31 18:59:36,471 | INFO     |   →    vless: 17
2026-05-31 18:59:36,471 | INFO     |   →    vmess: 2
2026-05-31 18:59:36,471 | INFO     |   →    trojan: 2
2026-05-31 18:59:36,471 | INFO     |   →    ss: 5
2026-05-31 18:59:36,471 | INFO     | ✅ mirror.py завершён успешно
2026-05-31 18:59:36,471 | INFO     | 
2026-05-31 18:59:36,472 | INFO     | 
2026-05-31 18:59:36,472 | INFO     | ──────────────────────────────────────────────────────────────────────
2026-05-31 18:59:36,472 | INFO     | 📌 ЭТАП: Фильтрация по реальному SNI
2026-05-31 18:59:36,472 | INFO     | ──────────────────────────────────────────────────────────────────────
2026-05-31 18:59:36,472 | INFO     | 🚀 Запуск filter_ru_sni.py (Фильтр по реальному SNI (CDN+RU))...
2026-05-31 18:59:36,499 | INFO     |   → ss.txt: 5 → 0 (SNI-filtered)
2026-05-31 18:59:36,499 | INFO     |   →   trojan.txt: 2 → 0 (SNI-filtered)
2026-05-31 18:59:36,499 | INFO     |   →   vless.txt: 17 → 7 (SNI-filtered)
2026-05-31 18:59:36,499 | INFO     |   →   vmess.txt: 2 → 0 (SNI-filtered)
2026-05-31 18:59:36,499 | INFO     |   → ==================================================
2026-05-31 18:59:36,499 | INFO     |   →   Всего входных:  26
2026-05-31 18:59:36,499 | INFO     |   →   Прошли фильтр:  7
2026-05-31 18:59:36,499 | INFO     |   →   Отброшено:      19
2026-05-31 18:59:36,499 | INFO     |   → ==================================================
2026-05-31 18:59:36,499 | INFO     |   → Готово → /home/runner/work/vpn-vless-configs-russia/vpn-vless-configs-russia/githubmirror/ru-sni
2026-05-31 18:59:36,499 | INFO     | ✅ filter_ru_sni.py завершён успешно
2026-05-31 18:59:36,499 | INFO     | 
2026-05-31 18:59:36,499 | INFO     | 
2026-05-31 18:59:36,499 | INFO     | ──────────────────────────────────────────────────────────────────────
2026-05-31 18:59:36,499 | INFO     | 📌 ЭТАП: Экспериментальный RU-SNI фильтр
2026-05-31 18:59:36,500 | INFO     | ──────────────────────────────────────────────────────────────────────
2026-05-31 18:59:36,500 | INFO     | 🚀 Запуск filter_ru_sni_local.py (Экспериментальный фильтр по RU-SNI (локальные домены))...
2026-05-31 18:59:36,526 | INFO     |   → ss.txt: 5 → 0 (RU-SNI)
2026-05-31 18:59:36,526 | INFO     |   → trojan.txt: 2 → 0 (RU-SNI)
2026-05-31 18:59:36,526 | INFO     |   → vless.txt: 17 → 1 (RU-SNI)
2026-05-31 18:59:36,526 | INFO     |   → vmess.txt: 2 → 0 (RU-SNI)
2026-05-31 18:59:36,526 | INFO     |   → ==================================================
2026-05-31 18:59:36,526 | INFO     |   → Всего входных:  26
2026-05-31 18:59:36,526 | INFO     |   → Прошли RU-SNI:  1
2026-05-31 18:59:36,526 | INFO     |   → Отброшено:      25
2026-05-31 18:59:36,526 | INFO     |   → ==================================================
2026-05-31 18:59:36,526 | INFO     |   → Готово → /home/runner/work/vpn-vless-configs-russia/vpn-vless-configs-russia/githubmirror/ru-sni-local
2026-05-31 18:59:36,526 | INFO     | ✅ filter_ru_sni_local.py завершён успешно
2026-05-31 18:59:36,526 | INFO     | 
2026-05-31 18:59:36,526 | INFO     | 
2026-05-31 18:59:36,526 | INFO     | ──────────────────────────────────────────────────────────────────────
2026-05-31 18:59:36,526 | INFO     | 📌 ЭТАП: Сбор статистики
2026-05-31 18:59:36,526 | INFO     | ──────────────────────────────────────────────────────────────────────
2026-05-31 18:59:36,526 | INFO     | 📊 Сбор статистики...
2026-05-31 18:59:36,527 | INFO     |   📁 githubmirror/clean:
2026-05-31 18:59:36,527 | INFO     |     • ss          :     5 конфигов
2026-05-31 18:59:36,527 | INFO     |     • trojan      :     2 конфигов
2026-05-31 18:59:36,527 | INFO     |     • vless       :    17 конфигов
2026-05-31 18:59:36,527 | INFO     |     • vmess       :     2 конфигов
2026-05-31 18:59:36,527 | INFO     |   📁 githubmirror/ru-sni:
2026-05-31 18:59:36,527 | INFO     |     • ss          :     0 конфигов (  0.0% от clean)
2026-05-31 18:59:36,528 | INFO     |     • trojan      :     0 конфигов (  0.0% от clean)
2026-05-31 18:59:36,528 | INFO     |     • vless       :     7 конфигов ( 41.2% от clean)
2026-05-31 18:59:36,528 | INFO     |     • vmess       :     0 конфигов (  0.0% от clean)
2026-05-31 18:59:36,528 | INFO     | 
2026-05-31 18:59:36,528 | INFO     |   ──────────────────────────────────────────────────
2026-05-31 18:59:36,528 | INFO     |   📈 ИТОГО:
2026-05-31 18:59:36,528 | INFO     |     Clean (после geo-фильтра):       26
2026-05-31 18:59:36,528 | INFO     |     RU-SNI (после SNI-фильтра):       7
2026-05-31 18:59:36,528 | INFO     |     Прошло фильтр:                 26.9%
2026-05-31 18:59:36,528 | INFO     |   ──────────────────────────────────────────────────
2026-05-31 18:59:36,528 | INFO     | ✅ Статистика сохранена: /home/runner/work/vpn-vless-configs-russia/vpn-vless-configs-russia/stats.json
2026-05-31 18:59:36,528 | INFO     | 
2026-05-31 18:59:36,528 | INFO     | ======================================================================
2026-05-31 18:59:36,528 | INFO     | 📊 ИТОГОВЫЙ ОТЧЁТ
2026-05-31 18:59:36,528 | INFO     | ======================================================================
2026-05-31 18:59:36,528 | INFO     |   ✅ OK         | Загрузка и geo-фильтрация
2026-05-31 18:59:36,528 | INFO     |   ✅ OK         | Фильтрация по реальному SNI
2026-05-31 18:59:36,528 | INFO     |   ✅ OK         | Экспериментальный RU-SNI фильтр
2026-05-31 18:59:36,528 | INFO     |   ✅ OK         | Сбор статистики
2026-05-31 18:59:36,528 | INFO     | ──────────────────────────────────────────────────────────────────────
2026-05-31 18:59:36,529 | INFO     | ✅ ВСЕ ЭТАПЫ УСПЕШНЫ (4/4)
2026-05-31 18:59:36,529 | INFO     | ⏰ Время завершения: 2026-05-31 18:59:36
2026-05-31 18:59:36,529 | INFO     | ======================================================================
