2026-06-28 02:02:04,238 | INFO     | ======================================================================
2026-06-28 02:02:04,238 | INFO     | 🔍 VPN KEY CHECKER - Начало проверки
2026-06-28 02:02:04,238 | INFO     | ⏰ Время старта: 2026-06-28 02:02:04
2026-06-28 02:02:04,238 | INFO     | 📂 Рабочая директория: /home/runner/work/vpn-vless-configs-russia/vpn-vless-configs-russia
2026-06-28 02:02:04,238 | INFO     | ======================================================================
2026-06-28 02:02:04,238 | INFO     | 
2026-06-28 02:02:04,238 | INFO     | 🔍 Проверка наличия скриптов...
2026-06-28 02:02:04,238 | INFO     |   ✅ mirror.py
2026-06-28 02:02:04,239 | INFO     |   ✅ filter_ru_sni.py
2026-06-28 02:02:04,239 | INFO     |   ✅ filter_ru_sni_local.py
2026-06-28 02:02:04,239 | INFO     | 
2026-06-28 02:02:04,239 | INFO     | 
2026-06-28 02:02:04,239 | INFO     | ──────────────────────────────────────────────────────────────────────
2026-06-28 02:02:04,239 | INFO     | 📌 ЭТАП: Загрузка и geo-фильтрация
2026-06-28 02:02:04,239 | INFO     | ──────────────────────────────────────────────────────────────────────
2026-06-28 02:02:04,239 | INFO     | 🚀 Запуск mirror.py (Загрузка и фильтрация по РФ/СНГ/Европа)...
2026-06-28 02:02:07,188 | INFO     |   → 🚀 Старт: всего источников (старые + новые): 8
2026-06-28 02:02:07,188 | INFO     |   → 1/8: ✅ 0 взято | 🗑️ 0 мусор
2026-06-28 02:02:07,188 | INFO     |   → 2/8: ✅ 0 взято | 🗑️ 0 мусор
2026-06-28 02:02:07,188 | INFO     |   → 3/8: ✅ 5 взято | 🗑️ 133 мусор
2026-06-28 02:02:07,188 | INFO     |   → 4/8: ✅ 0 взято | 🗑️ 0 мусор
2026-06-28 02:02:07,188 | INFO     |   → 5/8: ✅ 5 взято | 🗑️ 257 мусор
2026-06-28 02:02:07,188 | INFO     |   → 6/8: ✅ 0 взято | 🗑️ 0 мусор
2026-06-28 02:02:07,188 | INFO     |   → 7/8: ✅ 13 взято | 🗑️ 10 мусор
2026-06-28 02:02:07,188 | INFO     |   → 8/8: ✅ 0 взято | 🗑️ 10 мусор
2026-06-28 02:02:07,188 | INFO     |   → ✅ ГОТОВО!
2026-06-28 02:02:07,189 | INFO     |   →    📥 Всего ключей после фильтра: 23
2026-06-28 02:02:07,189 | INFO     |   →    🔗 Уникальных IP:PORT:SCHEME: 18
2026-06-28 02:02:07,189 | INFO     |   →    🗑️ Выброшено мусора: 410
2026-06-28 02:02:07,189 | INFO     |   → 📊 По протоколам:
2026-06-28 02:02:07,189 | INFO     |   →    vless: 17
2026-06-28 02:02:07,189 | INFO     |   →    trojan: 1
2026-06-28 02:02:07,189 | INFO     | ✅ mirror.py завершён успешно
2026-06-28 02:02:07,189 | INFO     | 
2026-06-28 02:02:07,189 | INFO     | 
2026-06-28 02:02:07,189 | INFO     | ──────────────────────────────────────────────────────────────────────
2026-06-28 02:02:07,189 | INFO     | 📌 ЭТАП: Фильтрация по реальному SNI
2026-06-28 02:02:07,189 | INFO     | ──────────────────────────────────────────────────────────────────────
2026-06-28 02:02:07,189 | INFO     | 🚀 Запуск filter_ru_sni.py (Фильтр по реальному SNI (CDN+RU))...
2026-06-28 02:02:07,216 | INFO     |   → trojan.txt: 1 → 0 (SNI-filtered)
2026-06-28 02:02:07,217 | INFO     |   →   vless.txt: 17 → 2 (SNI-filtered)
2026-06-28 02:02:07,217 | INFO     |   → ==================================================
2026-06-28 02:02:07,217 | INFO     |   →   Всего входных:  18
2026-06-28 02:02:07,217 | INFO     |   →   Прошли фильтр:  2
2026-06-28 02:02:07,217 | INFO     |   →   Отброшено:      16
2026-06-28 02:02:07,217 | INFO     |   → ==================================================
2026-06-28 02:02:07,217 | INFO     |   → Готово → /home/runner/work/vpn-vless-configs-russia/vpn-vless-configs-russia/githubmirror/ru-sni
2026-06-28 02:02:07,217 | INFO     | ✅ filter_ru_sni.py завершён успешно
2026-06-28 02:02:07,217 | INFO     | 
2026-06-28 02:02:07,217 | INFO     | 
2026-06-28 02:02:07,217 | INFO     | ──────────────────────────────────────────────────────────────────────
2026-06-28 02:02:07,217 | INFO     | 📌 ЭТАП: Экспериментальный RU-SNI фильтр
2026-06-28 02:02:07,217 | INFO     | ──────────────────────────────────────────────────────────────────────
2026-06-28 02:02:07,217 | INFO     | 🚀 Запуск filter_ru_sni_local.py (Экспериментальный фильтр по RU-SNI (локальные домены))...
2026-06-28 02:02:07,244 | INFO     |   → trojan.txt: 1 → 0 (RU-SNI)
2026-06-28 02:02:07,244 | INFO     |   → vless.txt: 17 → 0 (RU-SNI)
2026-06-28 02:02:07,244 | INFO     |   → ==================================================
2026-06-28 02:02:07,244 | INFO     |   → Всего входных:  18
2026-06-28 02:02:07,244 | INFO     |   → Прошли RU-SNI:  0
2026-06-28 02:02:07,244 | INFO     |   → Отброшено:      18
2026-06-28 02:02:07,244 | INFO     |   → ==================================================
2026-06-28 02:02:07,244 | INFO     |   → Готово → /home/runner/work/vpn-vless-configs-russia/vpn-vless-configs-russia/githubmirror/ru-sni-local
2026-06-28 02:02:07,244 | INFO     | ✅ filter_ru_sni_local.py завершён успешно
2026-06-28 02:02:07,244 | INFO     | 
2026-06-28 02:02:07,244 | INFO     | 
2026-06-28 02:02:07,244 | INFO     | ──────────────────────────────────────────────────────────────────────
2026-06-28 02:02:07,244 | INFO     | 📌 ЭТАП: Сбор статистики
2026-06-28 02:02:07,244 | INFO     | ──────────────────────────────────────────────────────────────────────
2026-06-28 02:02:07,244 | INFO     | 📊 Сбор статистики...
2026-06-28 02:02:07,244 | INFO     |   📁 githubmirror/clean:
2026-06-28 02:02:07,245 | INFO     |     • trojan      :     1 конфигов
2026-06-28 02:02:07,245 | INFO     |     • vless       :    17 конфигов
2026-06-28 02:02:07,245 | INFO     |   📁 githubmirror/ru-sni:
2026-06-28 02:02:07,245 | INFO     |     • trojan      :     0 конфигов (  0.0% от clean)
2026-06-28 02:02:07,245 | INFO     |     • vless       :     2 конфигов ( 11.8% от clean)
2026-06-28 02:02:07,245 | INFO     | 
2026-06-28 02:02:07,245 | INFO     |   ──────────────────────────────────────────────────
2026-06-28 02:02:07,245 | INFO     |   📈 ИТОГО:
2026-06-28 02:02:07,245 | INFO     |     Clean (после geo-фильтра):       18
2026-06-28 02:02:07,245 | INFO     |     RU-SNI (после SNI-фильтра):       2
2026-06-28 02:02:07,245 | INFO     |     Прошло фильтр:                 11.1%
2026-06-28 02:02:07,245 | INFO     |   ──────────────────────────────────────────────────
2026-06-28 02:02:07,246 | INFO     | ✅ Статистика сохранена: /home/runner/work/vpn-vless-configs-russia/vpn-vless-configs-russia/stats.json
2026-06-28 02:02:07,246 | INFO     | 
2026-06-28 02:02:07,246 | INFO     | ======================================================================
2026-06-28 02:02:07,246 | INFO     | 📊 ИТОГОВЫЙ ОТЧЁТ
2026-06-28 02:02:07,246 | INFO     | ======================================================================
2026-06-28 02:02:07,246 | INFO     |   ✅ OK         | Загрузка и geo-фильтрация
2026-06-28 02:02:07,246 | INFO     |   ✅ OK         | Фильтрация по реальному SNI
2026-06-28 02:02:07,246 | INFO     |   ✅ OK         | Экспериментальный RU-SNI фильтр
2026-06-28 02:02:07,246 | INFO     |   ✅ OK         | Сбор статистики
2026-06-28 02:02:07,246 | INFO     | ──────────────────────────────────────────────────────────────────────
2026-06-28 02:02:07,246 | INFO     | ✅ ВСЕ ЭТАПЫ УСПЕШНЫ (4/4)
2026-06-28 02:02:07,246 | INFO     | ⏰ Время завершения: 2026-06-28 02:02:07
2026-06-28 02:02:07,246 | INFO     | ======================================================================
