2026-05-26 19:52:31,186 | INFO     | ======================================================================
2026-05-26 19:52:31,186 | INFO     | 🔍 VPN KEY CHECKER - Начало проверки
2026-05-26 19:52:31,187 | INFO     | ⏰ Время старта: 2026-05-26 19:52:31
2026-05-26 19:52:31,187 | INFO     | 📂 Рабочая директория: /home/runner/work/vpn-vless-configs-russia/vpn-vless-configs-russia
2026-05-26 19:52:31,187 | INFO     | ======================================================================
2026-05-26 19:52:31,187 | INFO     | 
2026-05-26 19:52:31,187 | INFO     | 🔍 Проверка наличия скриптов...
2026-05-26 19:52:31,187 | INFO     |   ✅ mirror.py
2026-05-26 19:52:31,187 | INFO     |   ✅ filter_ru_sni.py
2026-05-26 19:52:31,187 | INFO     |   ✅ filter_ru_sni_local.py
2026-05-26 19:52:31,187 | INFO     | 
2026-05-26 19:52:31,187 | INFO     | 
2026-05-26 19:52:31,187 | INFO     | ──────────────────────────────────────────────────────────────────────
2026-05-26 19:52:31,187 | INFO     | 📌 ЭТАП: Загрузка и geo-фильтрация
2026-05-26 19:52:31,188 | INFO     | ──────────────────────────────────────────────────────────────────────
2026-05-26 19:52:31,188 | INFO     | 🚀 Запуск mirror.py (Загрузка и фильтрация по РФ/СНГ/Европа)...
2026-05-26 19:52:35,072 | INFO     |   → 🚀 Старт: всего источников (старые + новые): 10
2026-05-26 19:52:35,072 | INFO     |   → 1/10: ✅ 0 взято | 🗑️ 0 мусор
2026-05-26 19:52:35,072 | INFO     |   → 2/10: ✅ 0 взято | 🗑️ 0 мусор
2026-05-26 19:52:35,072 | INFO     |   → 3/10: ✅ 0 взято | 🗑️ 0 мусор
2026-05-26 19:52:35,072 | INFO     |   → 4/10: ✅ 8 взято | 🗑️ 248 мусор
2026-05-26 19:52:35,072 | INFO     |   → 5/10: ✅ 1 взято | 🗑️ 162 мусор
2026-05-26 19:52:35,072 | INFO     |   → 6/10: ✅ 0 взято | 🗑️ 0 мусор
2026-05-26 19:52:35,072 | INFO     |   → 7/10: ✅ 6 взято | 🗑️ 24 мусор
2026-05-26 19:52:35,072 | INFO     |   → 8/10: ✅ 0 взято | 🗑️ 24 мусор
2026-05-26 19:52:35,072 | INFO     |   → 9/10: ✅ 5 взято | 🗑️ 22 мусор
2026-05-26 19:52:35,072 | INFO     |   → 10/10: ✅ 0 взято | 🗑️ 0 мусор
2026-05-26 19:52:35,073 | INFO     |   → ✅ ГОТОВО!
2026-05-26 19:52:35,073 | INFO     |   →    📥 Всего ключей после фильтра: 20
2026-05-26 19:52:35,073 | INFO     |   →    🔗 Уникальных IP:PORT:SCHEME: 20
2026-05-26 19:52:35,073 | INFO     |   →    🗑️ Выброшено мусора: 480
2026-05-26 19:52:35,073 | INFO     |   → 📊 По протоколам:
2026-05-26 19:52:35,073 | INFO     |   →    vless: 12
2026-05-26 19:52:35,073 | INFO     |   →    vmess: 5
2026-05-26 19:52:35,073 | INFO     |   →    trojan: 1
2026-05-26 19:52:35,073 | INFO     |   →    ss: 2
2026-05-26 19:52:35,073 | INFO     | ✅ mirror.py завершён успешно
2026-05-26 19:52:35,073 | INFO     | 
2026-05-26 19:52:35,073 | INFO     | 
2026-05-26 19:52:35,073 | INFO     | ──────────────────────────────────────────────────────────────────────
2026-05-26 19:52:35,073 | INFO     | 📌 ЭТАП: Фильтрация по реальному SNI
2026-05-26 19:52:35,073 | INFO     | ──────────────────────────────────────────────────────────────────────
2026-05-26 19:52:35,073 | INFO     | 🚀 Запуск filter_ru_sni.py (Фильтр по реальному SNI (CDN+RU))...
2026-05-26 19:52:35,100 | INFO     |   → ss.txt: 2 → 0 (SNI-filtered)
2026-05-26 19:52:35,100 | INFO     |   →   trojan.txt: 1 → 0 (SNI-filtered)
2026-05-26 19:52:35,100 | INFO     |   →   vless.txt: 12 → 3 (SNI-filtered)
2026-05-26 19:52:35,100 | INFO     |   →   vmess.txt: 5 → 0 (SNI-filtered)
2026-05-26 19:52:35,100 | INFO     |   → ==================================================
2026-05-26 19:52:35,100 | INFO     |   →   Всего входных:  20
2026-05-26 19:52:35,100 | INFO     |   →   Прошли фильтр:  3
2026-05-26 19:52:35,100 | INFO     |   →   Отброшено:      17
2026-05-26 19:52:35,101 | INFO     |   → ==================================================
2026-05-26 19:52:35,101 | INFO     |   → Готово → /home/runner/work/vpn-vless-configs-russia/vpn-vless-configs-russia/githubmirror/ru-sni
2026-05-26 19:52:35,101 | INFO     | ✅ filter_ru_sni.py завершён успешно
2026-05-26 19:52:35,101 | INFO     | 
2026-05-26 19:52:35,101 | INFO     | 
2026-05-26 19:52:35,101 | INFO     | ──────────────────────────────────────────────────────────────────────
2026-05-26 19:52:35,101 | INFO     | 📌 ЭТАП: Экспериментальный RU-SNI фильтр
2026-05-26 19:52:35,101 | INFO     | ──────────────────────────────────────────────────────────────────────
2026-05-26 19:52:35,101 | INFO     | 🚀 Запуск filter_ru_sni_local.py (Экспериментальный фильтр по RU-SNI (локальные домены))...
2026-05-26 19:52:35,127 | INFO     |   → ss.txt: 2 → 0 (RU-SNI)
2026-05-26 19:52:35,127 | INFO     |   → trojan.txt: 1 → 0 (RU-SNI)
2026-05-26 19:52:35,127 | INFO     |   → vless.txt: 12 → 1 (RU-SNI)
2026-05-26 19:52:35,127 | INFO     |   → vmess.txt: 5 → 0 (RU-SNI)
2026-05-26 19:52:35,127 | INFO     |   → ==================================================
2026-05-26 19:52:35,127 | INFO     |   → Всего входных:  20
2026-05-26 19:52:35,127 | INFO     |   → Прошли RU-SNI:  1
2026-05-26 19:52:35,127 | INFO     |   → Отброшено:      19
2026-05-26 19:52:35,127 | INFO     |   → ==================================================
2026-05-26 19:52:35,127 | INFO     |   → Готово → /home/runner/work/vpn-vless-configs-russia/vpn-vless-configs-russia/githubmirror/ru-sni-local
2026-05-26 19:52:35,127 | INFO     | ✅ filter_ru_sni_local.py завершён успешно
2026-05-26 19:52:35,127 | INFO     | 
2026-05-26 19:52:35,127 | INFO     | 
2026-05-26 19:52:35,127 | INFO     | ──────────────────────────────────────────────────────────────────────
2026-05-26 19:52:35,127 | INFO     | 📌 ЭТАП: Сбор статистики
2026-05-26 19:52:35,127 | INFO     | ──────────────────────────────────────────────────────────────────────
2026-05-26 19:52:35,127 | INFO     | 📊 Сбор статистики...
2026-05-26 19:52:35,127 | INFO     |   📁 githubmirror/clean:
2026-05-26 19:52:35,128 | INFO     |     • ss          :     2 конфигов
2026-05-26 19:52:35,128 | INFO     |     • trojan      :     1 конфигов
2026-05-26 19:52:35,128 | INFO     |     • vless       :    12 конфигов
2026-05-26 19:52:35,128 | INFO     |     • vmess       :     5 конфигов
2026-05-26 19:52:35,128 | INFO     |   📁 githubmirror/ru-sni:
2026-05-26 19:52:35,128 | INFO     |     • ss          :     0 конфигов (  0.0% от clean)
2026-05-26 19:52:35,129 | INFO     |     • trojan      :     0 конфигов (  0.0% от clean)
2026-05-26 19:52:35,129 | INFO     |     • vless       :     3 конфигов ( 25.0% от clean)
2026-05-26 19:52:35,129 | INFO     |     • vmess       :     0 конфигов (  0.0% от clean)
2026-05-26 19:52:35,129 | INFO     | 
2026-05-26 19:52:35,129 | INFO     |   ──────────────────────────────────────────────────
2026-05-26 19:52:35,129 | INFO     |   📈 ИТОГО:
2026-05-26 19:52:35,129 | INFO     |     Clean (после geo-фильтра):       20
2026-05-26 19:52:35,129 | INFO     |     RU-SNI (после SNI-фильтра):       3
2026-05-26 19:52:35,129 | INFO     |     Прошло фильтр:                 15.0%
2026-05-26 19:52:35,129 | INFO     |   ──────────────────────────────────────────────────
2026-05-26 19:52:35,129 | INFO     | ✅ Статистика сохранена: /home/runner/work/vpn-vless-configs-russia/vpn-vless-configs-russia/stats.json
2026-05-26 19:52:35,129 | INFO     | 
2026-05-26 19:52:35,129 | INFO     | ======================================================================
2026-05-26 19:52:35,130 | INFO     | 📊 ИТОГОВЫЙ ОТЧЁТ
2026-05-26 19:52:35,130 | INFO     | ======================================================================
2026-05-26 19:52:35,130 | INFO     |   ✅ OK         | Загрузка и geo-фильтрация
2026-05-26 19:52:35,130 | INFO     |   ✅ OK         | Фильтрация по реальному SNI
2026-05-26 19:52:35,130 | INFO     |   ✅ OK         | Экспериментальный RU-SNI фильтр
2026-05-26 19:52:35,130 | INFO     |   ✅ OK         | Сбор статистики
2026-05-26 19:52:35,130 | INFO     | ──────────────────────────────────────────────────────────────────────
2026-05-26 19:52:35,130 | INFO     | ✅ ВСЕ ЭТАПЫ УСПЕШНЫ (4/4)
2026-05-26 19:52:35,130 | INFO     | ⏰ Время завершения: 2026-05-26 19:52:35
2026-05-26 19:52:35,130 | INFO     | ======================================================================
