2026-05-18 14:49:57,198 | INFO     | ======================================================================
2026-05-18 14:49:57,198 | INFO     | 🔍 VPN KEY CHECKER - Начало проверки
2026-05-18 14:49:57,198 | INFO     | ⏰ Время старта: 2026-05-18 14:49:57
2026-05-18 14:49:57,198 | INFO     | 📂 Рабочая директория: /home/runner/work/vpn-vless-configs-russia/vpn-vless-configs-russia
2026-05-18 14:49:57,198 | INFO     | ======================================================================
2026-05-18 14:49:57,199 | INFO     | 
2026-05-18 14:49:57,199 | INFO     | 🔍 Проверка наличия скриптов...
2026-05-18 14:49:57,199 | INFO     |   ✅ mirror.py
2026-05-18 14:49:57,199 | INFO     |   ✅ filter_ru_sni.py
2026-05-18 14:49:57,199 | INFO     |   ✅ filter_ru_sni_local.py
2026-05-18 14:49:57,199 | INFO     | 
2026-05-18 14:49:57,199 | INFO     | 
2026-05-18 14:49:57,199 | INFO     | ──────────────────────────────────────────────────────────────────────
2026-05-18 14:49:57,199 | INFO     | 📌 ЭТАП: Загрузка и geo-фильтрация
2026-05-18 14:49:57,199 | INFO     | ──────────────────────────────────────────────────────────────────────
2026-05-18 14:49:57,199 | INFO     | 🚀 Запуск mirror.py (Загрузка и фильтрация по РФ/СНГ/Европа)...
2026-05-18 14:50:02,182 | INFO     |   → 🚀 Старт: всего источников (старые + новые): 10
2026-05-18 14:50:02,182 | INFO     |   → 1/10: ✅ 0 взято | 🗑️ 0 мусор
2026-05-18 14:50:02,182 | INFO     |   → 2/10: ✅ 0 взято | 🗑️ 0 мусор
2026-05-18 14:50:02,182 | INFO     |   → 3/10: ✅ 20 взято | 🗑️ 218 мусор
2026-05-18 14:50:02,182 | INFO     |   → 4/10: ✅ 0 взято | 🗑️ 0 мусор
2026-05-18 14:50:02,182 | INFO     |   → 5/10: ✅ 2 взято | 🗑️ 193 мусор
2026-05-18 14:50:02,182 | INFO     |   → 6/10: ✅ 0 взято | 🗑️ 0 мусор
2026-05-18 14:50:02,182 | INFO     |   → 7/10: ✅ 6 взято | 🗑️ 17 мусор
2026-05-18 14:50:02,182 | INFO     |   → 8/10: ✅ 0 взято | 🗑️ 17 мусор
2026-05-18 14:50:02,182 | INFO     |   → 9/10: ✅ 13 взято | 🗑️ 15 мусор
2026-05-18 14:50:02,182 | INFO     |   → 10/10: ✅ 0 взято | 🗑️ 0 мусор
2026-05-18 14:50:02,182 | INFO     |   → ✅ ГОТОВО!
2026-05-18 14:50:02,182 | INFO     |   →    📥 Всего ключей после фильтра: 41
2026-05-18 14:50:02,182 | INFO     |   →    🔗 Уникальных IP:PORT:SCHEME: 37
2026-05-18 14:50:02,182 | INFO     |   →    🗑️ Выброшено мусора: 460
2026-05-18 14:50:02,182 | INFO     |   → 📊 По протоколам:
2026-05-18 14:50:02,183 | INFO     |   →    vless: 24
2026-05-18 14:50:02,183 | INFO     |   →    vmess: 8
2026-05-18 14:50:02,183 | INFO     |   →    trojan: 2
2026-05-18 14:50:02,183 | INFO     |   →    ss: 1
2026-05-18 14:50:02,183 | INFO     |   →    hysteria2: 2
2026-05-18 14:50:02,183 | INFO     | ✅ mirror.py завершён успешно
2026-05-18 14:50:02,183 | INFO     | 
2026-05-18 14:50:02,183 | INFO     | 
2026-05-18 14:50:02,183 | INFO     | ──────────────────────────────────────────────────────────────────────
2026-05-18 14:50:02,183 | INFO     | 📌 ЭТАП: Фильтрация по реальному SNI
2026-05-18 14:50:02,183 | INFO     | ──────────────────────────────────────────────────────────────────────
2026-05-18 14:50:02,183 | INFO     | 🚀 Запуск filter_ru_sni.py (Фильтр по реальному SNI (CDN+RU))...
2026-05-18 14:50:02,211 | INFO     |   → hysteria2.txt: 2 → 0 (SNI-filtered)
2026-05-18 14:50:02,211 | INFO     |   →   ss.txt: 1 → 0 (SNI-filtered)
2026-05-18 14:50:02,211 | INFO     |   →   trojan.txt: 2 → 0 (SNI-filtered)
2026-05-18 14:50:02,211 | INFO     |   →   vless.txt: 24 → 2 (SNI-filtered)
2026-05-18 14:50:02,211 | INFO     |   →   vmess.txt: 8 → 0 (SNI-filtered)
2026-05-18 14:50:02,212 | INFO     |   → ==================================================
2026-05-18 14:50:02,212 | INFO     |   →   Всего входных:  37
2026-05-18 14:50:02,212 | INFO     |   →   Прошли фильтр:  2
2026-05-18 14:50:02,212 | INFO     |   →   Отброшено:      35
2026-05-18 14:50:02,212 | INFO     |   → ==================================================
2026-05-18 14:50:02,212 | INFO     |   → Готово → /home/runner/work/vpn-vless-configs-russia/vpn-vless-configs-russia/githubmirror/ru-sni
2026-05-18 14:50:02,212 | INFO     | ✅ filter_ru_sni.py завершён успешно
2026-05-18 14:50:02,212 | INFO     | 
2026-05-18 14:50:02,212 | INFO     | 
2026-05-18 14:50:02,212 | INFO     | ──────────────────────────────────────────────────────────────────────
2026-05-18 14:50:02,212 | INFO     | 📌 ЭТАП: Экспериментальный RU-SNI фильтр
2026-05-18 14:50:02,212 | INFO     | ──────────────────────────────────────────────────────────────────────
2026-05-18 14:50:02,212 | INFO     | 🚀 Запуск filter_ru_sni_local.py (Экспериментальный фильтр по RU-SNI (локальные домены))...
2026-05-18 14:50:02,239 | INFO     |   → hysteria2.txt: 2 → 0 (RU-SNI)
2026-05-18 14:50:02,239 | INFO     |   → ss.txt: 1 → 0 (RU-SNI)
2026-05-18 14:50:02,239 | INFO     |   → trojan.txt: 2 → 0 (RU-SNI)
2026-05-18 14:50:02,239 | INFO     |   → vless.txt: 24 → 1 (RU-SNI)
2026-05-18 14:50:02,239 | INFO     |   → vmess.txt: 8 → 0 (RU-SNI)
2026-05-18 14:50:02,239 | INFO     |   → ==================================================
2026-05-18 14:50:02,239 | INFO     |   → Всего входных:  37
2026-05-18 14:50:02,239 | INFO     |   → Прошли RU-SNI:  1
2026-05-18 14:50:02,239 | INFO     |   → Отброшено:      36
2026-05-18 14:50:02,239 | INFO     |   → ==================================================
2026-05-18 14:50:02,240 | INFO     |   → Готово → /home/runner/work/vpn-vless-configs-russia/vpn-vless-configs-russia/githubmirror/ru-sni-local
2026-05-18 14:50:02,240 | INFO     | ✅ filter_ru_sni_local.py завершён успешно
2026-05-18 14:50:02,240 | INFO     | 
2026-05-18 14:50:02,240 | INFO     | 
2026-05-18 14:50:02,240 | INFO     | ──────────────────────────────────────────────────────────────────────
2026-05-18 14:50:02,240 | INFO     | 📌 ЭТАП: Сбор статистики
2026-05-18 14:50:02,240 | INFO     | ──────────────────────────────────────────────────────────────────────
2026-05-18 14:50:02,240 | INFO     | 📊 Сбор статистики...
2026-05-18 14:50:02,240 | INFO     |   📁 githubmirror/clean:
2026-05-18 14:50:02,240 | INFO     |     • hysteria2   :     2 конфигов
2026-05-18 14:50:02,240 | INFO     |     • ss          :     1 конфигов
2026-05-18 14:50:02,240 | INFO     |     • trojan      :     2 конфигов
2026-05-18 14:50:02,241 | INFO     |     • vless       :    24 конфигов
2026-05-18 14:50:02,241 | INFO     |     • vmess       :     8 конфигов
2026-05-18 14:50:02,241 | INFO     |   📁 githubmirror/ru-sni:
2026-05-18 14:50:02,241 | INFO     |     • hysteria2   :     0 конфигов (  0.0% от clean)
2026-05-18 14:50:02,241 | INFO     |     • ss          :     0 конфигов (  0.0% от clean)
2026-05-18 14:50:02,241 | INFO     |     • trojan      :     0 конфигов (  0.0% от clean)
2026-05-18 14:50:02,241 | INFO     |     • vless       :     2 конфигов (  8.3% от clean)
2026-05-18 14:50:02,242 | INFO     |     • vmess       :     0 конфигов (  0.0% от clean)
2026-05-18 14:50:02,242 | INFO     | 
2026-05-18 14:50:02,242 | INFO     |   ──────────────────────────────────────────────────
2026-05-18 14:50:02,242 | INFO     |   📈 ИТОГО:
2026-05-18 14:50:02,242 | INFO     |     Clean (после geo-фильтра):       37
2026-05-18 14:50:02,242 | INFO     |     RU-SNI (после SNI-фильтра):       2
2026-05-18 14:50:02,242 | INFO     |     Прошло фильтр:                  5.4%
2026-05-18 14:50:02,242 | INFO     |   ──────────────────────────────────────────────────
2026-05-18 14:50:02,242 | INFO     | ✅ Статистика сохранена: /home/runner/work/vpn-vless-configs-russia/vpn-vless-configs-russia/stats.json
2026-05-18 14:50:02,242 | INFO     | 
2026-05-18 14:50:02,242 | INFO     | ======================================================================
2026-05-18 14:50:02,242 | INFO     | 📊 ИТОГОВЫЙ ОТЧЁТ
2026-05-18 14:50:02,243 | INFO     | ======================================================================
2026-05-18 14:50:02,243 | INFO     |   ✅ OK         | Загрузка и geo-фильтрация
2026-05-18 14:50:02,243 | INFO     |   ✅ OK         | Фильтрация по реальному SNI
2026-05-18 14:50:02,243 | INFO     |   ✅ OK         | Экспериментальный RU-SNI фильтр
2026-05-18 14:50:02,243 | INFO     |   ✅ OK         | Сбор статистики
2026-05-18 14:50:02,243 | INFO     | ──────────────────────────────────────────────────────────────────────
2026-05-18 14:50:02,243 | INFO     | ✅ ВСЕ ЭТАПЫ УСПЕШНЫ (4/4)
2026-05-18 14:50:02,243 | INFO     | ⏰ Время завершения: 2026-05-18 14:50:02
2026-05-18 14:50:02,243 | INFO     | ======================================================================
