2026-05-25 01:59:44,011 | INFO     | ======================================================================
2026-05-25 01:59:44,011 | INFO     | 🔍 VPN KEY CHECKER - Начало проверки
2026-05-25 01:59:44,011 | INFO     | ⏰ Время старта: 2026-05-25 01:59:44
2026-05-25 01:59:44,011 | INFO     | 📂 Рабочая директория: /home/runner/work/vpn-vless-configs-russia/vpn-vless-configs-russia
2026-05-25 01:59:44,011 | INFO     | ======================================================================
2026-05-25 01:59:44,012 | INFO     | 
2026-05-25 01:59:44,012 | INFO     | 🔍 Проверка наличия скриптов...
2026-05-25 01:59:44,012 | INFO     |   ✅ mirror.py
2026-05-25 01:59:44,012 | INFO     |   ✅ filter_ru_sni.py
2026-05-25 01:59:44,012 | INFO     |   ✅ filter_ru_sni_local.py
2026-05-25 01:59:44,012 | INFO     | 
2026-05-25 01:59:44,012 | INFO     | 
2026-05-25 01:59:44,012 | INFO     | ──────────────────────────────────────────────────────────────────────
2026-05-25 01:59:44,012 | INFO     | 📌 ЭТАП: Загрузка и geo-фильтрация
2026-05-25 01:59:44,012 | INFO     | ──────────────────────────────────────────────────────────────────────
2026-05-25 01:59:44,012 | INFO     | 🚀 Запуск mirror.py (Загрузка и фильтрация по РФ/СНГ/Европа)...
2026-05-25 01:59:48,113 | INFO     |   → 🚀 Старт: всего источников (старые + новые): 12
2026-05-25 01:59:48,113 | INFO     |   → 1/12: ✅ 0 взято | 🗑️ 0 мусор
2026-05-25 01:59:48,113 | INFO     |   → 2/12: ✅ 0 взято | 🗑️ 0 мусор
2026-05-25 01:59:48,113 | INFO     |   → 3/12: ✅ 0 взято | 🗑️ 0 мусор
2026-05-25 01:59:48,113 | INFO     |   → 4/12: ✅ 12 взято | 🗑️ 300 мусор
2026-05-25 01:59:48,113 | INFO     |   → 5/12: ✅ 4 взято | 🗑️ 196 мусор
2026-05-25 01:59:48,113 | INFO     |   → 6/12: ✅ 0 взято | 🗑️ 0 мусор
2026-05-25 01:59:48,113 | INFO     |   → 7/12: ✅ 6 взято | 🗑️ 24 мусор
2026-05-25 01:59:48,113 | INFO     |   → 8/12: ✅ 0 взято | 🗑️ 24 мусор
2026-05-25 01:59:48,113 | INFO     |   → 9/12: ✅ 0 взято | 🗑️ 0 мусор
2026-05-25 01:59:48,113 | INFO     |   → 10/12: ✅ 3 взято | 🗑️ 322 мусор
2026-05-25 01:59:48,113 | INFO     |   → 11/12: ✅ 8 взято | 🗑️ 12 мусор
2026-05-25 01:59:48,113 | INFO     |   → 12/12: ✅ 0 взято | 🗑️ 0 мусор
2026-05-25 01:59:48,113 | INFO     |   → ✅ ГОТОВО!
2026-05-25 01:59:48,114 | INFO     |   →    📥 Всего ключей после фильтра: 33
2026-05-25 01:59:48,114 | INFO     |   →    🔗 Уникальных IP:PORT:SCHEME: 32
2026-05-25 01:59:48,114 | INFO     |   →    🗑️ Выброшено мусора: 878
2026-05-25 01:59:48,114 | INFO     |   → 📊 По протоколам:
2026-05-25 01:59:48,114 | INFO     |   →    vless: 15
2026-05-25 01:59:48,114 | INFO     |   →    vmess: 10
2026-05-25 01:59:48,114 | INFO     |   →    trojan: 2
2026-05-25 01:59:48,114 | INFO     |   →    ss: 4
2026-05-25 01:59:48,114 | INFO     |   →    hysteria2: 1
2026-05-25 01:59:48,114 | INFO     | ✅ mirror.py завершён успешно
2026-05-25 01:59:48,114 | INFO     | 
2026-05-25 01:59:48,114 | INFO     | 
2026-05-25 01:59:48,114 | INFO     | ──────────────────────────────────────────────────────────────────────
2026-05-25 01:59:48,114 | INFO     | 📌 ЭТАП: Фильтрация по реальному SNI
2026-05-25 01:59:48,114 | INFO     | ──────────────────────────────────────────────────────────────────────
2026-05-25 01:59:48,114 | INFO     | 🚀 Запуск filter_ru_sni.py (Фильтр по реальному SNI (CDN+RU))...
2026-05-25 01:59:48,141 | INFO     |   → hysteria2.txt: 1 → 1 (SNI-filtered)
2026-05-25 01:59:48,141 | INFO     |   →   ss.txt: 4 → 0 (SNI-filtered)
2026-05-25 01:59:48,141 | INFO     |   →   trojan.txt: 2 → 0 (SNI-filtered)
2026-05-25 01:59:48,142 | INFO     |   →   vless.txt: 15 → 4 (SNI-filtered)
2026-05-25 01:59:48,142 | INFO     |   →   vmess.txt: 10 → 0 (SNI-filtered)
2026-05-25 01:59:48,142 | INFO     |   → ==================================================
2026-05-25 01:59:48,142 | INFO     |   →   Всего входных:  32
2026-05-25 01:59:48,142 | INFO     |   →   Прошли фильтр:  5
2026-05-25 01:59:48,142 | INFO     |   →   Отброшено:      27
2026-05-25 01:59:48,142 | INFO     |   → ==================================================
2026-05-25 01:59:48,142 | INFO     |   → Готово → /home/runner/work/vpn-vless-configs-russia/vpn-vless-configs-russia/githubmirror/ru-sni
2026-05-25 01:59:48,142 | INFO     | ✅ filter_ru_sni.py завершён успешно
2026-05-25 01:59:48,142 | INFO     | 
2026-05-25 01:59:48,142 | INFO     | 
2026-05-25 01:59:48,142 | INFO     | ──────────────────────────────────────────────────────────────────────
2026-05-25 01:59:48,142 | INFO     | 📌 ЭТАП: Экспериментальный RU-SNI фильтр
2026-05-25 01:59:48,142 | INFO     | ──────────────────────────────────────────────────────────────────────
2026-05-25 01:59:48,142 | INFO     | 🚀 Запуск filter_ru_sni_local.py (Экспериментальный фильтр по RU-SNI (локальные домены))...
2026-05-25 01:59:48,168 | INFO     |   → hysteria2.txt: 1 → 0 (RU-SNI)
2026-05-25 01:59:48,168 | INFO     |   → ss.txt: 4 → 0 (RU-SNI)
2026-05-25 01:59:48,168 | INFO     |   → trojan.txt: 2 → 0 (RU-SNI)
2026-05-25 01:59:48,168 | INFO     |   → vless.txt: 15 → 1 (RU-SNI)
2026-05-25 01:59:48,168 | INFO     |   → vmess.txt: 10 → 0 (RU-SNI)
2026-05-25 01:59:48,168 | INFO     |   → ==================================================
2026-05-25 01:59:48,169 | INFO     |   → Всего входных:  32
2026-05-25 01:59:48,169 | INFO     |   → Прошли RU-SNI:  1
2026-05-25 01:59:48,169 | INFO     |   → Отброшено:      31
2026-05-25 01:59:48,169 | INFO     |   → ==================================================
2026-05-25 01:59:48,169 | INFO     |   → Готово → /home/runner/work/vpn-vless-configs-russia/vpn-vless-configs-russia/githubmirror/ru-sni-local
2026-05-25 01:59:48,169 | INFO     | ✅ filter_ru_sni_local.py завершён успешно
2026-05-25 01:59:48,169 | INFO     | 
2026-05-25 01:59:48,169 | INFO     | 
2026-05-25 01:59:48,169 | INFO     | ──────────────────────────────────────────────────────────────────────
2026-05-25 01:59:48,169 | INFO     | 📌 ЭТАП: Сбор статистики
2026-05-25 01:59:48,169 | INFO     | ──────────────────────────────────────────────────────────────────────
2026-05-25 01:59:48,169 | INFO     | 📊 Сбор статистики...
2026-05-25 01:59:48,169 | INFO     |   📁 githubmirror/clean:
2026-05-25 01:59:48,170 | INFO     |     • hysteria2   :     1 конфигов
2026-05-25 01:59:48,170 | INFO     |     • ss          :     4 конфигов
2026-05-25 01:59:48,170 | INFO     |     • trojan      :     2 конфигов
2026-05-25 01:59:48,170 | INFO     |     • vless       :    15 конфигов
2026-05-25 01:59:48,170 | INFO     |     • vmess       :    10 конфигов
2026-05-25 01:59:48,170 | INFO     |   📁 githubmirror/ru-sni:
2026-05-25 01:59:48,170 | INFO     |     • hysteria2   :     1 конфигов (100.0% от clean)
2026-05-25 01:59:48,170 | INFO     |     • ss          :     0 конфигов (  0.0% от clean)
2026-05-25 01:59:48,171 | INFO     |     • trojan      :     0 конфигов (  0.0% от clean)
2026-05-25 01:59:48,171 | INFO     |     • vless       :     4 конфигов ( 26.7% от clean)
2026-05-25 01:59:48,171 | INFO     |     • vmess       :     0 конфигов (  0.0% от clean)
2026-05-25 01:59:48,171 | INFO     | 
2026-05-25 01:59:48,171 | INFO     |   ──────────────────────────────────────────────────
2026-05-25 01:59:48,171 | INFO     |   📈 ИТОГО:
2026-05-25 01:59:48,171 | INFO     |     Clean (после geo-фильтра):       32
2026-05-25 01:59:48,171 | INFO     |     RU-SNI (после SNI-фильтра):       5
2026-05-25 01:59:48,171 | INFO     |     Прошло фильтр:                 15.6%
2026-05-25 01:59:48,171 | INFO     |   ──────────────────────────────────────────────────
2026-05-25 01:59:48,171 | INFO     | ✅ Статистика сохранена: /home/runner/work/vpn-vless-configs-russia/vpn-vless-configs-russia/stats.json
2026-05-25 01:59:48,171 | INFO     | 
2026-05-25 01:59:48,172 | INFO     | ======================================================================
2026-05-25 01:59:48,172 | INFO     | 📊 ИТОГОВЫЙ ОТЧЁТ
2026-05-25 01:59:48,172 | INFO     | ======================================================================
2026-05-25 01:59:48,172 | INFO     |   ✅ OK         | Загрузка и geo-фильтрация
2026-05-25 01:59:48,172 | INFO     |   ✅ OK         | Фильтрация по реальному SNI
2026-05-25 01:59:48,172 | INFO     |   ✅ OK         | Экспериментальный RU-SNI фильтр
2026-05-25 01:59:48,172 | INFO     |   ✅ OK         | Сбор статистики
2026-05-25 01:59:48,172 | INFO     | ──────────────────────────────────────────────────────────────────────
2026-05-25 01:59:48,172 | INFO     | ✅ ВСЕ ЭТАПЫ УСПЕШНЫ (4/4)
2026-05-25 01:59:48,172 | INFO     | ⏰ Время завершения: 2026-05-25 01:59:48
2026-05-25 01:59:48,172 | INFO     | ======================================================================
