2026-06-29 10:16:12,880 | INFO     | ======================================================================
2026-06-29 10:16:12,880 | INFO     | 🔍 VPN KEY CHECKER - Начало проверки
2026-06-29 10:16:12,880 | INFO     | ⏰ Время старта: 2026-06-29 10:16:12
2026-06-29 10:16:12,880 | INFO     | 📂 Рабочая директория: /home/runner/work/vpn-vless-configs-russia/vpn-vless-configs-russia
2026-06-29 10:16:12,880 | INFO     | ======================================================================
2026-06-29 10:16:12,880 | INFO     | 
2026-06-29 10:16:12,880 | INFO     | 🔍 Проверка наличия скриптов...
2026-06-29 10:16:12,880 | INFO     |   ✅ mirror.py
2026-06-29 10:16:12,880 | INFO     |   ✅ filter_ru_sni.py
2026-06-29 10:16:12,881 | INFO     |   ✅ filter_ru_sni_local.py
2026-06-29 10:16:12,881 | INFO     | 
2026-06-29 10:16:12,881 | INFO     | 
2026-06-29 10:16:12,881 | INFO     | ──────────────────────────────────────────────────────────────────────
2026-06-29 10:16:12,881 | INFO     | 📌 ЭТАП: Загрузка и geo-фильтрация
2026-06-29 10:16:12,881 | INFO     | ──────────────────────────────────────────────────────────────────────
2026-06-29 10:16:12,881 | INFO     | 🚀 Запуск mirror.py (Загрузка и фильтрация по РФ/СНГ/Европа)...
2026-06-29 10:16:16,225 | INFO     |   → 🚀 Старт: всего источников (старые + новые): 8
2026-06-29 10:16:16,226 | INFO     |   → 1/8: ✅ 0 взято | 🗑️ 0 мусор
2026-06-29 10:16:16,226 | INFO     |   → 2/8: ✅ 0 взято | 🗑️ 0 мусор
2026-06-29 10:16:16,226 | INFO     |   → 3/8: ✅ 8 взято | 🗑️ 161 мусор
2026-06-29 10:16:16,226 | INFO     |   → 4/8: ✅ 0 взято | 🗑️ 0 мусор
2026-06-29 10:16:16,226 | INFO     |   → 5/8: ✅ 4 взято | 🗑️ 191 мусор
2026-06-29 10:16:16,226 | INFO     |   → 6/8: ✅ 0 взято | 🗑️ 0 мусор
2026-06-29 10:16:16,226 | INFO     |   → 7/8: ✅ 13 взято | 🗑️ 10 мусор
2026-06-29 10:16:16,226 | INFO     |   → 8/8: ✅ 0 взято | 🗑️ 10 мусор
2026-06-29 10:16:16,226 | INFO     |   → ✅ ГОТОВО!
2026-06-29 10:16:16,226 | INFO     |   →    📥 Всего ключей после фильтра: 25
2026-06-29 10:16:16,226 | INFO     |   →    🔗 Уникальных IP:PORT:SCHEME: 21
2026-06-29 10:16:16,226 | INFO     |   →    🗑️ Выброшено мусора: 372
2026-06-29 10:16:16,226 | INFO     |   → 📊 По протоколам:
2026-06-29 10:16:16,226 | INFO     |   →    vless: 19
2026-06-29 10:16:16,226 | INFO     |   →    trojan: 2
2026-06-29 10:16:16,226 | INFO     | ✅ mirror.py завершён успешно
2026-06-29 10:16:16,227 | INFO     | 
2026-06-29 10:16:16,227 | INFO     | 
2026-06-29 10:16:16,227 | INFO     | ──────────────────────────────────────────────────────────────────────
2026-06-29 10:16:16,227 | INFO     | 📌 ЭТАП: Фильтрация по реальному SNI
2026-06-29 10:16:16,227 | INFO     | ──────────────────────────────────────────────────────────────────────
2026-06-29 10:16:16,227 | INFO     | 🚀 Запуск filter_ru_sni.py (Фильтр по реальному SNI (CDN+RU))...
2026-06-29 10:16:16,256 | INFO     |   → trojan.txt: 2 → 0 (SNI-filtered)
2026-06-29 10:16:16,257 | INFO     |   →   vless.txt: 19 → 1 (SNI-filtered)
2026-06-29 10:16:16,257 | INFO     |   → ==================================================
2026-06-29 10:16:16,257 | INFO     |   →   Всего входных:  21
2026-06-29 10:16:16,257 | INFO     |   →   Прошли фильтр:  1
2026-06-29 10:16:16,257 | INFO     |   →   Отброшено:      20
2026-06-29 10:16:16,257 | INFO     |   → ==================================================
2026-06-29 10:16:16,257 | INFO     |   → Готово → /home/runner/work/vpn-vless-configs-russia/vpn-vless-configs-russia/githubmirror/ru-sni
2026-06-29 10:16:16,257 | INFO     | ✅ filter_ru_sni.py завершён успешно
2026-06-29 10:16:16,257 | INFO     | 
2026-06-29 10:16:16,257 | INFO     | 
2026-06-29 10:16:16,257 | INFO     | ──────────────────────────────────────────────────────────────────────
2026-06-29 10:16:16,257 | INFO     | 📌 ЭТАП: Экспериментальный RU-SNI фильтр
2026-06-29 10:16:16,257 | INFO     | ──────────────────────────────────────────────────────────────────────
2026-06-29 10:16:16,257 | INFO     | 🚀 Запуск filter_ru_sni_local.py (Экспериментальный фильтр по RU-SNI (локальные домены))...
2026-06-29 10:16:16,283 | INFO     |   → trojan.txt: 2 → 0 (RU-SNI)
2026-06-29 10:16:16,283 | INFO     |   → vless.txt: 19 → 0 (RU-SNI)
2026-06-29 10:16:16,283 | INFO     |   → ==================================================
2026-06-29 10:16:16,283 | INFO     |   → Всего входных:  21
2026-06-29 10:16:16,283 | INFO     |   → Прошли RU-SNI:  0
2026-06-29 10:16:16,283 | INFO     |   → Отброшено:      21
2026-06-29 10:16:16,283 | INFO     |   → ==================================================
2026-06-29 10:16:16,283 | INFO     |   → Готово → /home/runner/work/vpn-vless-configs-russia/vpn-vless-configs-russia/githubmirror/ru-sni-local
2026-06-29 10:16:16,283 | INFO     | ✅ filter_ru_sni_local.py завершён успешно
2026-06-29 10:16:16,283 | INFO     | 
2026-06-29 10:16:16,283 | INFO     | 
2026-06-29 10:16:16,283 | INFO     | ──────────────────────────────────────────────────────────────────────
2026-06-29 10:16:16,283 | INFO     | 📌 ЭТАП: Сбор статистики
2026-06-29 10:16:16,284 | INFO     | ──────────────────────────────────────────────────────────────────────
2026-06-29 10:16:16,284 | INFO     | 📊 Сбор статистики...
2026-06-29 10:16:16,284 | INFO     |   📁 githubmirror/clean:
2026-06-29 10:16:16,284 | INFO     |     • trojan      :     2 конфигов
2026-06-29 10:16:16,284 | INFO     |     • vless       :    19 конфигов
2026-06-29 10:16:16,284 | INFO     |   📁 githubmirror/ru-sni:
2026-06-29 10:16:16,284 | INFO     |     • trojan      :     0 конфигов (  0.0% от clean)
2026-06-29 10:16:16,284 | INFO     |     • vless       :     1 конфигов (  5.3% от clean)
2026-06-29 10:16:16,284 | INFO     | 
2026-06-29 10:16:16,285 | INFO     |   ──────────────────────────────────────────────────
2026-06-29 10:16:16,285 | INFO     |   📈 ИТОГО:
2026-06-29 10:16:16,285 | INFO     |     Clean (после geo-фильтра):       21
2026-06-29 10:16:16,285 | INFO     |     RU-SNI (после SNI-фильтра):       1
2026-06-29 10:16:16,285 | INFO     |     Прошло фильтр:                  4.8%
2026-06-29 10:16:16,285 | INFO     |   ──────────────────────────────────────────────────
2026-06-29 10:16:16,285 | INFO     | ✅ Статистика сохранена: /home/runner/work/vpn-vless-configs-russia/vpn-vless-configs-russia/stats.json
2026-06-29 10:16:16,285 | INFO     | 
2026-06-29 10:16:16,285 | INFO     | ======================================================================
2026-06-29 10:16:16,285 | INFO     | 📊 ИТОГОВЫЙ ОТЧЁТ
2026-06-29 10:16:16,285 | INFO     | ======================================================================
2026-06-29 10:16:16,285 | INFO     |   ✅ OK         | Загрузка и geo-фильтрация
2026-06-29 10:16:16,285 | INFO     |   ✅ OK         | Фильтрация по реальному SNI
2026-06-29 10:16:16,285 | INFO     |   ✅ OK         | Экспериментальный RU-SNI фильтр
2026-06-29 10:16:16,285 | INFO     |   ✅ OK         | Сбор статистики
2026-06-29 10:16:16,285 | INFO     | ──────────────────────────────────────────────────────────────────────
2026-06-29 10:16:16,285 | INFO     | ✅ ВСЕ ЭТАПЫ УСПЕШНЫ (4/4)
2026-06-29 10:16:16,286 | INFO     | ⏰ Время завершения: 2026-06-29 10:16:16
2026-06-29 10:16:16,286 | INFO     | ======================================================================
