2026-05-20 01:55:23,721 | INFO     | ======================================================================
2026-05-20 01:55:23,721 | INFO     | 🔍 VPN KEY CHECKER - Начало проверки
2026-05-20 01:55:23,721 | INFO     | ⏰ Время старта: 2026-05-20 01:55:23
2026-05-20 01:55:23,722 | INFO     | 📂 Рабочая директория: /home/runner/work/vpn-vless-configs-russia/vpn-vless-configs-russia
2026-05-20 01:55:23,722 | INFO     | ======================================================================
2026-05-20 01:55:23,722 | INFO     | 
2026-05-20 01:55:23,722 | INFO     | 🔍 Проверка наличия скриптов...
2026-05-20 01:55:23,722 | INFO     |   ✅ mirror.py
2026-05-20 01:55:23,722 | INFO     |   ✅ filter_ru_sni.py
2026-05-20 01:55:23,722 | INFO     |   ✅ filter_ru_sni_local.py
2026-05-20 01:55:23,722 | INFO     | 
2026-05-20 01:55:23,722 | INFO     | 
2026-05-20 01:55:23,722 | INFO     | ──────────────────────────────────────────────────────────────────────
2026-05-20 01:55:23,722 | INFO     | 📌 ЭТАП: Загрузка и geo-фильтрация
2026-05-20 01:55:23,722 | INFO     | ──────────────────────────────────────────────────────────────────────
2026-05-20 01:55:23,722 | INFO     | 🚀 Запуск mirror.py (Загрузка и фильтрация по РФ/СНГ/Европа)...
2026-05-20 01:55:27,652 | INFO     |   → 🚀 Старт: всего источников (старые + новые): 10
2026-05-20 01:55:27,652 | INFO     |   → 1/10: ✅ 0 взято | 🗑️ 0 мусор
2026-05-20 01:55:27,652 | INFO     |   → 2/10: ✅ 0 взято | 🗑️ 0 мусор
2026-05-20 01:55:27,652 | INFO     |   → 3/10: ✅ 13 взято | 🗑️ 193 мусор
2026-05-20 01:55:27,652 | INFO     |   → 4/10: ✅ 0 взято | 🗑️ 0 мусор
2026-05-20 01:55:27,652 | INFO     |   → 5/10: ✅ 3 взято | 🗑️ 161 мусор
2026-05-20 01:55:27,652 | INFO     |   → 6/10: ✅ 0 взято | 🗑️ 0 мусор
2026-05-20 01:55:27,652 | INFO     |   → 7/10: ✅ 6 взято | 🗑️ 17 мусор
2026-05-20 01:55:27,652 | INFO     |   → 8/10: ✅ 0 взято | 🗑️ 17 мусор
2026-05-20 01:55:27,652 | INFO     |   → 9/10: ✅ 6 взято | 🗑️ 15 мусор
2026-05-20 01:55:27,652 | INFO     |   → 10/10: ✅ 0 взято | 🗑️ 0 мусор
2026-05-20 01:55:27,652 | INFO     |   → ✅ ГОТОВО!
2026-05-20 01:55:27,652 | INFO     |   →    📥 Всего ключей после фильтра: 28
2026-05-20 01:55:27,652 | INFO     |   →    🔗 Уникальных IP:PORT:SCHEME: 26
2026-05-20 01:55:27,653 | INFO     |   →    🗑️ Выброшено мусора: 403
2026-05-20 01:55:27,653 | INFO     |   → 📊 По протоколам:
2026-05-20 01:55:27,653 | INFO     |   →    vless: 14
2026-05-20 01:55:27,653 | INFO     |   →    vmess: 9
2026-05-20 01:55:27,653 | INFO     |   →    ss: 1
2026-05-20 01:55:27,653 | INFO     |   →    hysteria2: 2
2026-05-20 01:55:27,653 | INFO     | ✅ mirror.py завершён успешно
2026-05-20 01:55:27,653 | INFO     | 
2026-05-20 01:55:27,653 | INFO     | 
2026-05-20 01:55:27,653 | INFO     | ──────────────────────────────────────────────────────────────────────
2026-05-20 01:55:27,653 | INFO     | 📌 ЭТАП: Фильтрация по реальному SNI
2026-05-20 01:55:27,653 | INFO     | ──────────────────────────────────────────────────────────────────────
2026-05-20 01:55:27,653 | INFO     | 🚀 Запуск filter_ru_sni.py (Фильтр по реальному SNI (CDN+RU))...
2026-05-20 01:55:27,681 | INFO     |   → hysteria2.txt: 2 → 1 (SNI-filtered)
2026-05-20 01:55:27,681 | INFO     |   →   ss.txt: 1 → 0 (SNI-filtered)
2026-05-20 01:55:27,681 | INFO     |   →   vless.txt: 14 → 3 (SNI-filtered)
2026-05-20 01:55:27,681 | INFO     |   →   vmess.txt: 9 → 0 (SNI-filtered)
2026-05-20 01:55:27,681 | INFO     |   → ==================================================
2026-05-20 01:55:27,682 | INFO     |   →   Всего входных:  26
2026-05-20 01:55:27,682 | INFO     |   →   Прошли фильтр:  4
2026-05-20 01:55:27,682 | INFO     |   →   Отброшено:      22
2026-05-20 01:55:27,682 | INFO     |   → ==================================================
2026-05-20 01:55:27,682 | INFO     |   → Готово → /home/runner/work/vpn-vless-configs-russia/vpn-vless-configs-russia/githubmirror/ru-sni
2026-05-20 01:55:27,682 | INFO     | ✅ filter_ru_sni.py завершён успешно
2026-05-20 01:55:27,682 | INFO     | 
2026-05-20 01:55:27,682 | INFO     | 
2026-05-20 01:55:27,682 | INFO     | ──────────────────────────────────────────────────────────────────────
2026-05-20 01:55:27,682 | INFO     | 📌 ЭТАП: Экспериментальный RU-SNI фильтр
2026-05-20 01:55:27,682 | INFO     | ──────────────────────────────────────────────────────────────────────
2026-05-20 01:55:27,682 | INFO     | 🚀 Запуск filter_ru_sni_local.py (Экспериментальный фильтр по RU-SNI (локальные домены))...
2026-05-20 01:55:27,711 | INFO     |   → hysteria2.txt: 2 → 0 (RU-SNI)
2026-05-20 01:55:27,711 | INFO     |   → ss.txt: 1 → 0 (RU-SNI)
2026-05-20 01:55:27,711 | INFO     |   → vless.txt: 14 → 2 (RU-SNI)
2026-05-20 01:55:27,711 | INFO     |   → vmess.txt: 9 → 0 (RU-SNI)
2026-05-20 01:55:27,711 | INFO     |   → ==================================================
2026-05-20 01:55:27,711 | INFO     |   → Всего входных:  26
2026-05-20 01:55:27,711 | INFO     |   → Прошли RU-SNI:  2
2026-05-20 01:55:27,711 | INFO     |   → Отброшено:      24
2026-05-20 01:55:27,711 | INFO     |   → ==================================================
2026-05-20 01:55:27,711 | INFO     |   → Готово → /home/runner/work/vpn-vless-configs-russia/vpn-vless-configs-russia/githubmirror/ru-sni-local
2026-05-20 01:55:27,711 | INFO     | ✅ filter_ru_sni_local.py завершён успешно
2026-05-20 01:55:27,711 | INFO     | 
2026-05-20 01:55:27,711 | INFO     | 
2026-05-20 01:55:27,711 | INFO     | ──────────────────────────────────────────────────────────────────────
2026-05-20 01:55:27,711 | INFO     | 📌 ЭТАП: Сбор статистики
2026-05-20 01:55:27,711 | INFO     | ──────────────────────────────────────────────────────────────────────
2026-05-20 01:55:27,711 | INFO     | 📊 Сбор статистики...
2026-05-20 01:55:27,711 | INFO     |   📁 githubmirror/clean:
2026-05-20 01:55:27,712 | INFO     |     • hysteria2   :     2 конфигов
2026-05-20 01:55:27,712 | INFO     |     • ss          :     1 конфигов
2026-05-20 01:55:27,712 | INFO     |     • vless       :    14 конфигов
2026-05-20 01:55:27,712 | INFO     |     • vmess       :     9 конфигов
2026-05-20 01:55:27,712 | INFO     |   📁 githubmirror/ru-sni:
2026-05-20 01:55:27,712 | INFO     |     • hysteria2   :     1 конфигов ( 50.0% от clean)
2026-05-20 01:55:27,712 | INFO     |     • ss          :     0 конфигов (  0.0% от clean)
2026-05-20 01:55:27,712 | INFO     |     • vless       :     3 конфигов ( 21.4% от clean)
2026-05-20 01:55:27,713 | INFO     |     • vmess       :     0 конфигов (  0.0% от clean)
2026-05-20 01:55:27,713 | INFO     | 
2026-05-20 01:55:27,713 | INFO     |   ──────────────────────────────────────────────────
2026-05-20 01:55:27,713 | INFO     |   📈 ИТОГО:
2026-05-20 01:55:27,713 | INFO     |     Clean (после geo-фильтра):       26
2026-05-20 01:55:27,713 | INFO     |     RU-SNI (после SNI-фильтра):       4
2026-05-20 01:55:27,713 | INFO     |     Прошло фильтр:                 15.4%
2026-05-20 01:55:27,713 | INFO     |   ──────────────────────────────────────────────────
2026-05-20 01:55:27,713 | INFO     | ✅ Статистика сохранена: /home/runner/work/vpn-vless-configs-russia/vpn-vless-configs-russia/stats.json
2026-05-20 01:55:27,713 | INFO     | 
2026-05-20 01:55:27,713 | INFO     | ======================================================================
2026-05-20 01:55:27,713 | INFO     | 📊 ИТОГОВЫЙ ОТЧЁТ
2026-05-20 01:55:27,713 | INFO     | ======================================================================
2026-05-20 01:55:27,713 | INFO     |   ✅ OK         | Загрузка и geo-фильтрация
2026-05-20 01:55:27,713 | INFO     |   ✅ OK         | Фильтрация по реальному SNI
2026-05-20 01:55:27,713 | INFO     |   ✅ OK         | Экспериментальный RU-SNI фильтр
2026-05-20 01:55:27,713 | INFO     |   ✅ OK         | Сбор статистики
2026-05-20 01:55:27,714 | INFO     | ──────────────────────────────────────────────────────────────────────
2026-05-20 01:55:27,714 | INFO     | ✅ ВСЕ ЭТАПЫ УСПЕШНЫ (4/4)
2026-05-20 01:55:27,714 | INFO     | ⏰ Время завершения: 2026-05-20 01:55:27
2026-05-20 01:55:27,714 | INFO     | ======================================================================
