2026-05-08 07:13:51,079 | INFO     | ======================================================================
2026-05-08 07:13:51,079 | INFO     | 🔍 VPN KEY CHECKER - Начало проверки
2026-05-08 07:13:51,079 | INFO     | ⏰ Время старта: 2026-05-08 07:13:51
2026-05-08 07:13:51,079 | INFO     | 📂 Рабочая директория: /home/runner/work/vpn-vless-configs-russia/vpn-vless-configs-russia
2026-05-08 07:13:51,079 | INFO     | ======================================================================
2026-05-08 07:13:51,079 | INFO     | 
2026-05-08 07:13:51,079 | INFO     | 🔍 Проверка наличия скриптов...
2026-05-08 07:13:51,079 | INFO     |   ✅ mirror.py
2026-05-08 07:13:51,079 | INFO     |   ✅ filter_ru_sni.py
2026-05-08 07:13:51,079 | INFO     |   ✅ filter_ru_sni_local.py
2026-05-08 07:13:51,079 | INFO     | 
2026-05-08 07:13:51,079 | INFO     | 
2026-05-08 07:13:51,079 | INFO     | ──────────────────────────────────────────────────────────────────────
2026-05-08 07:13:51,080 | INFO     | 📌 ЭТАП: Загрузка и geo-фильтрация
2026-05-08 07:13:51,080 | INFO     | ──────────────────────────────────────────────────────────────────────
2026-05-08 07:13:51,080 | INFO     | 🚀 Запуск mirror.py (Загрузка и фильтрация по РФ/СНГ/Европа)...
2026-05-08 07:13:54,398 | INFO     |   → 🚀 Старт: всего источников (старые + новые): 6
2026-05-08 07:13:54,398 | INFO     |   → 1/6: ✅ 0 взято | 🗑️ 0 мусор
2026-05-08 07:13:54,398 | INFO     |   → 2/6: ✅ 0 взято | 🗑️ 0 мусор
2026-05-08 07:13:54,398 | INFO     |   → 3/6: ✅ 4 взято | 🗑️ 183 мусор
2026-05-08 07:13:54,398 | INFO     |   → 4/6: ✅ 0 взято | 🗑️ 0 мусор
2026-05-08 07:13:54,398 | INFO     |   → 5/6: ✅ 5 взято | 🗑️ 15 мусор
2026-05-08 07:13:54,398 | INFO     |   → 6/6: ✅ 0 взято | 🗑️ 15 мусор
2026-05-08 07:13:54,398 | INFO     |   → ✅ ГОТОВО!
2026-05-08 07:13:54,398 | INFO     |   →    📥 Всего ключей после фильтра: 9
2026-05-08 07:13:54,398 | INFO     |   →    🔗 Уникальных IP:PORT:SCHEME: 9
2026-05-08 07:13:54,398 | INFO     |   →    🗑️ Выброшено мусора: 213
2026-05-08 07:13:54,398 | INFO     |   → 📊 По протоколам:
2026-05-08 07:13:54,399 | INFO     |   →    vless: 5
2026-05-08 07:13:54,399 | INFO     |   →    vmess: 2
2026-05-08 07:13:54,399 | INFO     |   →    trojan: 2
2026-05-08 07:13:54,399 | INFO     | ✅ mirror.py завершён успешно
2026-05-08 07:13:54,399 | INFO     | 
2026-05-08 07:13:54,399 | INFO     | 
2026-05-08 07:13:54,399 | INFO     | ──────────────────────────────────────────────────────────────────────
2026-05-08 07:13:54,399 | INFO     | 📌 ЭТАП: Фильтрация по реальному SNI
2026-05-08 07:13:54,399 | INFO     | ──────────────────────────────────────────────────────────────────────
2026-05-08 07:13:54,399 | INFO     | 🚀 Запуск filter_ru_sni.py (Фильтр по реальному SNI (CDN+RU))...
2026-05-08 07:13:54,427 | INFO     |   → trojan.txt: 2 → 0 (SNI-filtered)
2026-05-08 07:13:54,427 | INFO     |   →   vless.txt: 5 → 0 (SNI-filtered)
2026-05-08 07:13:54,427 | INFO     |   →   vmess.txt: 2 → 0 (SNI-filtered)
2026-05-08 07:13:54,427 | INFO     |   → ==================================================
2026-05-08 07:13:54,427 | INFO     |   →   Всего входных:  9
2026-05-08 07:13:54,427 | INFO     |   →   Прошли фильтр:  0
2026-05-08 07:13:54,427 | INFO     |   →   Отброшено:      9
2026-05-08 07:13:54,427 | INFO     |   → ==================================================
2026-05-08 07:13:54,427 | INFO     |   → Готово → /home/runner/work/vpn-vless-configs-russia/vpn-vless-configs-russia/githubmirror/ru-sni
2026-05-08 07:13:54,427 | INFO     | ✅ filter_ru_sni.py завершён успешно
2026-05-08 07:13:54,427 | INFO     | 
2026-05-08 07:13:54,427 | INFO     | 
2026-05-08 07:13:54,427 | INFO     | ──────────────────────────────────────────────────────────────────────
2026-05-08 07:13:54,427 | INFO     | 📌 ЭТАП: Экспериментальный RU-SNI фильтр
2026-05-08 07:13:54,427 | INFO     | ──────────────────────────────────────────────────────────────────────
2026-05-08 07:13:54,427 | INFO     | 🚀 Запуск filter_ru_sni_local.py (Экспериментальный фильтр по RU-SNI (локальные домены))...
2026-05-08 07:13:54,455 | INFO     |   → trojan.txt: 2 → 0 (RU-SNI)
2026-05-08 07:13:54,455 | INFO     |   → vless.txt: 5 → 0 (RU-SNI)
2026-05-08 07:13:54,455 | INFO     |   → vmess.txt: 2 → 0 (RU-SNI)
2026-05-08 07:13:54,455 | INFO     |   → ==================================================
2026-05-08 07:13:54,455 | INFO     |   → Всего входных:  9
2026-05-08 07:13:54,455 | INFO     |   → Прошли RU-SNI:  0
2026-05-08 07:13:54,455 | INFO     |   → Отброшено:      9
2026-05-08 07:13:54,455 | INFO     |   → ==================================================
2026-05-08 07:13:54,455 | INFO     |   → Готово → /home/runner/work/vpn-vless-configs-russia/vpn-vless-configs-russia/githubmirror/ru-sni-local
2026-05-08 07:13:54,455 | INFO     | ✅ filter_ru_sni_local.py завершён успешно
2026-05-08 07:13:54,455 | INFO     | 
2026-05-08 07:13:54,455 | INFO     | 
2026-05-08 07:13:54,455 | INFO     | ──────────────────────────────────────────────────────────────────────
2026-05-08 07:13:54,455 | INFO     | 📌 ЭТАП: Сбор статистики
2026-05-08 07:13:54,455 | INFO     | ──────────────────────────────────────────────────────────────────────
2026-05-08 07:13:54,455 | INFO     | 📊 Сбор статистики...
2026-05-08 07:13:54,456 | INFO     |   📁 githubmirror/clean:
2026-05-08 07:13:54,456 | INFO     |     • trojan      :     2 конфигов
2026-05-08 07:13:54,456 | INFO     |     • vless       :     5 конфигов
2026-05-08 07:13:54,456 | INFO     |     • vmess       :     2 конфигов
2026-05-08 07:13:54,456 | INFO     |   📁 githubmirror/ru-sni:
2026-05-08 07:13:54,456 | INFO     |     • trojan      :     0 конфигов (  0.0% от clean)
2026-05-08 07:13:54,457 | INFO     |     • vless       :     0 конфигов (  0.0% от clean)
2026-05-08 07:13:54,457 | INFO     |     • vmess       :     0 конфигов (  0.0% от clean)
2026-05-08 07:13:54,457 | INFO     | 
2026-05-08 07:13:54,457 | INFO     |   ──────────────────────────────────────────────────
2026-05-08 07:13:54,457 | INFO     |   📈 ИТОГО:
2026-05-08 07:13:54,457 | INFO     |     Clean (после geo-фильтра):        9
2026-05-08 07:13:54,457 | INFO     |     RU-SNI (после SNI-фильтра):       0
2026-05-08 07:13:54,457 | INFO     |     Прошло фильтр:                  0.0%
2026-05-08 07:13:54,457 | INFO     |   ──────────────────────────────────────────────────
2026-05-08 07:13:54,457 | INFO     | ✅ Статистика сохранена: /home/runner/work/vpn-vless-configs-russia/vpn-vless-configs-russia/stats.json
2026-05-08 07:13:54,457 | INFO     | 
2026-05-08 07:13:54,457 | INFO     | ======================================================================
2026-05-08 07:13:54,457 | INFO     | 📊 ИТОГОВЫЙ ОТЧЁТ
2026-05-08 07:13:54,457 | INFO     | ======================================================================
2026-05-08 07:13:54,457 | INFO     |   ✅ OK         | Загрузка и geo-фильтрация
2026-05-08 07:13:54,457 | INFO     |   ✅ OK         | Фильтрация по реальному SNI
2026-05-08 07:13:54,457 | INFO     |   ✅ OK         | Экспериментальный RU-SNI фильтр
2026-05-08 07:13:54,457 | INFO     |   ✅ OK         | Сбор статистики
2026-05-08 07:13:54,458 | INFO     | ──────────────────────────────────────────────────────────────────────
2026-05-08 07:13:54,458 | INFO     | ✅ ВСЕ ЭТАПЫ УСПЕШНЫ (4/4)
2026-05-08 07:13:54,458 | INFO     | ⏰ Время завершения: 2026-05-08 07:13:54
2026-05-08 07:13:54,458 | INFO     | ======================================================================
