2026-05-26 14:30:52,365 | INFO     | ======================================================================
2026-05-26 14:30:52,365 | INFO     | 🔍 VPN KEY CHECKER - Начало проверки
2026-05-26 14:30:52,365 | INFO     | ⏰ Время старта: 2026-05-26 14:30:52
2026-05-26 14:30:52,365 | INFO     | 📂 Рабочая директория: /home/runner/work/vpn-vless-configs-russia/vpn-vless-configs-russia
2026-05-26 14:30:52,365 | INFO     | ======================================================================
2026-05-26 14:30:52,365 | INFO     | 
2026-05-26 14:30:52,365 | INFO     | 🔍 Проверка наличия скриптов...
2026-05-26 14:30:52,365 | INFO     |   ✅ mirror.py
2026-05-26 14:30:52,365 | INFO     |   ✅ filter_ru_sni.py
2026-05-26 14:30:52,365 | INFO     |   ✅ filter_ru_sni_local.py
2026-05-26 14:30:52,366 | INFO     | 
2026-05-26 14:30:52,366 | INFO     | 
2026-05-26 14:30:52,366 | INFO     | ──────────────────────────────────────────────────────────────────────
2026-05-26 14:30:52,366 | INFO     | 📌 ЭТАП: Загрузка и geo-фильтрация
2026-05-26 14:30:52,366 | INFO     | ──────────────────────────────────────────────────────────────────────
2026-05-26 14:30:52,366 | INFO     | 🚀 Запуск mirror.py (Загрузка и фильтрация по РФ/СНГ/Европа)...
2026-05-26 14:30:56,260 | INFO     |   → 🚀 Старт: всего источников (старые + новые): 10
2026-05-26 14:30:56,260 | INFO     |   → 1/10: ✅ 0 взято | 🗑️ 0 мусор
2026-05-26 14:30:56,260 | INFO     |   → 2/10: ✅ 0 взято | 🗑️ 0 мусор
2026-05-26 14:30:56,260 | INFO     |   → 3/10: ✅ 0 взято | 🗑️ 0 мусор
2026-05-26 14:30:56,260 | INFO     |   → 4/10: ✅ 8 взято | 🗑️ 248 мусор
2026-05-26 14:30:56,261 | INFO     |   → 5/10: ✅ 1 взято | 🗑️ 162 мусор
2026-05-26 14:30:56,261 | INFO     |   → 6/10: ✅ 0 взято | 🗑️ 0 мусор
2026-05-26 14:30:56,261 | INFO     |   → 7/10: ✅ 6 взято | 🗑️ 24 мусор
2026-05-26 14:30:56,261 | INFO     |   → 8/10: ✅ 0 взято | 🗑️ 24 мусор
2026-05-26 14:30:56,261 | INFO     |   → 9/10: ✅ 7 взято | 🗑️ 18 мусор
2026-05-26 14:30:56,261 | INFO     |   → 10/10: ✅ 0 взято | 🗑️ 0 мусор
2026-05-26 14:30:56,261 | INFO     |   → ✅ ГОТОВО!
2026-05-26 14:30:56,261 | INFO     |   →    📥 Всего ключей после фильтра: 22
2026-05-26 14:30:56,261 | INFO     |   →    🔗 Уникальных IP:PORT:SCHEME: 22
2026-05-26 14:30:56,261 | INFO     |   →    🗑️ Выброшено мусора: 476
2026-05-26 14:30:56,261 | INFO     |   → 📊 По протоколам:
2026-05-26 14:30:56,261 | INFO     |   →    vless: 12
2026-05-26 14:30:56,261 | INFO     |   →    vmess: 5
2026-05-26 14:30:56,261 | INFO     |   →    trojan: 1
2026-05-26 14:30:56,261 | INFO     |   →    ss: 4
2026-05-26 14:30:56,261 | INFO     | ✅ mirror.py завершён успешно
2026-05-26 14:30:56,262 | INFO     | 
2026-05-26 14:30:56,262 | INFO     | 
2026-05-26 14:30:56,262 | INFO     | ──────────────────────────────────────────────────────────────────────
2026-05-26 14:30:56,262 | INFO     | 📌 ЭТАП: Фильтрация по реальному SNI
2026-05-26 14:30:56,262 | INFO     | ──────────────────────────────────────────────────────────────────────
2026-05-26 14:30:56,262 | INFO     | 🚀 Запуск filter_ru_sni.py (Фильтр по реальному SNI (CDN+RU))...
2026-05-26 14:30:56,288 | INFO     |   → ss.txt: 4 → 0 (SNI-filtered)
2026-05-26 14:30:56,288 | INFO     |   →   trojan.txt: 1 → 0 (SNI-filtered)
2026-05-26 14:30:56,288 | INFO     |   →   vless.txt: 12 → 5 (SNI-filtered)
2026-05-26 14:30:56,288 | INFO     |   →   vmess.txt: 5 → 0 (SNI-filtered)
2026-05-26 14:30:56,289 | INFO     |   → ==================================================
2026-05-26 14:30:56,289 | INFO     |   →   Всего входных:  22
2026-05-26 14:30:56,289 | INFO     |   →   Прошли фильтр:  5
2026-05-26 14:30:56,289 | INFO     |   →   Отброшено:      17
2026-05-26 14:30:56,289 | INFO     |   → ==================================================
2026-05-26 14:30:56,289 | INFO     |   → Готово → /home/runner/work/vpn-vless-configs-russia/vpn-vless-configs-russia/githubmirror/ru-sni
2026-05-26 14:30:56,289 | INFO     | ✅ filter_ru_sni.py завершён успешно
2026-05-26 14:30:56,289 | INFO     | 
2026-05-26 14:30:56,289 | INFO     | 
2026-05-26 14:30:56,289 | INFO     | ──────────────────────────────────────────────────────────────────────
2026-05-26 14:30:56,289 | INFO     | 📌 ЭТАП: Экспериментальный RU-SNI фильтр
2026-05-26 14:30:56,289 | INFO     | ──────────────────────────────────────────────────────────────────────
2026-05-26 14:30:56,289 | INFO     | 🚀 Запуск filter_ru_sni_local.py (Экспериментальный фильтр по RU-SNI (локальные домены))...
2026-05-26 14:30:56,315 | INFO     |   → ss.txt: 4 → 0 (RU-SNI)
2026-05-26 14:30:56,315 | INFO     |   → trojan.txt: 1 → 0 (RU-SNI)
2026-05-26 14:30:56,315 | INFO     |   → vless.txt: 12 → 2 (RU-SNI)
2026-05-26 14:30:56,315 | INFO     |   → vmess.txt: 5 → 0 (RU-SNI)
2026-05-26 14:30:56,316 | INFO     |   → ==================================================
2026-05-26 14:30:56,316 | INFO     |   → Всего входных:  22
2026-05-26 14:30:56,316 | INFO     |   → Прошли RU-SNI:  2
2026-05-26 14:30:56,316 | INFO     |   → Отброшено:      20
2026-05-26 14:30:56,316 | INFO     |   → ==================================================
2026-05-26 14:30:56,316 | INFO     |   → Готово → /home/runner/work/vpn-vless-configs-russia/vpn-vless-configs-russia/githubmirror/ru-sni-local
2026-05-26 14:30:56,316 | INFO     | ✅ filter_ru_sni_local.py завершён успешно
2026-05-26 14:30:56,316 | INFO     | 
2026-05-26 14:30:56,316 | INFO     | 
2026-05-26 14:30:56,316 | INFO     | ──────────────────────────────────────────────────────────────────────
2026-05-26 14:30:56,316 | INFO     | 📌 ЭТАП: Сбор статистики
2026-05-26 14:30:56,316 | INFO     | ──────────────────────────────────────────────────────────────────────
2026-05-26 14:30:56,316 | INFO     | 📊 Сбор статистики...
2026-05-26 14:30:56,316 | INFO     |   📁 githubmirror/clean:
2026-05-26 14:30:56,317 | INFO     |     • ss          :     4 конфигов
2026-05-26 14:30:56,317 | INFO     |     • trojan      :     1 конфигов
2026-05-26 14:30:56,317 | INFO     |     • vless       :    12 конфигов
2026-05-26 14:30:56,317 | INFO     |     • vmess       :     5 конфигов
2026-05-26 14:30:56,317 | INFO     |   📁 githubmirror/ru-sni:
2026-05-26 14:30:56,317 | INFO     |     • ss          :     0 конфигов (  0.0% от clean)
2026-05-26 14:30:56,317 | INFO     |     • trojan      :     0 конфигов (  0.0% от clean)
2026-05-26 14:30:56,317 | INFO     |     • vless       :     5 конфигов ( 41.7% от clean)
2026-05-26 14:30:56,318 | INFO     |     • vmess       :     0 конфигов (  0.0% от clean)
2026-05-26 14:30:56,318 | INFO     | 
2026-05-26 14:30:56,318 | INFO     |   ──────────────────────────────────────────────────
2026-05-26 14:30:56,318 | INFO     |   📈 ИТОГО:
2026-05-26 14:30:56,318 | INFO     |     Clean (после geo-фильтра):       22
2026-05-26 14:30:56,318 | INFO     |     RU-SNI (после SNI-фильтра):       5
2026-05-26 14:30:56,318 | INFO     |     Прошло фильтр:                 22.7%
2026-05-26 14:30:56,318 | INFO     |   ──────────────────────────────────────────────────
2026-05-26 14:30:56,318 | INFO     | ✅ Статистика сохранена: /home/runner/work/vpn-vless-configs-russia/vpn-vless-configs-russia/stats.json
2026-05-26 14:30:56,318 | INFO     | 
2026-05-26 14:30:56,318 | INFO     | ======================================================================
2026-05-26 14:30:56,318 | INFO     | 📊 ИТОГОВЫЙ ОТЧЁТ
2026-05-26 14:30:56,318 | INFO     | ======================================================================
2026-05-26 14:30:56,319 | INFO     |   ✅ OK         | Загрузка и geo-фильтрация
2026-05-26 14:30:56,319 | INFO     |   ✅ OK         | Фильтрация по реальному SNI
2026-05-26 14:30:56,319 | INFO     |   ✅ OK         | Экспериментальный RU-SNI фильтр
2026-05-26 14:30:56,319 | INFO     |   ✅ OK         | Сбор статистики
2026-05-26 14:30:56,319 | INFO     | ──────────────────────────────────────────────────────────────────────
2026-05-26 14:30:56,319 | INFO     | ✅ ВСЕ ЭТАПЫ УСПЕШНЫ (4/4)
2026-05-26 14:30:56,319 | INFO     | ⏰ Время завершения: 2026-05-26 14:30:56
2026-05-26 14:30:56,319 | INFO     | ======================================================================
