2026-05-25 19:11:57,329 | INFO     | ======================================================================
2026-05-25 19:11:57,329 | INFO     | 🔍 VPN KEY CHECKER - Начало проверки
2026-05-25 19:11:57,329 | INFO     | ⏰ Время старта: 2026-05-25 19:11:57
2026-05-25 19:11:57,329 | INFO     | 📂 Рабочая директория: /home/runner/work/vpn-vless-configs-russia/vpn-vless-configs-russia
2026-05-25 19:11:57,329 | INFO     | ======================================================================
2026-05-25 19:11:57,330 | INFO     | 
2026-05-25 19:11:57,330 | INFO     | 🔍 Проверка наличия скриптов...
2026-05-25 19:11:57,330 | INFO     |   ✅ mirror.py
2026-05-25 19:11:57,330 | INFO     |   ✅ filter_ru_sni.py
2026-05-25 19:11:57,330 | INFO     |   ✅ filter_ru_sni_local.py
2026-05-25 19:11:57,330 | INFO     | 
2026-05-25 19:11:57,330 | INFO     | 
2026-05-25 19:11:57,330 | INFO     | ──────────────────────────────────────────────────────────────────────
2026-05-25 19:11:57,330 | INFO     | 📌 ЭТАП: Загрузка и geo-фильтрация
2026-05-25 19:11:57,330 | INFO     | ──────────────────────────────────────────────────────────────────────
2026-05-25 19:11:57,330 | INFO     | 🚀 Запуск mirror.py (Загрузка и фильтрация по РФ/СНГ/Европа)...
2026-05-25 19:12:02,391 | INFO     |   → 🚀 Старт: всего источников (старые + новые): 12
2026-05-25 19:12:02,391 | INFO     |   → 1/12: ✅ 0 взято | 🗑️ 0 мусор
2026-05-25 19:12:02,391 | INFO     |   → 2/12: ✅ 0 взято | 🗑️ 0 мусор
2026-05-25 19:12:02,391 | INFO     |   → 3/12: ✅ 0 взято | 🗑️ 0 мусор
2026-05-25 19:12:02,391 | INFO     |   → 4/12: ✅ 10 взято | 🗑️ 296 мусор
2026-05-25 19:12:02,391 | INFO     |   → 5/12: ✅ 4 взято | 🗑️ 208 мусор
2026-05-25 19:12:02,391 | INFO     |   → 6/12: ✅ 0 взято | 🗑️ 0 мусор
2026-05-25 19:12:02,392 | INFO     |   → 7/12: ✅ 6 взято | 🗑️ 24 мусор
2026-05-25 19:12:02,392 | INFO     |   → 8/12: ✅ 0 взято | 🗑️ 24 мусор
2026-05-25 19:12:02,392 | INFO     |   → 9/12: ✅ 0 взято | 🗑️ 0 мусор
2026-05-25 19:12:02,392 | INFO     |   → 10/12: ✅ 3 взято | 🗑️ 322 мусор
2026-05-25 19:12:02,392 | INFO     |   → 11/12: ✅ 13 взято | 🗑️ 14 мусор
2026-05-25 19:12:02,392 | INFO     |   → 12/12: ✅ 0 взято | 🗑️ 0 мусор
2026-05-25 19:12:02,392 | INFO     |   → ✅ ГОТОВО!
2026-05-25 19:12:02,392 | INFO     |   →    📥 Всего ключей после фильтра: 36
2026-05-25 19:12:02,392 | INFO     |   →    🔗 Уникальных IP:PORT:SCHEME: 35
2026-05-25 19:12:02,392 | INFO     |   →    🗑️ Выброшено мусора: 888
2026-05-25 19:12:02,392 | INFO     |   → 📊 По протоколам:
2026-05-25 19:12:02,392 | INFO     |   →    vless: 21
2026-05-25 19:12:02,392 | INFO     |   →    vmess: 8
2026-05-25 19:12:02,392 | INFO     |   →    trojan: 2
2026-05-25 19:12:02,392 | INFO     |   →    ss: 3
2026-05-25 19:12:02,392 | INFO     |   →    hysteria2: 1
2026-05-25 19:12:02,392 | INFO     | ✅ mirror.py завершён успешно
2026-05-25 19:12:02,393 | INFO     | 
2026-05-25 19:12:02,393 | INFO     | 
2026-05-25 19:12:02,393 | INFO     | ──────────────────────────────────────────────────────────────────────
2026-05-25 19:12:02,393 | INFO     | 📌 ЭТАП: Фильтрация по реальному SNI
2026-05-25 19:12:02,393 | INFO     | ──────────────────────────────────────────────────────────────────────
2026-05-25 19:12:02,393 | INFO     | 🚀 Запуск filter_ru_sni.py (Фильтр по реальному SNI (CDN+RU))...
2026-05-25 19:12:02,420 | INFO     |   → hysteria2.txt: 1 → 1 (SNI-filtered)
2026-05-25 19:12:02,420 | INFO     |   →   ss.txt: 3 → 0 (SNI-filtered)
2026-05-25 19:12:02,420 | INFO     |   →   trojan.txt: 2 → 0 (SNI-filtered)
2026-05-25 19:12:02,421 | INFO     |   →   vless.txt: 21 → 6 (SNI-filtered)
2026-05-25 19:12:02,421 | INFO     |   →   vmess.txt: 8 → 0 (SNI-filtered)
2026-05-25 19:12:02,421 | INFO     |   → ==================================================
2026-05-25 19:12:02,421 | INFO     |   →   Всего входных:  35
2026-05-25 19:12:02,421 | INFO     |   →   Прошли фильтр:  7
2026-05-25 19:12:02,421 | INFO     |   →   Отброшено:      28
2026-05-25 19:12:02,421 | INFO     |   → ==================================================
2026-05-25 19:12:02,421 | INFO     |   → Готово → /home/runner/work/vpn-vless-configs-russia/vpn-vless-configs-russia/githubmirror/ru-sni
2026-05-25 19:12:02,421 | INFO     | ✅ filter_ru_sni.py завершён успешно
2026-05-25 19:12:02,421 | INFO     | 
2026-05-25 19:12:02,421 | INFO     | 
2026-05-25 19:12:02,421 | INFO     | ──────────────────────────────────────────────────────────────────────
2026-05-25 19:12:02,421 | INFO     | 📌 ЭТАП: Экспериментальный RU-SNI фильтр
2026-05-25 19:12:02,421 | INFO     | ──────────────────────────────────────────────────────────────────────
2026-05-25 19:12:02,421 | INFO     | 🚀 Запуск filter_ru_sni_local.py (Экспериментальный фильтр по RU-SNI (локальные домены))...
2026-05-25 19:12:02,448 | INFO     |   → hysteria2.txt: 1 → 0 (RU-SNI)
2026-05-25 19:12:02,448 | INFO     |   → ss.txt: 3 → 0 (RU-SNI)
2026-05-25 19:12:02,448 | INFO     |   → trojan.txt: 2 → 0 (RU-SNI)
2026-05-25 19:12:02,448 | INFO     |   → vless.txt: 21 → 4 (RU-SNI)
2026-05-25 19:12:02,448 | INFO     |   → vmess.txt: 8 → 0 (RU-SNI)
2026-05-25 19:12:02,448 | INFO     |   → ==================================================
2026-05-25 19:12:02,448 | INFO     |   → Всего входных:  35
2026-05-25 19:12:02,448 | INFO     |   → Прошли RU-SNI:  4
2026-05-25 19:12:02,448 | INFO     |   → Отброшено:      31
2026-05-25 19:12:02,448 | INFO     |   → ==================================================
2026-05-25 19:12:02,448 | INFO     |   → Готово → /home/runner/work/vpn-vless-configs-russia/vpn-vless-configs-russia/githubmirror/ru-sni-local
2026-05-25 19:12:02,448 | INFO     | ✅ filter_ru_sni_local.py завершён успешно
2026-05-25 19:12:02,448 | INFO     | 
2026-05-25 19:12:02,448 | INFO     | 
2026-05-25 19:12:02,448 | INFO     | ──────────────────────────────────────────────────────────────────────
2026-05-25 19:12:02,449 | INFO     | 📌 ЭТАП: Сбор статистики
2026-05-25 19:12:02,449 | INFO     | ──────────────────────────────────────────────────────────────────────
2026-05-25 19:12:02,449 | INFO     | 📊 Сбор статистики...
2026-05-25 19:12:02,449 | INFO     |   📁 githubmirror/clean:
2026-05-25 19:12:02,449 | INFO     |     • hysteria2   :     1 конфигов
2026-05-25 19:12:02,449 | INFO     |     • ss          :     3 конфигов
2026-05-25 19:12:02,449 | INFO     |     • trojan      :     2 конфигов
2026-05-25 19:12:02,449 | INFO     |     • vless       :    21 конфигов
2026-05-25 19:12:02,450 | INFO     |     • vmess       :     8 конфигов
2026-05-25 19:12:02,450 | INFO     |   📁 githubmirror/ru-sni:
2026-05-25 19:12:02,450 | INFO     |     • hysteria2   :     1 конфигов (100.0% от clean)
2026-05-25 19:12:02,450 | INFO     |     • ss          :     0 конфигов (  0.0% от clean)
2026-05-25 19:12:02,450 | INFO     |     • trojan      :     0 конфигов (  0.0% от clean)
2026-05-25 19:12:02,450 | INFO     |     • vless       :     6 конфигов ( 28.6% от clean)
2026-05-25 19:12:02,450 | INFO     |     • vmess       :     0 конфигов (  0.0% от clean)
2026-05-25 19:12:02,450 | INFO     | 
2026-05-25 19:12:02,450 | INFO     |   ──────────────────────────────────────────────────
2026-05-25 19:12:02,451 | INFO     |   📈 ИТОГО:
2026-05-25 19:12:02,451 | INFO     |     Clean (после geo-фильтра):       35
2026-05-25 19:12:02,451 | INFO     |     RU-SNI (после SNI-фильтра):       7
2026-05-25 19:12:02,451 | INFO     |     Прошло фильтр:                 20.0%
2026-05-25 19:12:02,451 | INFO     |   ──────────────────────────────────────────────────
2026-05-25 19:12:02,451 | INFO     | ✅ Статистика сохранена: /home/runner/work/vpn-vless-configs-russia/vpn-vless-configs-russia/stats.json
2026-05-25 19:12:02,451 | INFO     | 
2026-05-25 19:12:02,451 | INFO     | ======================================================================
2026-05-25 19:12:02,451 | INFO     | 📊 ИТОГОВЫЙ ОТЧЁТ
2026-05-25 19:12:02,451 | INFO     | ======================================================================
2026-05-25 19:12:02,451 | INFO     |   ✅ OK         | Загрузка и geo-фильтрация
2026-05-25 19:12:02,451 | INFO     |   ✅ OK         | Фильтрация по реальному SNI
2026-05-25 19:12:02,451 | INFO     |   ✅ OK         | Экспериментальный RU-SNI фильтр
2026-05-25 19:12:02,452 | INFO     |   ✅ OK         | Сбор статистики
2026-05-25 19:12:02,452 | INFO     | ──────────────────────────────────────────────────────────────────────
2026-05-25 19:12:02,452 | INFO     | ✅ ВСЕ ЭТАПЫ УСПЕШНЫ (4/4)
2026-05-25 19:12:02,452 | INFO     | ⏰ Время завершения: 2026-05-25 19:12:02
2026-05-25 19:12:02,452 | INFO     | ======================================================================
