2026-05-23 12:53:05,361 | INFO     | ======================================================================
2026-05-23 12:53:05,361 | INFO     | 🔍 VPN KEY CHECKER - Начало проверки
2026-05-23 12:53:05,361 | INFO     | ⏰ Время старта: 2026-05-23 12:53:05
2026-05-23 12:53:05,361 | INFO     | 📂 Рабочая директория: /home/runner/work/vpn-vless-configs-russia/vpn-vless-configs-russia
2026-05-23 12:53:05,361 | INFO     | ======================================================================
2026-05-23 12:53:05,361 | INFO     | 
2026-05-23 12:53:05,361 | INFO     | 🔍 Проверка наличия скриптов...
2026-05-23 12:53:05,362 | INFO     |   ✅ mirror.py
2026-05-23 12:53:05,362 | INFO     |   ✅ filter_ru_sni.py
2026-05-23 12:53:05,362 | INFO     |   ✅ filter_ru_sni_local.py
2026-05-23 12:53:05,362 | INFO     | 
2026-05-23 12:53:05,362 | INFO     | 
2026-05-23 12:53:05,362 | INFO     | ──────────────────────────────────────────────────────────────────────
2026-05-23 12:53:05,362 | INFO     | 📌 ЭТАП: Загрузка и geo-фильтрация
2026-05-23 12:53:05,362 | INFO     | ──────────────────────────────────────────────────────────────────────
2026-05-23 12:53:05,362 | INFO     | 🚀 Запуск mirror.py (Загрузка и фильтрация по РФ/СНГ/Европа)...
2026-05-23 12:53:10,532 | INFO     |   → 🚀 Старт: всего источников (старые + новые): 12
2026-05-23 12:53:10,532 | INFO     |   → 1/12: ✅ 0 взято | 🗑️ 0 мусор
2026-05-23 12:53:10,532 | INFO     |   → 2/12: ✅ 0 взято | 🗑️ 0 мусор
2026-05-23 12:53:10,532 | INFO     |   → 3/12: ✅ 0 взято | 🗑️ 0 мусор
2026-05-23 12:53:10,532 | INFO     |   → 4/12: ✅ 11 взято | 🗑️ 268 мусор
2026-05-23 12:53:10,532 | INFO     |   → 5/12: ✅ 3 взято | 🗑️ 170 мусор
2026-05-23 12:53:10,532 | INFO     |   → 6/12: ✅ 0 взято | 🗑️ 0 мусор
2026-05-23 12:53:10,532 | INFO     |   → 7/12: ✅ 6 взято | 🗑️ 24 мусор
2026-05-23 12:53:10,532 | INFO     |   → 8/12: ✅ 0 взято | 🗑️ 24 мусор
2026-05-23 12:53:10,532 | INFO     |   → 9/12: ✅ 0 взято | 🗑️ 0 мусор
2026-05-23 12:53:10,532 | INFO     |   → 10/12: ✅ 3 взято | 🗑️ 322 мусор
2026-05-23 12:53:10,532 | INFO     |   → 11/12: ✅ 4 взято | 🗑️ 26 мусор
2026-05-23 12:53:10,532 | INFO     |   → 12/12: ✅ 0 взято | 🗑️ 0 мусор
2026-05-23 12:53:10,532 | INFO     |   → ✅ ГОТОВО!
2026-05-23 12:53:10,532 | INFO     |   →    📥 Всего ключей после фильтра: 27
2026-05-23 12:53:10,532 | INFO     |   →    🔗 Уникальных IP:PORT:SCHEME: 24
2026-05-23 12:53:10,532 | INFO     |   →    🗑️ Выброшено мусора: 834
2026-05-23 12:53:10,532 | INFO     |   → 📊 По протоколам:
2026-05-23 12:53:10,532 | INFO     |   →    vless: 12
2026-05-23 12:53:10,532 | INFO     |   →    vmess: 7
2026-05-23 12:53:10,532 | INFO     |   →    trojan: 2
2026-05-23 12:53:10,532 | INFO     |   →    ss: 2
2026-05-23 12:53:10,532 | INFO     |   →    hysteria2: 1
2026-05-23 12:53:10,533 | INFO     | ✅ mirror.py завершён успешно
2026-05-23 12:53:10,533 | INFO     | 
2026-05-23 12:53:10,533 | INFO     | 
2026-05-23 12:53:10,533 | INFO     | ──────────────────────────────────────────────────────────────────────
2026-05-23 12:53:10,533 | INFO     | 📌 ЭТАП: Фильтрация по реальному SNI
2026-05-23 12:53:10,533 | INFO     | ──────────────────────────────────────────────────────────────────────
2026-05-23 12:53:10,533 | INFO     | 🚀 Запуск filter_ru_sni.py (Фильтр по реальному SNI (CDN+RU))...
2026-05-23 12:53:10,561 | INFO     |   → hysteria2.txt: 1 → 1 (SNI-filtered)
2026-05-23 12:53:10,561 | INFO     |   →   ss.txt: 2 → 0 (SNI-filtered)
2026-05-23 12:53:10,561 | INFO     |   →   trojan.txt: 2 → 0 (SNI-filtered)
2026-05-23 12:53:10,561 | INFO     |   →   vless.txt: 12 → 3 (SNI-filtered)
2026-05-23 12:53:10,562 | INFO     |   →   vmess.txt: 7 → 0 (SNI-filtered)
2026-05-23 12:53:10,562 | INFO     |   → ==================================================
2026-05-23 12:53:10,562 | INFO     |   →   Всего входных:  24
2026-05-23 12:53:10,562 | INFO     |   →   Прошли фильтр:  4
2026-05-23 12:53:10,562 | INFO     |   →   Отброшено:      20
2026-05-23 12:53:10,562 | INFO     |   → ==================================================
2026-05-23 12:53:10,562 | INFO     |   → Готово → /home/runner/work/vpn-vless-configs-russia/vpn-vless-configs-russia/githubmirror/ru-sni
2026-05-23 12:53:10,562 | INFO     | ✅ filter_ru_sni.py завершён успешно
2026-05-23 12:53:10,562 | INFO     | 
2026-05-23 12:53:10,562 | INFO     | 
2026-05-23 12:53:10,562 | INFO     | ──────────────────────────────────────────────────────────────────────
2026-05-23 12:53:10,562 | INFO     | 📌 ЭТАП: Экспериментальный RU-SNI фильтр
2026-05-23 12:53:10,562 | INFO     | ──────────────────────────────────────────────────────────────────────
2026-05-23 12:53:10,562 | INFO     | 🚀 Запуск filter_ru_sni_local.py (Экспериментальный фильтр по RU-SNI (локальные домены))...
2026-05-23 12:53:10,590 | INFO     |   → hysteria2.txt: 1 → 0 (RU-SNI)
2026-05-23 12:53:10,590 | INFO     |   → ss.txt: 2 → 0 (RU-SNI)
2026-05-23 12:53:10,590 | INFO     |   → trojan.txt: 2 → 0 (RU-SNI)
2026-05-23 12:53:10,590 | INFO     |   → vless.txt: 12 → 1 (RU-SNI)
2026-05-23 12:53:10,590 | INFO     |   → vmess.txt: 7 → 0 (RU-SNI)
2026-05-23 12:53:10,590 | INFO     |   → ==================================================
2026-05-23 12:53:10,590 | INFO     |   → Всего входных:  24
2026-05-23 12:53:10,590 | INFO     |   → Прошли RU-SNI:  1
2026-05-23 12:53:10,590 | INFO     |   → Отброшено:      23
2026-05-23 12:53:10,590 | INFO     |   → ==================================================
2026-05-23 12:53:10,590 | INFO     |   → Готово → /home/runner/work/vpn-vless-configs-russia/vpn-vless-configs-russia/githubmirror/ru-sni-local
2026-05-23 12:53:10,590 | INFO     | ✅ filter_ru_sni_local.py завершён успешно
2026-05-23 12:53:10,590 | INFO     | 
2026-05-23 12:53:10,590 | INFO     | 
2026-05-23 12:53:10,591 | INFO     | ──────────────────────────────────────────────────────────────────────
2026-05-23 12:53:10,591 | INFO     | 📌 ЭТАП: Сбор статистики
2026-05-23 12:53:10,591 | INFO     | ──────────────────────────────────────────────────────────────────────
2026-05-23 12:53:10,591 | INFO     | 📊 Сбор статистики...
2026-05-23 12:53:10,591 | INFO     |   📁 githubmirror/clean:
2026-05-23 12:53:10,591 | INFO     |     • hysteria2   :     1 конфигов
2026-05-23 12:53:10,591 | INFO     |     • ss          :     2 конфигов
2026-05-23 12:53:10,591 | INFO     |     • trojan      :     2 конфигов
2026-05-23 12:53:10,591 | INFO     |     • vless       :    12 конфигов
2026-05-23 12:53:10,591 | INFO     |     • vmess       :     7 конфигов
2026-05-23 12:53:10,592 | INFO     |   📁 githubmirror/ru-sni:
2026-05-23 12:53:10,592 | INFO     |     • hysteria2   :     1 конфигов (100.0% от clean)
2026-05-23 12:53:10,592 | INFO     |     • ss          :     0 конфигов (  0.0% от clean)
2026-05-23 12:53:10,592 | INFO     |     • trojan      :     0 конфигов (  0.0% от clean)
2026-05-23 12:53:10,592 | INFO     |     • vless       :     3 конфигов ( 25.0% от clean)
2026-05-23 12:53:10,592 | INFO     |     • vmess       :     0 конфигов (  0.0% от clean)
2026-05-23 12:53:10,592 | INFO     | 
2026-05-23 12:53:10,592 | INFO     |   ──────────────────────────────────────────────────
2026-05-23 12:53:10,592 | INFO     |   📈 ИТОГО:
2026-05-23 12:53:10,592 | INFO     |     Clean (после geo-фильтра):       24
2026-05-23 12:53:10,592 | INFO     |     RU-SNI (после SNI-фильтра):       4
2026-05-23 12:53:10,592 | INFO     |     Прошло фильтр:                 16.7%
2026-05-23 12:53:10,592 | INFO     |   ──────────────────────────────────────────────────
2026-05-23 12:53:10,593 | INFO     | ✅ Статистика сохранена: /home/runner/work/vpn-vless-configs-russia/vpn-vless-configs-russia/stats.json
2026-05-23 12:53:10,593 | INFO     | 
2026-05-23 12:53:10,593 | INFO     | ======================================================================
2026-05-23 12:53:10,593 | INFO     | 📊 ИТОГОВЫЙ ОТЧЁТ
2026-05-23 12:53:10,593 | INFO     | ======================================================================
2026-05-23 12:53:10,593 | INFO     |   ✅ OK         | Загрузка и geo-фильтрация
2026-05-23 12:53:10,593 | INFO     |   ✅ OK         | Фильтрация по реальному SNI
2026-05-23 12:53:10,593 | INFO     |   ✅ OK         | Экспериментальный RU-SNI фильтр
2026-05-23 12:53:10,593 | INFO     |   ✅ OK         | Сбор статистики
2026-05-23 12:53:10,593 | INFO     | ──────────────────────────────────────────────────────────────────────
2026-05-23 12:53:10,593 | INFO     | ✅ ВСЕ ЭТАПЫ УСПЕШНЫ (4/4)
2026-05-23 12:53:10,593 | INFO     | ⏰ Время завершения: 2026-05-23 12:53:10
2026-05-23 12:53:10,593 | INFO     | ======================================================================
