2026-05-29 09:01:24,784 | INFO     | ======================================================================
2026-05-29 09:01:24,784 | INFO     | 🔍 VPN KEY CHECKER - Начало проверки
2026-05-29 09:01:24,784 | INFO     | ⏰ Время старта: 2026-05-29 09:01:24
2026-05-29 09:01:24,784 | INFO     | 📂 Рабочая директория: /home/runner/work/vpn-vless-configs-russia/vpn-vless-configs-russia
2026-05-29 09:01:24,784 | INFO     | ======================================================================
2026-05-29 09:01:24,784 | INFO     | 
2026-05-29 09:01:24,785 | INFO     | 🔍 Проверка наличия скриптов...
2026-05-29 09:01:24,785 | INFO     |   ✅ mirror.py
2026-05-29 09:01:24,785 | INFO     |   ✅ filter_ru_sni.py
2026-05-29 09:01:24,785 | INFO     |   ✅ filter_ru_sni_local.py
2026-05-29 09:01:24,785 | INFO     | 
2026-05-29 09:01:24,785 | INFO     | 
2026-05-29 09:01:24,785 | INFO     | ──────────────────────────────────────────────────────────────────────
2026-05-29 09:01:24,785 | INFO     | 📌 ЭТАП: Загрузка и geo-фильтрация
2026-05-29 09:01:24,785 | INFO     | ──────────────────────────────────────────────────────────────────────
2026-05-29 09:01:24,785 | INFO     | 🚀 Запуск mirror.py (Загрузка и фильтрация по РФ/СНГ/Европа)...
2026-05-29 09:01:28,495 | INFO     |   → 🚀 Старт: всего источников (старые + новые): 10
2026-05-29 09:01:28,495 | INFO     |   → 1/10: ✅ 0 взято | 🗑️ 0 мусор
2026-05-29 09:01:28,495 | INFO     |   → 2/10: ✅ 0 взято | 🗑️ 0 мусор
2026-05-29 09:01:28,495 | INFO     |   → 3/10: ✅ 11 взято | 🗑️ 148 мусор
2026-05-29 09:01:28,495 | INFO     |   → 4/10: ✅ 0 взято | 🗑️ 0 мусор
2026-05-29 09:01:28,495 | INFO     |   → 5/10: ✅ 1 взято | 🗑️ 132 мусор
2026-05-29 09:01:28,495 | INFO     |   → 6/10: ✅ 0 взято | 🗑️ 0 мусор
2026-05-29 09:01:28,495 | INFO     |   → 7/10: ✅ 6 взято | 🗑️ 24 мусор
2026-05-29 09:01:28,495 | INFO     |   → 8/10: ✅ 0 взято | 🗑️ 24 мусор
2026-05-29 09:01:28,495 | INFO     |   → 9/10: ✅ 14 взято | 🗑️ 14 мусор
2026-05-29 09:01:28,495 | INFO     |   → 10/10: ✅ 0 взято | 🗑️ 0 мусор
2026-05-29 09:01:28,495 | INFO     |   → ✅ ГОТОВО!
2026-05-29 09:01:28,495 | INFO     |   →    📥 Всего ключей после фильтра: 32
2026-05-29 09:01:28,495 | INFO     |   →    🔗 Уникальных IP:PORT:SCHEME: 26
2026-05-29 09:01:28,496 | INFO     |   →    🗑️ Выброшено мусора: 342
2026-05-29 09:01:28,496 | INFO     |   → 📊 По протоколам:
2026-05-29 09:01:28,496 | INFO     |   →    vless: 18
2026-05-29 09:01:28,496 | INFO     |   →    vmess: 4
2026-05-29 09:01:28,496 | INFO     |   →    ss: 4
2026-05-29 09:01:28,496 | INFO     | ✅ mirror.py завершён успешно
2026-05-29 09:01:28,496 | INFO     | 
2026-05-29 09:01:28,496 | INFO     | 
2026-05-29 09:01:28,496 | INFO     | ──────────────────────────────────────────────────────────────────────
2026-05-29 09:01:28,496 | INFO     | 📌 ЭТАП: Фильтрация по реальному SNI
2026-05-29 09:01:28,496 | INFO     | ──────────────────────────────────────────────────────────────────────
2026-05-29 09:01:28,496 | INFO     | 🚀 Запуск filter_ru_sni.py (Фильтр по реальному SNI (CDN+RU))...
2026-05-29 09:01:28,523 | INFO     |   → ss.txt: 4 → 0 (SNI-filtered)
2026-05-29 09:01:28,523 | INFO     |   →   vless.txt: 18 → 7 (SNI-filtered)
2026-05-29 09:01:28,523 | INFO     |   →   vmess.txt: 4 → 0 (SNI-filtered)
2026-05-29 09:01:28,523 | INFO     |   → ==================================================
2026-05-29 09:01:28,523 | INFO     |   →   Всего входных:  26
2026-05-29 09:01:28,523 | INFO     |   →   Прошли фильтр:  7
2026-05-29 09:01:28,523 | INFO     |   →   Отброшено:      19
2026-05-29 09:01:28,523 | INFO     |   → ==================================================
2026-05-29 09:01:28,523 | INFO     |   → Готово → /home/runner/work/vpn-vless-configs-russia/vpn-vless-configs-russia/githubmirror/ru-sni
2026-05-29 09:01:28,523 | INFO     | ✅ filter_ru_sni.py завершён успешно
2026-05-29 09:01:28,523 | INFO     | 
2026-05-29 09:01:28,523 | INFO     | 
2026-05-29 09:01:28,524 | INFO     | ──────────────────────────────────────────────────────────────────────
2026-05-29 09:01:28,524 | INFO     | 📌 ЭТАП: Экспериментальный RU-SNI фильтр
2026-05-29 09:01:28,524 | INFO     | ──────────────────────────────────────────────────────────────────────
2026-05-29 09:01:28,524 | INFO     | 🚀 Запуск filter_ru_sni_local.py (Экспериментальный фильтр по RU-SNI (локальные домены))...
2026-05-29 09:01:28,550 | INFO     |   → ss.txt: 4 → 0 (RU-SNI)
2026-05-29 09:01:28,550 | INFO     |   → vless.txt: 18 → 1 (RU-SNI)
2026-05-29 09:01:28,550 | INFO     |   → vmess.txt: 4 → 0 (RU-SNI)
2026-05-29 09:01:28,550 | INFO     |   → ==================================================
2026-05-29 09:01:28,550 | INFO     |   → Всего входных:  26
2026-05-29 09:01:28,550 | INFO     |   → Прошли RU-SNI:  1
2026-05-29 09:01:28,550 | INFO     |   → Отброшено:      25
2026-05-29 09:01:28,550 | INFO     |   → ==================================================
2026-05-29 09:01:28,550 | INFO     |   → Готово → /home/runner/work/vpn-vless-configs-russia/vpn-vless-configs-russia/githubmirror/ru-sni-local
2026-05-29 09:01:28,550 | INFO     | ✅ filter_ru_sni_local.py завершён успешно
2026-05-29 09:01:28,550 | INFO     | 
2026-05-29 09:01:28,550 | INFO     | 
2026-05-29 09:01:28,550 | INFO     | ──────────────────────────────────────────────────────────────────────
2026-05-29 09:01:28,550 | INFO     | 📌 ЭТАП: Сбор статистики
2026-05-29 09:01:28,550 | INFO     | ──────────────────────────────────────────────────────────────────────
2026-05-29 09:01:28,550 | INFO     | 📊 Сбор статистики...
2026-05-29 09:01:28,551 | INFO     |   📁 githubmirror/clean:
2026-05-29 09:01:28,551 | INFO     |     • ss          :     4 конфигов
2026-05-29 09:01:28,551 | INFO     |     • vless       :    18 конфигов
2026-05-29 09:01:28,551 | INFO     |     • vmess       :     4 конфигов
2026-05-29 09:01:28,551 | INFO     |   📁 githubmirror/ru-sni:
2026-05-29 09:01:28,551 | INFO     |     • ss          :     0 конфигов (  0.0% от clean)
2026-05-29 09:01:28,552 | INFO     |     • vless       :     7 конфигов ( 38.9% от clean)
2026-05-29 09:01:28,552 | INFO     |     • vmess       :     0 конфигов (  0.0% от clean)
2026-05-29 09:01:28,552 | INFO     | 
2026-05-29 09:01:28,552 | INFO     |   ──────────────────────────────────────────────────
2026-05-29 09:01:28,552 | INFO     |   📈 ИТОГО:
2026-05-29 09:01:28,552 | INFO     |     Clean (после geo-фильтра):       26
2026-05-29 09:01:28,552 | INFO     |     RU-SNI (после SNI-фильтра):       7
2026-05-29 09:01:28,552 | INFO     |     Прошло фильтр:                 26.9%
2026-05-29 09:01:28,552 | INFO     |   ──────────────────────────────────────────────────
2026-05-29 09:01:28,552 | INFO     | ✅ Статистика сохранена: /home/runner/work/vpn-vless-configs-russia/vpn-vless-configs-russia/stats.json
2026-05-29 09:01:28,552 | INFO     | 
2026-05-29 09:01:28,553 | INFO     | ======================================================================
2026-05-29 09:01:28,553 | INFO     | 📊 ИТОГОВЫЙ ОТЧЁТ
2026-05-29 09:01:28,553 | INFO     | ======================================================================
2026-05-29 09:01:28,553 | INFO     |   ✅ OK         | Загрузка и geo-фильтрация
2026-05-29 09:01:28,553 | INFO     |   ✅ OK         | Фильтрация по реальному SNI
2026-05-29 09:01:28,553 | INFO     |   ✅ OK         | Экспериментальный RU-SNI фильтр
2026-05-29 09:01:28,553 | INFO     |   ✅ OK         | Сбор статистики
2026-05-29 09:01:28,553 | INFO     | ──────────────────────────────────────────────────────────────────────
2026-05-29 09:01:28,553 | INFO     | ✅ ВСЕ ЭТАПЫ УСПЕШНЫ (4/4)
2026-05-29 09:01:28,553 | INFO     | ⏰ Время завершения: 2026-05-29 09:01:28
2026-05-29 09:01:28,553 | INFO     | ======================================================================
