2026-06-02 15:51:25,343 | INFO     | ======================================================================
2026-06-02 15:51:25,343 | INFO     | 🔍 VPN KEY CHECKER - Начало проверки
2026-06-02 15:51:25,343 | INFO     | ⏰ Время старта: 2026-06-02 15:51:25
2026-06-02 15:51:25,343 | INFO     | 📂 Рабочая директория: /home/runner/work/vpn-vless-configs-russia/vpn-vless-configs-russia
2026-06-02 15:51:25,343 | INFO     | ======================================================================
2026-06-02 15:51:25,343 | INFO     | 
2026-06-02 15:51:25,343 | INFO     | 🔍 Проверка наличия скриптов...
2026-06-02 15:51:25,343 | INFO     |   ✅ mirror.py
2026-06-02 15:51:25,343 | INFO     |   ✅ filter_ru_sni.py
2026-06-02 15:51:25,343 | INFO     |   ✅ filter_ru_sni_local.py
2026-06-02 15:51:25,343 | INFO     | 
2026-06-02 15:51:25,343 | INFO     | 
2026-06-02 15:51:25,343 | INFO     | ──────────────────────────────────────────────────────────────────────
2026-06-02 15:51:25,343 | INFO     | 📌 ЭТАП: Загрузка и geo-фильтрация
2026-06-02 15:51:25,343 | INFO     | ──────────────────────────────────────────────────────────────────────
2026-06-02 15:51:25,343 | INFO     | 🚀 Запуск mirror.py (Загрузка и фильтрация по РФ/СНГ/Европа)...
2026-06-02 15:51:29,141 | INFO     |   → 🚀 Старт: всего источников (старые + новые): 10
2026-06-02 15:51:29,141 | INFO     |   → 1/10: ✅ 0 взято | 🗑️ 0 мусор
2026-06-02 15:51:29,141 | INFO     |   → 2/10: ✅ 0 взято | 🗑️ 0 мусор
2026-06-02 15:51:29,141 | INFO     |   → 3/10: ✅ 14 взято | 🗑️ 152 мусор
2026-06-02 15:51:29,141 | INFO     |   → 4/10: ✅ 0 взято | 🗑️ 0 мусор
2026-06-02 15:51:29,141 | INFO     |   → 5/10: ✅ 4 взято | 🗑️ 130 мусор
2026-06-02 15:51:29,141 | INFO     |   → 6/10: ✅ 0 взято | 🗑️ 0 мусор
2026-06-02 15:51:29,141 | INFO     |   → 7/10: ✅ 13 взято | 🗑️ 7 мусор
2026-06-02 15:51:29,141 | INFO     |   → 8/10: ✅ 0 взято | 🗑️ 7 мусор
2026-06-02 15:51:29,141 | INFO     |   → 9/10: ✅ 7 взято | 🗑️ 12 мусор
2026-06-02 15:51:29,141 | INFO     |   → 10/10: ✅ 0 взято | 🗑️ 0 мусор
2026-06-02 15:51:29,141 | INFO     |   → ✅ ГОТОВО!
2026-06-02 15:51:29,141 | INFO     |   →    📥 Всего ключей после фильтра: 38
2026-06-02 15:51:29,141 | INFO     |   →    🔗 Уникальных IP:PORT:SCHEME: 27
2026-06-02 15:51:29,141 | INFO     |   →    🗑️ Выброшено мусора: 308
2026-06-02 15:51:29,141 | INFO     |   → 📊 По протоколам:
2026-06-02 15:51:29,141 | INFO     |   →    vless: 17
2026-06-02 15:51:29,141 | INFO     |   →    vmess: 1
2026-06-02 15:51:29,141 | INFO     |   →    trojan: 4
2026-06-02 15:51:29,141 | INFO     |   →    ss: 5
2026-06-02 15:51:29,141 | INFO     | ✅ mirror.py завершён успешно
2026-06-02 15:51:29,141 | INFO     | 
2026-06-02 15:51:29,142 | INFO     | 
2026-06-02 15:51:29,142 | INFO     | ──────────────────────────────────────────────────────────────────────
2026-06-02 15:51:29,142 | INFO     | 📌 ЭТАП: Фильтрация по реальному SNI
2026-06-02 15:51:29,142 | INFO     | ──────────────────────────────────────────────────────────────────────
2026-06-02 15:51:29,142 | INFO     | 🚀 Запуск filter_ru_sni.py (Фильтр по реальному SNI (CDN+RU))...
2026-06-02 15:51:29,167 | INFO     |   → ss.txt: 5 → 0 (SNI-filtered)
2026-06-02 15:51:29,167 | INFO     |   →   trojan.txt: 4 → 0 (SNI-filtered)
2026-06-02 15:51:29,167 | INFO     |   →   vless.txt: 17 → 6 (SNI-filtered)
2026-06-02 15:51:29,167 | INFO     |   →   vmess.txt: 1 → 0 (SNI-filtered)
2026-06-02 15:51:29,167 | INFO     |   → ==================================================
2026-06-02 15:51:29,167 | INFO     |   →   Всего входных:  27
2026-06-02 15:51:29,167 | INFO     |   →   Прошли фильтр:  6
2026-06-02 15:51:29,167 | INFO     |   →   Отброшено:      21
2026-06-02 15:51:29,167 | INFO     |   → ==================================================
2026-06-02 15:51:29,167 | INFO     |   → Готово → /home/runner/work/vpn-vless-configs-russia/vpn-vless-configs-russia/githubmirror/ru-sni
2026-06-02 15:51:29,167 | INFO     | ✅ filter_ru_sni.py завершён успешно
2026-06-02 15:51:29,167 | INFO     | 
2026-06-02 15:51:29,167 | INFO     | 
2026-06-02 15:51:29,167 | INFO     | ──────────────────────────────────────────────────────────────────────
2026-06-02 15:51:29,167 | INFO     | 📌 ЭТАП: Экспериментальный RU-SNI фильтр
2026-06-02 15:51:29,167 | INFO     | ──────────────────────────────────────────────────────────────────────
2026-06-02 15:51:29,167 | INFO     | 🚀 Запуск filter_ru_sni_local.py (Экспериментальный фильтр по RU-SNI (локальные домены))...
2026-06-02 15:51:29,192 | INFO     |   → ss.txt: 5 → 0 (RU-SNI)
2026-06-02 15:51:29,192 | INFO     |   → trojan.txt: 4 → 0 (RU-SNI)
2026-06-02 15:51:29,192 | INFO     |   → vless.txt: 17 → 2 (RU-SNI)
2026-06-02 15:51:29,192 | INFO     |   → vmess.txt: 1 → 0 (RU-SNI)
2026-06-02 15:51:29,192 | INFO     |   → ==================================================
2026-06-02 15:51:29,192 | INFO     |   → Всего входных:  27
2026-06-02 15:51:29,192 | INFO     |   → Прошли RU-SNI:  2
2026-06-02 15:51:29,192 | INFO     |   → Отброшено:      25
2026-06-02 15:51:29,192 | INFO     |   → ==================================================
2026-06-02 15:51:29,192 | INFO     |   → Готово → /home/runner/work/vpn-vless-configs-russia/vpn-vless-configs-russia/githubmirror/ru-sni-local
2026-06-02 15:51:29,192 | INFO     | ✅ filter_ru_sni_local.py завершён успешно
2026-06-02 15:51:29,192 | INFO     | 
2026-06-02 15:51:29,192 | INFO     | 
2026-06-02 15:51:29,192 | INFO     | ──────────────────────────────────────────────────────────────────────
2026-06-02 15:51:29,192 | INFO     | 📌 ЭТАП: Сбор статистики
2026-06-02 15:51:29,192 | INFO     | ──────────────────────────────────────────────────────────────────────
2026-06-02 15:51:29,192 | INFO     | 📊 Сбор статистики...
2026-06-02 15:51:29,192 | INFO     |   📁 githubmirror/clean:
2026-06-02 15:51:29,193 | INFO     |     • ss          :     5 конфигов
2026-06-02 15:51:29,193 | INFO     |     • trojan      :     4 конфигов
2026-06-02 15:51:29,193 | INFO     |     • vless       :    17 конфигов
2026-06-02 15:51:29,193 | INFO     |     • vmess       :     1 конфигов
2026-06-02 15:51:29,193 | INFO     |   📁 githubmirror/ru-sni:
2026-06-02 15:51:29,193 | INFO     |     • ss          :     0 конфигов (  0.0% от clean)
2026-06-02 15:51:29,193 | INFO     |     • trojan      :     0 конфигов (  0.0% от clean)
2026-06-02 15:51:29,193 | INFO     |     • vless       :     6 конфигов ( 35.3% от clean)
2026-06-02 15:51:29,193 | INFO     |     • vmess       :     0 конфигов (  0.0% от clean)
2026-06-02 15:51:29,194 | INFO     | 
2026-06-02 15:51:29,194 | INFO     |   ──────────────────────────────────────────────────
2026-06-02 15:51:29,194 | INFO     |   📈 ИТОГО:
2026-06-02 15:51:29,194 | INFO     |     Clean (после geo-фильтра):       27
2026-06-02 15:51:29,194 | INFO     |     RU-SNI (после SNI-фильтра):       6
2026-06-02 15:51:29,194 | INFO     |     Прошло фильтр:                 22.2%
2026-06-02 15:51:29,194 | INFO     |   ──────────────────────────────────────────────────
2026-06-02 15:51:29,194 | INFO     | ✅ Статистика сохранена: /home/runner/work/vpn-vless-configs-russia/vpn-vless-configs-russia/stats.json
2026-06-02 15:51:29,194 | INFO     | 
2026-06-02 15:51:29,194 | INFO     | ======================================================================
2026-06-02 15:51:29,194 | INFO     | 📊 ИТОГОВЫЙ ОТЧЁТ
2026-06-02 15:51:29,194 | INFO     | ======================================================================
2026-06-02 15:51:29,194 | INFO     |   ✅ OK         | Загрузка и geo-фильтрация
2026-06-02 15:51:29,194 | INFO     |   ✅ OK         | Фильтрация по реальному SNI
2026-06-02 15:51:29,194 | INFO     |   ✅ OK         | Экспериментальный RU-SNI фильтр
2026-06-02 15:51:29,194 | INFO     |   ✅ OK         | Сбор статистики
2026-06-02 15:51:29,194 | INFO     | ──────────────────────────────────────────────────────────────────────
2026-06-02 15:51:29,194 | INFO     | ✅ ВСЕ ЭТАПЫ УСПЕШНЫ (4/4)
2026-06-02 15:51:29,194 | INFO     | ⏰ Время завершения: 2026-06-02 15:51:29
2026-06-02 15:51:29,194 | INFO     | ======================================================================
