2026-06-11 09:59:24,748 | INFO     | ======================================================================
2026-06-11 09:59:24,748 | INFO     | 🔍 VPN KEY CHECKER - Начало проверки
2026-06-11 09:59:24,748 | INFO     | ⏰ Время старта: 2026-06-11 09:59:24
2026-06-11 09:59:24,748 | INFO     | 📂 Рабочая директория: /home/runner/work/vpn-vless-configs-russia/vpn-vless-configs-russia
2026-06-11 09:59:24,748 | INFO     | ======================================================================
2026-06-11 09:59:24,748 | INFO     | 
2026-06-11 09:59:24,748 | INFO     | 🔍 Проверка наличия скриптов...
2026-06-11 09:59:24,749 | INFO     |   ✅ mirror.py
2026-06-11 09:59:24,749 | INFO     |   ✅ filter_ru_sni.py
2026-06-11 09:59:24,749 | INFO     |   ✅ filter_ru_sni_local.py
2026-06-11 09:59:24,749 | INFO     | 
2026-06-11 09:59:24,749 | INFO     | 
2026-06-11 09:59:24,749 | INFO     | ──────────────────────────────────────────────────────────────────────
2026-06-11 09:59:24,749 | INFO     | 📌 ЭТАП: Загрузка и geo-фильтрация
2026-06-11 09:59:24,749 | INFO     | ──────────────────────────────────────────────────────────────────────
2026-06-11 09:59:24,749 | INFO     | 🚀 Запуск mirror.py (Загрузка и фильтрация по РФ/СНГ/Европа)...
2026-06-11 09:59:28,828 | INFO     |   → 🚀 Старт: всего источников (старые + новые): 8
2026-06-11 09:59:28,828 | INFO     |   → 1/8: ✅ 0 взято | 🗑️ 0 мусор
2026-06-11 09:59:28,828 | INFO     |   → 2/8: ✅ 0 взято | 🗑️ 0 мусор
2026-06-11 09:59:28,828 | INFO     |   → 3/8: ✅ 0 взято | 🗑️ 0 мусор
2026-06-11 09:59:28,828 | INFO     |   → 4/8: ✅ 15 взято | 🗑️ 179 мусор
2026-06-11 09:59:28,828 | INFO     |   → 5/8: ✅ 0 взято | 🗑️ 161 мусор
2026-06-11 09:59:28,828 | INFO     |   → 6/8: ✅ 0 взято | 🗑️ 0 мусор
2026-06-11 09:59:28,828 | INFO     |   → 7/8: ✅ 5 взято | 🗑️ 9 мусор
2026-06-11 09:59:28,828 | INFO     |   → 8/8: ✅ 0 взято | 🗑️ 9 мусор
2026-06-11 09:59:28,828 | INFO     |   → ✅ ГОТОВО!
2026-06-11 09:59:28,828 | INFO     |   →    📥 Всего ключей после фильтра: 20
2026-06-11 09:59:28,828 | INFO     |   →    🔗 Уникальных IP:PORT:SCHEME: 14
2026-06-11 09:59:28,828 | INFO     |   →    🗑️ Выброшено мусора: 358
2026-06-11 09:59:28,828 | INFO     |   → 📊 По протоколам:
2026-06-11 09:59:28,828 | INFO     |   →    vless: 9
2026-06-11 09:59:28,828 | INFO     |   →    vmess: 1
2026-06-11 09:59:28,828 | INFO     |   →    trojan: 3
2026-06-11 09:59:28,828 | INFO     |   →    hysteria2: 1
2026-06-11 09:59:28,828 | INFO     | ✅ mirror.py завершён успешно
2026-06-11 09:59:28,829 | INFO     | 
2026-06-11 09:59:28,829 | INFO     | 
2026-06-11 09:59:28,829 | INFO     | ──────────────────────────────────────────────────────────────────────
2026-06-11 09:59:28,829 | INFO     | 📌 ЭТАП: Фильтрация по реальному SNI
2026-06-11 09:59:28,829 | INFO     | ──────────────────────────────────────────────────────────────────────
2026-06-11 09:59:28,829 | INFO     | 🚀 Запуск filter_ru_sni.py (Фильтр по реальному SNI (CDN+RU))...
2026-06-11 09:59:28,856 | INFO     |   → hysteria2.txt: 1 → 0 (SNI-filtered)
2026-06-11 09:59:28,857 | INFO     |   →   trojan.txt: 3 → 0 (SNI-filtered)
2026-06-11 09:59:28,857 | INFO     |   →   vless.txt: 9 → 0 (SNI-filtered)
2026-06-11 09:59:28,857 | INFO     |   →   vmess.txt: 1 → 0 (SNI-filtered)
2026-06-11 09:59:28,857 | INFO     |   → ==================================================
2026-06-11 09:59:28,857 | INFO     |   →   Всего входных:  14
2026-06-11 09:59:28,857 | INFO     |   →   Прошли фильтр:  0
2026-06-11 09:59:28,857 | INFO     |   →   Отброшено:      14
2026-06-11 09:59:28,857 | INFO     |   → ==================================================
2026-06-11 09:59:28,857 | INFO     |   → Готово → /home/runner/work/vpn-vless-configs-russia/vpn-vless-configs-russia/githubmirror/ru-sni
2026-06-11 09:59:28,857 | INFO     | ✅ filter_ru_sni.py завершён успешно
2026-06-11 09:59:28,857 | INFO     | 
2026-06-11 09:59:28,857 | INFO     | 
2026-06-11 09:59:28,857 | INFO     | ──────────────────────────────────────────────────────────────────────
2026-06-11 09:59:28,857 | INFO     | 📌 ЭТАП: Экспериментальный RU-SNI фильтр
2026-06-11 09:59:28,857 | INFO     | ──────────────────────────────────────────────────────────────────────
2026-06-11 09:59:28,857 | INFO     | 🚀 Запуск filter_ru_sni_local.py (Экспериментальный фильтр по RU-SNI (локальные домены))...
2026-06-11 09:59:28,885 | INFO     |   → hysteria2.txt: 1 → 0 (RU-SNI)
2026-06-11 09:59:28,885 | INFO     |   → trojan.txt: 3 → 0 (RU-SNI)
2026-06-11 09:59:28,885 | INFO     |   → vless.txt: 9 → 0 (RU-SNI)
2026-06-11 09:59:28,885 | INFO     |   → vmess.txt: 1 → 0 (RU-SNI)
2026-06-11 09:59:28,885 | INFO     |   → ==================================================
2026-06-11 09:59:28,885 | INFO     |   → Всего входных:  14
2026-06-11 09:59:28,885 | INFO     |   → Прошли RU-SNI:  0
2026-06-11 09:59:28,885 | INFO     |   → Отброшено:      14
2026-06-11 09:59:28,885 | INFO     |   → ==================================================
2026-06-11 09:59:28,885 | INFO     |   → Готово → /home/runner/work/vpn-vless-configs-russia/vpn-vless-configs-russia/githubmirror/ru-sni-local
2026-06-11 09:59:28,885 | INFO     | ✅ filter_ru_sni_local.py завершён успешно
2026-06-11 09:59:28,885 | INFO     | 
2026-06-11 09:59:28,885 | INFO     | 
2026-06-11 09:59:28,885 | INFO     | ──────────────────────────────────────────────────────────────────────
2026-06-11 09:59:28,885 | INFO     | 📌 ЭТАП: Сбор статистики
2026-06-11 09:59:28,885 | INFO     | ──────────────────────────────────────────────────────────────────────
2026-06-11 09:59:28,885 | INFO     | 📊 Сбор статистики...
2026-06-11 09:59:28,886 | INFO     |   📁 githubmirror/clean:
2026-06-11 09:59:28,886 | INFO     |     • hysteria2   :     1 конфигов
2026-06-11 09:59:28,886 | INFO     |     • trojan      :     3 конфигов
2026-06-11 09:59:28,886 | INFO     |     • vless       :     9 конфигов
2026-06-11 09:59:28,886 | INFO     |     • vmess       :     1 конфигов
2026-06-11 09:59:28,886 | INFO     |   📁 githubmirror/ru-sni:
2026-06-11 09:59:28,887 | INFO     |     • hysteria2   :     0 конфигов (  0.0% от clean)
2026-06-11 09:59:28,887 | INFO     |     • trojan      :     0 конфигов (  0.0% от clean)
2026-06-11 09:59:28,887 | INFO     |     • vless       :     0 конфигов (  0.0% от clean)
2026-06-11 09:59:28,887 | INFO     |     • vmess       :     0 конфигов (  0.0% от clean)
2026-06-11 09:59:28,887 | INFO     | 
2026-06-11 09:59:28,887 | INFO     |   ──────────────────────────────────────────────────
2026-06-11 09:59:28,887 | INFO     |   📈 ИТОГО:
2026-06-11 09:59:28,887 | INFO     |     Clean (после geo-фильтра):       14
2026-06-11 09:59:28,887 | INFO     |     RU-SNI (после SNI-фильтра):       0
2026-06-11 09:59:28,887 | INFO     |     Прошло фильтр:                  0.0%
2026-06-11 09:59:28,887 | INFO     |   ──────────────────────────────────────────────────
2026-06-11 09:59:28,888 | INFO     | ✅ Статистика сохранена: /home/runner/work/vpn-vless-configs-russia/vpn-vless-configs-russia/stats.json
2026-06-11 09:59:28,888 | INFO     | 
2026-06-11 09:59:28,888 | INFO     | ======================================================================
2026-06-11 09:59:28,888 | INFO     | 📊 ИТОГОВЫЙ ОТЧЁТ
2026-06-11 09:59:28,888 | INFO     | ======================================================================
2026-06-11 09:59:28,888 | INFO     |   ✅ OK         | Загрузка и geo-фильтрация
2026-06-11 09:59:28,888 | INFO     |   ✅ OK         | Фильтрация по реальному SNI
2026-06-11 09:59:28,888 | INFO     |   ✅ OK         | Экспериментальный RU-SNI фильтр
2026-06-11 09:59:28,888 | INFO     |   ✅ OK         | Сбор статистики
2026-06-11 09:59:28,888 | INFO     | ──────────────────────────────────────────────────────────────────────
2026-06-11 09:59:28,888 | INFO     | ✅ ВСЕ ЭТАПЫ УСПЕШНЫ (4/4)
2026-06-11 09:59:28,888 | INFO     | ⏰ Время завершения: 2026-06-11 09:59:28
2026-06-11 09:59:28,888 | INFO     | ======================================================================
