2026-06-21 09:32:26,445 | INFO     | ======================================================================
2026-06-21 09:32:26,445 | INFO     | 🔍 VPN KEY CHECKER - Начало проверки
2026-06-21 09:32:26,445 | INFO     | ⏰ Время старта: 2026-06-21 09:32:26
2026-06-21 09:32:26,445 | INFO     | 📂 Рабочая директория: /home/runner/work/vpn-vless-configs-russia/vpn-vless-configs-russia
2026-06-21 09:32:26,445 | INFO     | ======================================================================
2026-06-21 09:32:26,445 | INFO     | 
2026-06-21 09:32:26,445 | INFO     | 🔍 Проверка наличия скриптов...
2026-06-21 09:32:26,445 | INFO     |   ✅ mirror.py
2026-06-21 09:32:26,445 | INFO     |   ✅ filter_ru_sni.py
2026-06-21 09:32:26,445 | INFO     |   ✅ filter_ru_sni_local.py
2026-06-21 09:32:26,445 | INFO     | 
2026-06-21 09:32:26,445 | INFO     | 
2026-06-21 09:32:26,445 | INFO     | ──────────────────────────────────────────────────────────────────────
2026-06-21 09:32:26,445 | INFO     | 📌 ЭТАП: Загрузка и geo-фильтрация
2026-06-21 09:32:26,445 | INFO     | ──────────────────────────────────────────────────────────────────────
2026-06-21 09:32:26,445 | INFO     | 🚀 Запуск mirror.py (Загрузка и фильтрация по РФ/СНГ/Европа)...
2026-06-21 09:32:29,813 | INFO     |   → 🚀 Старт: всего источников (старые + новые): 8
2026-06-21 09:32:29,813 | INFO     |   → 1/8: ✅ 0 взято | 🗑️ 0 мусор
2026-06-21 09:32:29,813 | INFO     |   → 2/8: ✅ 0 взято | 🗑️ 0 мусор
2026-06-21 09:32:29,813 | INFO     |   → 3/8: ✅ 12 взято | 🗑️ 225 мусор
2026-06-21 09:32:29,813 | INFO     |   → 4/8: ✅ 0 взято | 🗑️ 0 мусор
2026-06-21 09:32:29,813 | INFO     |   → 5/8: ✅ 4 взято | 🗑️ 147 мусор
2026-06-21 09:32:29,813 | INFO     |   → 6/8: ✅ 0 взято | 🗑️ 0 мусор
2026-06-21 09:32:29,813 | INFO     |   → 7/8: ✅ 13 взято | 🗑️ 10 мусор
2026-06-21 09:32:29,813 | INFO     |   → 8/8: ✅ 0 взято | 🗑️ 10 мусор
2026-06-21 09:32:29,813 | INFO     |   → ✅ ГОТОВО!
2026-06-21 09:32:29,813 | INFO     |   →    📥 Всего ключей после фильтра: 29
2026-06-21 09:32:29,813 | INFO     |   →    🔗 Уникальных IP:PORT:SCHEME: 25
2026-06-21 09:32:29,814 | INFO     |   →    🗑️ Выброшено мусора: 392
2026-06-21 09:32:29,814 | INFO     |   → 📊 По протоколам:
2026-06-21 09:32:29,814 | INFO     |   →    vless: 21
2026-06-21 09:32:29,814 | INFO     |   →    trojan: 4
2026-06-21 09:32:29,814 | INFO     | ✅ mirror.py завершён успешно
2026-06-21 09:32:29,814 | INFO     | 
2026-06-21 09:32:29,814 | INFO     | 
2026-06-21 09:32:29,814 | INFO     | ──────────────────────────────────────────────────────────────────────
2026-06-21 09:32:29,814 | INFO     | 📌 ЭТАП: Фильтрация по реальному SNI
2026-06-21 09:32:29,814 | INFO     | ──────────────────────────────────────────────────────────────────────
2026-06-21 09:32:29,814 | INFO     | 🚀 Запуск filter_ru_sni.py (Фильтр по реальному SNI (CDN+RU))...
2026-06-21 09:32:29,842 | INFO     |   → trojan.txt: 4 → 0 (SNI-filtered)
2026-06-21 09:32:29,842 | INFO     |   →   vless.txt: 21 → 1 (SNI-filtered)
2026-06-21 09:32:29,842 | INFO     |   → ==================================================
2026-06-21 09:32:29,842 | INFO     |   →   Всего входных:  25
2026-06-21 09:32:29,843 | INFO     |   →   Прошли фильтр:  1
2026-06-21 09:32:29,843 | INFO     |   →   Отброшено:      24
2026-06-21 09:32:29,843 | INFO     |   → ==================================================
2026-06-21 09:32:29,843 | INFO     |   → Готово → /home/runner/work/vpn-vless-configs-russia/vpn-vless-configs-russia/githubmirror/ru-sni
2026-06-21 09:32:29,843 | INFO     | ✅ filter_ru_sni.py завершён успешно
2026-06-21 09:32:29,843 | INFO     | 
2026-06-21 09:32:29,843 | INFO     | 
2026-06-21 09:32:29,843 | INFO     | ──────────────────────────────────────────────────────────────────────
2026-06-21 09:32:29,843 | INFO     | 📌 ЭТАП: Экспериментальный RU-SNI фильтр
2026-06-21 09:32:29,843 | INFO     | ──────────────────────────────────────────────────────────────────────
2026-06-21 09:32:29,843 | INFO     | 🚀 Запуск filter_ru_sni_local.py (Экспериментальный фильтр по RU-SNI (локальные домены))...
2026-06-21 09:32:29,871 | INFO     |   → trojan.txt: 4 → 0 (RU-SNI)
2026-06-21 09:32:29,871 | INFO     |   → vless.txt: 21 → 0 (RU-SNI)
2026-06-21 09:32:29,871 | INFO     |   → ==================================================
2026-06-21 09:32:29,871 | INFO     |   → Всего входных:  25
2026-06-21 09:32:29,871 | INFO     |   → Прошли RU-SNI:  0
2026-06-21 09:32:29,871 | INFO     |   → Отброшено:      25
2026-06-21 09:32:29,871 | INFO     |   → ==================================================
2026-06-21 09:32:29,871 | INFO     |   → Готово → /home/runner/work/vpn-vless-configs-russia/vpn-vless-configs-russia/githubmirror/ru-sni-local
2026-06-21 09:32:29,871 | INFO     | ✅ filter_ru_sni_local.py завершён успешно
2026-06-21 09:32:29,871 | INFO     | 
2026-06-21 09:32:29,871 | INFO     | 
2026-06-21 09:32:29,871 | INFO     | ──────────────────────────────────────────────────────────────────────
2026-06-21 09:32:29,871 | INFO     | 📌 ЭТАП: Сбор статистики
2026-06-21 09:32:29,871 | INFO     | ──────────────────────────────────────────────────────────────────────
2026-06-21 09:32:29,871 | INFO     | 📊 Сбор статистики...
2026-06-21 09:32:29,871 | INFO     |   📁 githubmirror/clean:
2026-06-21 09:32:29,872 | INFO     |     • trojan      :     4 конфигов
2026-06-21 09:32:29,872 | INFO     |     • vless       :    21 конфигов
2026-06-21 09:32:29,872 | INFO     |   📁 githubmirror/ru-sni:
2026-06-21 09:32:29,872 | INFO     |     • trojan      :     0 конфигов (  0.0% от clean)
2026-06-21 09:32:29,872 | INFO     |     • vless       :     1 конфигов (  4.8% от clean)
2026-06-21 09:32:29,872 | INFO     | 
2026-06-21 09:32:29,872 | INFO     |   ──────────────────────────────────────────────────
2026-06-21 09:32:29,872 | INFO     |   📈 ИТОГО:
2026-06-21 09:32:29,872 | INFO     |     Clean (после geo-фильтра):       25
2026-06-21 09:32:29,872 | INFO     |     RU-SNI (после SNI-фильтра):       1
2026-06-21 09:32:29,872 | INFO     |     Прошло фильтр:                  4.0%
2026-06-21 09:32:29,872 | INFO     |   ──────────────────────────────────────────────────
2026-06-21 09:32:29,872 | INFO     | ✅ Статистика сохранена: /home/runner/work/vpn-vless-configs-russia/vpn-vless-configs-russia/stats.json
2026-06-21 09:32:29,873 | INFO     | 
2026-06-21 09:32:29,873 | INFO     | ======================================================================
2026-06-21 09:32:29,873 | INFO     | 📊 ИТОГОВЫЙ ОТЧЁТ
2026-06-21 09:32:29,873 | INFO     | ======================================================================
2026-06-21 09:32:29,873 | INFO     |   ✅ OK         | Загрузка и geo-фильтрация
2026-06-21 09:32:29,873 | INFO     |   ✅ OK         | Фильтрация по реальному SNI
2026-06-21 09:32:29,873 | INFO     |   ✅ OK         | Экспериментальный RU-SNI фильтр
2026-06-21 09:32:29,873 | INFO     |   ✅ OK         | Сбор статистики
2026-06-21 09:32:29,873 | INFO     | ──────────────────────────────────────────────────────────────────────
2026-06-21 09:32:29,873 | INFO     | ✅ ВСЕ ЭТАПЫ УСПЕШНЫ (4/4)
2026-06-21 09:32:29,873 | INFO     | ⏰ Время завершения: 2026-06-21 09:32:29
2026-06-21 09:32:29,873 | INFO     | ======================================================================
