2026-05-27 08:56:33,189 | INFO     | ======================================================================
2026-05-27 08:56:33,189 | INFO     | 🔍 VPN KEY CHECKER - Начало проверки
2026-05-27 08:56:33,189 | INFO     | ⏰ Время старта: 2026-05-27 08:56:33
2026-05-27 08:56:33,189 | INFO     | 📂 Рабочая директория: /home/runner/work/vpn-vless-configs-russia/vpn-vless-configs-russia
2026-05-27 08:56:33,189 | INFO     | ======================================================================
2026-05-27 08:56:33,189 | INFO     | 
2026-05-27 08:56:33,189 | INFO     | 🔍 Проверка наличия скриптов...
2026-05-27 08:56:33,189 | INFO     |   ✅ mirror.py
2026-05-27 08:56:33,189 | INFO     |   ✅ filter_ru_sni.py
2026-05-27 08:56:33,189 | INFO     |   ✅ filter_ru_sni_local.py
2026-05-27 08:56:33,189 | INFO     | 
2026-05-27 08:56:33,189 | INFO     | 
2026-05-27 08:56:33,189 | INFO     | ──────────────────────────────────────────────────────────────────────
2026-05-27 08:56:33,190 | INFO     | 📌 ЭТАП: Загрузка и geo-фильтрация
2026-05-27 08:56:33,190 | INFO     | ──────────────────────────────────────────────────────────────────────
2026-05-27 08:56:33,190 | INFO     | 🚀 Запуск mirror.py (Загрузка и фильтрация по РФ/СНГ/Европа)...
2026-05-27 08:56:36,694 | INFO     |   → 🚀 Старт: всего источников (старые + новые): 10
2026-05-27 08:56:36,694 | INFO     |   → 1/10: ✅ 0 взято | 🗑️ 0 мусор
2026-05-27 08:56:36,694 | INFO     |   → 2/10: ✅ 0 взято | 🗑️ 0 мусор
2026-05-27 08:56:36,694 | INFO     |   → 3/10: ✅ 5 взято | 🗑️ 104 мусор
2026-05-27 08:56:36,694 | INFO     |   → 4/10: ✅ 0 взято | 🗑️ 0 мусор
2026-05-27 08:56:36,694 | INFO     |   → 5/10: ✅ 0 взято | 🗑️ 116 мусор
2026-05-27 08:56:36,694 | INFO     |   → 6/10: ✅ 0 взято | 🗑️ 0 мусор
2026-05-27 08:56:36,694 | INFO     |   → 7/10: ✅ 6 взято | 🗑️ 24 мусор
2026-05-27 08:56:36,695 | INFO     |   → 8/10: ✅ 0 взято | 🗑️ 24 мусор
2026-05-27 08:56:36,695 | INFO     |   → 9/10: ✅ 2 взято | 🗑️ 23 мусор
2026-05-27 08:56:36,695 | INFO     |   → 10/10: ✅ 0 взято | 🗑️ 0 мусор
2026-05-27 08:56:36,695 | INFO     |   → ✅ ГОТОВО!
2026-05-27 08:56:36,695 | INFO     |   →    📥 Всего ключей после фильтра: 13
2026-05-27 08:56:36,695 | INFO     |   →    🔗 Уникальных IP:PORT:SCHEME: 13
2026-05-27 08:56:36,695 | INFO     |   →    🗑️ Выброшено мусора: 291
2026-05-27 08:56:36,695 | INFO     |   → 📊 По протоколам:
2026-05-27 08:56:36,695 | INFO     |   →    vless: 7
2026-05-27 08:56:36,695 | INFO     |   →    vmess: 1
2026-05-27 08:56:36,695 | INFO     |   →    trojan: 1
2026-05-27 08:56:36,695 | INFO     |   →    ss: 4
2026-05-27 08:56:36,695 | INFO     | ✅ mirror.py завершён успешно
2026-05-27 08:56:36,695 | INFO     | 
2026-05-27 08:56:36,695 | INFO     | 
2026-05-27 08:56:36,695 | INFO     | ──────────────────────────────────────────────────────────────────────
2026-05-27 08:56:36,695 | INFO     | 📌 ЭТАП: Фильтрация по реальному SNI
2026-05-27 08:56:36,695 | INFO     | ──────────────────────────────────────────────────────────────────────
2026-05-27 08:56:36,695 | INFO     | 🚀 Запуск filter_ru_sni.py (Фильтр по реальному SNI (CDN+RU))...
2026-05-27 08:56:36,722 | INFO     |   → ss.txt: 4 → 0 (SNI-filtered)
2026-05-27 08:56:36,722 | INFO     |   →   trojan.txt: 1 → 0 (SNI-filtered)
2026-05-27 08:56:36,722 | INFO     |   →   vless.txt: 7 → 2 (SNI-filtered)
2026-05-27 08:56:36,722 | INFO     |   →   vmess.txt: 1 → 0 (SNI-filtered)
2026-05-27 08:56:36,722 | INFO     |   → ==================================================
2026-05-27 08:56:36,722 | INFO     |   →   Всего входных:  13
2026-05-27 08:56:36,722 | INFO     |   →   Прошли фильтр:  2
2026-05-27 08:56:36,723 | INFO     |   →   Отброшено:      11
2026-05-27 08:56:36,723 | INFO     |   → ==================================================
2026-05-27 08:56:36,723 | INFO     |   → Готово → /home/runner/work/vpn-vless-configs-russia/vpn-vless-configs-russia/githubmirror/ru-sni
2026-05-27 08:56:36,723 | INFO     | ✅ filter_ru_sni.py завершён успешно
2026-05-27 08:56:36,723 | INFO     | 
2026-05-27 08:56:36,723 | INFO     | 
2026-05-27 08:56:36,723 | INFO     | ──────────────────────────────────────────────────────────────────────
2026-05-27 08:56:36,723 | INFO     | 📌 ЭТАП: Экспериментальный RU-SNI фильтр
2026-05-27 08:56:36,723 | INFO     | ──────────────────────────────────────────────────────────────────────
2026-05-27 08:56:36,723 | INFO     | 🚀 Запуск filter_ru_sni_local.py (Экспериментальный фильтр по RU-SNI (локальные домены))...
2026-05-27 08:56:36,749 | INFO     |   → ss.txt: 4 → 0 (RU-SNI)
2026-05-27 08:56:36,749 | INFO     |   → trojan.txt: 1 → 0 (RU-SNI)
2026-05-27 08:56:36,749 | INFO     |   → vless.txt: 7 → 0 (RU-SNI)
2026-05-27 08:56:36,749 | INFO     |   → vmess.txt: 1 → 0 (RU-SNI)
2026-05-27 08:56:36,749 | INFO     |   → ==================================================
2026-05-27 08:56:36,749 | INFO     |   → Всего входных:  13
2026-05-27 08:56:36,749 | INFO     |   → Прошли RU-SNI:  0
2026-05-27 08:56:36,749 | INFO     |   → Отброшено:      13
2026-05-27 08:56:36,749 | INFO     |   → ==================================================
2026-05-27 08:56:36,749 | INFO     |   → Готово → /home/runner/work/vpn-vless-configs-russia/vpn-vless-configs-russia/githubmirror/ru-sni-local
2026-05-27 08:56:36,749 | INFO     | ✅ filter_ru_sni_local.py завершён успешно
2026-05-27 08:56:36,749 | INFO     | 
2026-05-27 08:56:36,749 | INFO     | 
2026-05-27 08:56:36,749 | INFO     | ──────────────────────────────────────────────────────────────────────
2026-05-27 08:56:36,750 | INFO     | 📌 ЭТАП: Сбор статистики
2026-05-27 08:56:36,750 | INFO     | ──────────────────────────────────────────────────────────────────────
2026-05-27 08:56:36,750 | INFO     | 📊 Сбор статистики...
2026-05-27 08:56:36,750 | INFO     |   📁 githubmirror/clean:
2026-05-27 08:56:36,750 | INFO     |     • ss          :     4 конфигов
2026-05-27 08:56:36,750 | INFO     |     • trojan      :     1 конфигов
2026-05-27 08:56:36,750 | INFO     |     • vless       :     7 конфигов
2026-05-27 08:56:36,750 | INFO     |     • vmess       :     1 конфигов
2026-05-27 08:56:36,751 | INFO     |   📁 githubmirror/ru-sni:
2026-05-27 08:56:36,751 | INFO     |     • ss          :     0 конфигов (  0.0% от clean)
2026-05-27 08:56:36,751 | INFO     |     • trojan      :     0 конфигов (  0.0% от clean)
2026-05-27 08:56:36,751 | INFO     |     • vless       :     2 конфигов ( 28.6% от clean)
2026-05-27 08:56:36,751 | INFO     |     • vmess       :     0 конфигов (  0.0% от clean)
2026-05-27 08:56:36,751 | INFO     | 
2026-05-27 08:56:36,751 | INFO     |   ──────────────────────────────────────────────────
2026-05-27 08:56:36,751 | INFO     |   📈 ИТОГО:
2026-05-27 08:56:36,751 | INFO     |     Clean (после geo-фильтра):       13
2026-05-27 08:56:36,751 | INFO     |     RU-SNI (после SNI-фильтра):       2
2026-05-27 08:56:36,751 | INFO     |     Прошло фильтр:                 15.4%
2026-05-27 08:56:36,751 | INFO     |   ──────────────────────────────────────────────────
2026-05-27 08:56:36,752 | INFO     | ✅ Статистика сохранена: /home/runner/work/vpn-vless-configs-russia/vpn-vless-configs-russia/stats.json
2026-05-27 08:56:36,752 | INFO     | 
2026-05-27 08:56:36,752 | INFO     | ======================================================================
2026-05-27 08:56:36,752 | INFO     | 📊 ИТОГОВЫЙ ОТЧЁТ
2026-05-27 08:56:36,752 | INFO     | ======================================================================
2026-05-27 08:56:36,752 | INFO     |   ✅ OK         | Загрузка и geo-фильтрация
2026-05-27 08:56:36,752 | INFO     |   ✅ OK         | Фильтрация по реальному SNI
2026-05-27 08:56:36,752 | INFO     |   ✅ OK         | Экспериментальный RU-SNI фильтр
2026-05-27 08:56:36,752 | INFO     |   ✅ OK         | Сбор статистики
2026-05-27 08:56:36,752 | INFO     | ──────────────────────────────────────────────────────────────────────
2026-05-27 08:56:36,752 | INFO     | ✅ ВСЕ ЭТАПЫ УСПЕШНЫ (4/4)
2026-05-27 08:56:36,752 | INFO     | ⏰ Время завершения: 2026-05-27 08:56:36
2026-05-27 08:56:36,752 | INFO     | ======================================================================
