2026-06-10 09:36:26,458 | INFO     | ======================================================================
2026-06-10 09:36:26,458 | INFO     | 🔍 VPN KEY CHECKER - Начало проверки
2026-06-10 09:36:26,458 | INFO     | ⏰ Время старта: 2026-06-10 09:36:26
2026-06-10 09:36:26,458 | INFO     | 📂 Рабочая директория: /home/runner/work/vpn-vless-configs-russia/vpn-vless-configs-russia
2026-06-10 09:36:26,458 | INFO     | ======================================================================
2026-06-10 09:36:26,458 | INFO     | 
2026-06-10 09:36:26,458 | INFO     | 🔍 Проверка наличия скриптов...
2026-06-10 09:36:26,458 | INFO     |   ✅ mirror.py
2026-06-10 09:36:26,458 | INFO     |   ✅ filter_ru_sni.py
2026-06-10 09:36:26,458 | INFO     |   ✅ filter_ru_sni_local.py
2026-06-10 09:36:26,458 | INFO     | 
2026-06-10 09:36:26,458 | INFO     | 
2026-06-10 09:36:26,459 | INFO     | ──────────────────────────────────────────────────────────────────────
2026-06-10 09:36:26,459 | INFO     | 📌 ЭТАП: Загрузка и geo-фильтрация
2026-06-10 09:36:26,459 | INFO     | ──────────────────────────────────────────────────────────────────────
2026-06-10 09:36:26,459 | INFO     | 🚀 Запуск mirror.py (Загрузка и фильтрация по РФ/СНГ/Европа)...
2026-06-10 09:36:30,394 | INFO     |   → 🚀 Старт: всего источников (старые + новые): 8
2026-06-10 09:36:30,394 | INFO     |   → 1/8: ✅ 0 взято | 🗑️ 0 мусор
2026-06-10 09:36:30,394 | INFO     |   → 2/8: ✅ 0 взято | 🗑️ 0 мусор
2026-06-10 09:36:30,394 | INFO     |   → 3/8: ✅ 11 взято | 🗑️ 232 мусор
2026-06-10 09:36:30,394 | INFO     |   → 4/8: ✅ 0 взято | 🗑️ 0 мусор
2026-06-10 09:36:30,394 | INFO     |   → 5/8: ✅ 0 взято | 🗑️ 270 мусор
2026-06-10 09:36:30,394 | INFO     |   → 6/8: ✅ 0 взято | 🗑️ 0 мусор
2026-06-10 09:36:30,394 | INFO     |   → 7/8: ✅ 13 взято | 🗑️ 7 мусор
2026-06-10 09:36:30,395 | INFO     |   → 8/8: ✅ 0 взято | 🗑️ 7 мусор
2026-06-10 09:36:30,395 | INFO     |   → ✅ ГОТОВО!
2026-06-10 09:36:30,395 | INFO     |   →    📥 Всего ключей после фильтра: 24
2026-06-10 09:36:30,395 | INFO     |   →    🔗 Уникальных IP:PORT:SCHEME: 20
2026-06-10 09:36:30,395 | INFO     |   →    🗑️ Выброшено мусора: 516
2026-06-10 09:36:30,395 | INFO     |   → 📊 По протоколам:
2026-06-10 09:36:30,395 | INFO     |   →    vless: 10
2026-06-10 09:36:30,395 | INFO     |   →    vmess: 1
2026-06-10 09:36:30,395 | INFO     |   →    trojan: 4
2026-06-10 09:36:30,395 | INFO     |   →    ss: 3
2026-06-10 09:36:30,395 | INFO     |   →    hysteria2: 2
2026-06-10 09:36:30,395 | INFO     | ✅ mirror.py завершён успешно
2026-06-10 09:36:30,395 | INFO     | 
2026-06-10 09:36:30,395 | INFO     | 
2026-06-10 09:36:30,395 | INFO     | ──────────────────────────────────────────────────────────────────────
2026-06-10 09:36:30,396 | INFO     | 📌 ЭТАП: Фильтрация по реальному SNI
2026-06-10 09:36:30,396 | INFO     | ──────────────────────────────────────────────────────────────────────
2026-06-10 09:36:30,396 | INFO     | 🚀 Запуск filter_ru_sni.py (Фильтр по реальному SNI (CDN+RU))...
2026-06-10 09:36:30,424 | INFO     |   → hysteria2.txt: 2 → 1 (SNI-filtered)
2026-06-10 09:36:30,425 | INFO     |   →   ss.txt: 3 → 0 (SNI-filtered)
2026-06-10 09:36:30,425 | INFO     |   →   trojan.txt: 4 → 0 (SNI-filtered)
2026-06-10 09:36:30,425 | INFO     |   →   vless.txt: 10 → 3 (SNI-filtered)
2026-06-10 09:36:30,425 | INFO     |   →   vmess.txt: 1 → 0 (SNI-filtered)
2026-06-10 09:36:30,425 | INFO     |   → ==================================================
2026-06-10 09:36:30,425 | INFO     |   →   Всего входных:  20
2026-06-10 09:36:30,425 | INFO     |   →   Прошли фильтр:  4
2026-06-10 09:36:30,425 | INFO     |   →   Отброшено:      16
2026-06-10 09:36:30,425 | INFO     |   → ==================================================
2026-06-10 09:36:30,425 | INFO     |   → Готово → /home/runner/work/vpn-vless-configs-russia/vpn-vless-configs-russia/githubmirror/ru-sni
2026-06-10 09:36:30,425 | INFO     | ✅ filter_ru_sni.py завершён успешно
2026-06-10 09:36:30,425 | INFO     | 
2026-06-10 09:36:30,425 | INFO     | 
2026-06-10 09:36:30,425 | INFO     | ──────────────────────────────────────────────────────────────────────
2026-06-10 09:36:30,425 | INFO     | 📌 ЭТАП: Экспериментальный RU-SNI фильтр
2026-06-10 09:36:30,425 | INFO     | ──────────────────────────────────────────────────────────────────────
2026-06-10 09:36:30,425 | INFO     | 🚀 Запуск filter_ru_sni_local.py (Экспериментальный фильтр по RU-SNI (локальные домены))...
2026-06-10 09:36:30,453 | INFO     |   → hysteria2.txt: 2 → 0 (RU-SNI)
2026-06-10 09:36:30,454 | INFO     |   → ss.txt: 3 → 0 (RU-SNI)
2026-06-10 09:36:30,454 | INFO     |   → trojan.txt: 4 → 0 (RU-SNI)
2026-06-10 09:36:30,454 | INFO     |   → vless.txt: 10 → 1 (RU-SNI)
2026-06-10 09:36:30,454 | INFO     |   → vmess.txt: 1 → 0 (RU-SNI)
2026-06-10 09:36:30,454 | INFO     |   → ==================================================
2026-06-10 09:36:30,454 | INFO     |   → Всего входных:  20
2026-06-10 09:36:30,454 | INFO     |   → Прошли RU-SNI:  1
2026-06-10 09:36:30,454 | INFO     |   → Отброшено:      19
2026-06-10 09:36:30,454 | INFO     |   → ==================================================
2026-06-10 09:36:30,454 | INFO     |   → Готово → /home/runner/work/vpn-vless-configs-russia/vpn-vless-configs-russia/githubmirror/ru-sni-local
2026-06-10 09:36:30,454 | INFO     | ✅ filter_ru_sni_local.py завершён успешно
2026-06-10 09:36:30,454 | INFO     | 
2026-06-10 09:36:30,454 | INFO     | 
2026-06-10 09:36:30,454 | INFO     | ──────────────────────────────────────────────────────────────────────
2026-06-10 09:36:30,454 | INFO     | 📌 ЭТАП: Сбор статистики
2026-06-10 09:36:30,454 | INFO     | ──────────────────────────────────────────────────────────────────────
2026-06-10 09:36:30,454 | INFO     | 📊 Сбор статистики...
2026-06-10 09:36:30,454 | INFO     |   📁 githubmirror/clean:
2026-06-10 09:36:30,455 | INFO     |     • hysteria2   :     2 конфигов
2026-06-10 09:36:30,455 | INFO     |     • ss          :     3 конфигов
2026-06-10 09:36:30,455 | INFO     |     • trojan      :     4 конфигов
2026-06-10 09:36:30,455 | INFO     |     • vless       :    10 конфигов
2026-06-10 09:36:30,455 | INFO     |     • vmess       :     1 конфигов
2026-06-10 09:36:30,455 | INFO     |   📁 githubmirror/ru-sni:
2026-06-10 09:36:30,456 | INFO     |     • hysteria2   :     1 конфигов ( 50.0% от clean)
2026-06-10 09:36:30,456 | INFO     |     • ss          :     0 конфигов (  0.0% от clean)
2026-06-10 09:36:30,456 | INFO     |     • trojan      :     0 конфигов (  0.0% от clean)
2026-06-10 09:36:30,456 | INFO     |     • vless       :     3 конфигов ( 30.0% от clean)
2026-06-10 09:36:30,456 | INFO     |     • vmess       :     0 конфигов (  0.0% от clean)
2026-06-10 09:36:30,456 | INFO     | 
2026-06-10 09:36:30,456 | INFO     |   ──────────────────────────────────────────────────
2026-06-10 09:36:30,456 | INFO     |   📈 ИТОГО:
2026-06-10 09:36:30,456 | INFO     |     Clean (после geo-фильтра):       20
2026-06-10 09:36:30,456 | INFO     |     RU-SNI (после SNI-фильтра):       4
2026-06-10 09:36:30,456 | INFO     |     Прошло фильтр:                 20.0%
2026-06-10 09:36:30,456 | INFO     |   ──────────────────────────────────────────────────
2026-06-10 09:36:30,457 | INFO     | ✅ Статистика сохранена: /home/runner/work/vpn-vless-configs-russia/vpn-vless-configs-russia/stats.json
2026-06-10 09:36:30,457 | INFO     | 
2026-06-10 09:36:30,457 | INFO     | ======================================================================
2026-06-10 09:36:30,457 | INFO     | 📊 ИТОГОВЫЙ ОТЧЁТ
2026-06-10 09:36:30,457 | INFO     | ======================================================================
2026-06-10 09:36:30,457 | INFO     |   ✅ OK         | Загрузка и geo-фильтрация
2026-06-10 09:36:30,457 | INFO     |   ✅ OK         | Фильтрация по реальному SNI
2026-06-10 09:36:30,457 | INFO     |   ✅ OK         | Экспериментальный RU-SNI фильтр
2026-06-10 09:36:30,457 | INFO     |   ✅ OK         | Сбор статистики
2026-06-10 09:36:30,457 | INFO     | ──────────────────────────────────────────────────────────────────────
2026-06-10 09:36:30,457 | INFO     | ✅ ВСЕ ЭТАПЫ УСПЕШНЫ (4/4)
2026-06-10 09:36:30,457 | INFO     | ⏰ Время завершения: 2026-06-10 09:36:30
2026-06-10 09:36:30,457 | INFO     | ======================================================================
