2026-07-01 02:02:43,031 | INFO     | ======================================================================
2026-07-01 02:02:43,031 | INFO     | 🔍 VPN KEY CHECKER - Начало проверки
2026-07-01 02:02:43,031 | INFO     | ⏰ Время старта: 2026-07-01 02:02:43
2026-07-01 02:02:43,031 | INFO     | 📂 Рабочая директория: /home/runner/work/vpn-vless-configs-russia/vpn-vless-configs-russia
2026-07-01 02:02:43,031 | INFO     | ======================================================================
2026-07-01 02:02:43,031 | INFO     | 
2026-07-01 02:02:43,031 | INFO     | 🔍 Проверка наличия скриптов...
2026-07-01 02:02:43,032 | INFO     |   ✅ mirror.py
2026-07-01 02:02:43,032 | INFO     |   ✅ filter_ru_sni.py
2026-07-01 02:02:43,032 | INFO     |   ✅ filter_ru_sni_local.py
2026-07-01 02:02:43,032 | INFO     | 
2026-07-01 02:02:43,032 | INFO     | 
2026-07-01 02:02:43,032 | INFO     | ──────────────────────────────────────────────────────────────────────
2026-07-01 02:02:43,032 | INFO     | 📌 ЭТАП: Загрузка и geo-фильтрация
2026-07-01 02:02:43,032 | INFO     | ──────────────────────────────────────────────────────────────────────
2026-07-01 02:02:43,032 | INFO     | 🚀 Запуск mirror.py (Загрузка и фильтрация по РФ/СНГ/Европа)...
2026-07-01 02:02:47,258 | INFO     |   → 🚀 Старт: всего источников (старые + новые): 8
2026-07-01 02:02:47,258 | INFO     |   → 1/8: ✅ 0 взято | 🗑️ 0 мусор
2026-07-01 02:02:47,258 | INFO     |   → 2/8: ✅ 0 взято | 🗑️ 0 мусор
2026-07-01 02:02:47,258 | INFO     |   → 3/8: ✅ 8 взято | 🗑️ 60 мусор
2026-07-01 02:02:47,258 | INFO     |   → 4/8: ✅ 0 взято | 🗑️ 0 мусор
2026-07-01 02:02:47,258 | INFO     |   → 5/8: ✅ 4 взято | 🗑️ 224 мусор
2026-07-01 02:02:47,258 | INFO     |   → 6/8: ✅ 0 взято | 🗑️ 0 мусор
2026-07-01 02:02:47,259 | INFO     |   → 7/8: ✅ 13 взято | 🗑️ 10 мусор
2026-07-01 02:02:47,259 | INFO     |   → 8/8: ✅ 0 взято | 🗑️ 10 мусор
2026-07-01 02:02:47,259 | INFO     |   → ✅ ГОТОВО!
2026-07-01 02:02:47,259 | INFO     |   →    📥 Всего ключей после фильтра: 25
2026-07-01 02:02:47,259 | INFO     |   →    🔗 Уникальных IP:PORT:SCHEME: 20
2026-07-01 02:02:47,259 | INFO     |   →    🗑️ Выброшено мусора: 304
2026-07-01 02:02:47,259 | INFO     |   → 📊 По протоколам:
2026-07-01 02:02:47,259 | INFO     |   →    vless: 17
2026-07-01 02:02:47,259 | INFO     |   →    trojan: 2
2026-07-01 02:02:47,259 | INFO     |   →    hysteria2: 1
2026-07-01 02:02:47,259 | INFO     | ✅ mirror.py завершён успешно
2026-07-01 02:02:47,259 | INFO     | 
2026-07-01 02:02:47,259 | INFO     | 
2026-07-01 02:02:47,259 | INFO     | ──────────────────────────────────────────────────────────────────────
2026-07-01 02:02:47,259 | INFO     | 📌 ЭТАП: Фильтрация по реальному SNI
2026-07-01 02:02:47,259 | INFO     | ──────────────────────────────────────────────────────────────────────
2026-07-01 02:02:47,259 | INFO     | 🚀 Запуск filter_ru_sni.py (Фильтр по реальному SNI (CDN+RU))...
2026-07-01 02:02:47,286 | INFO     |   → hysteria2.txt: 1 → 0 (SNI-filtered)
2026-07-01 02:02:47,286 | INFO     |   →   trojan.txt: 2 → 0 (SNI-filtered)
2026-07-01 02:02:47,286 | INFO     |   →   vless.txt: 17 → 0 (SNI-filtered)
2026-07-01 02:02:47,286 | INFO     |   → ==================================================
2026-07-01 02:02:47,286 | INFO     |   →   Всего входных:  20
2026-07-01 02:02:47,286 | INFO     |   →   Прошли фильтр:  0
2026-07-01 02:02:47,286 | INFO     |   →   Отброшено:      20
2026-07-01 02:02:47,286 | INFO     |   → ==================================================
2026-07-01 02:02:47,286 | INFO     |   → Готово → /home/runner/work/vpn-vless-configs-russia/vpn-vless-configs-russia/githubmirror/ru-sni
2026-07-01 02:02:47,286 | INFO     | ✅ filter_ru_sni.py завершён успешно
2026-07-01 02:02:47,286 | INFO     | 
2026-07-01 02:02:47,286 | INFO     | 
2026-07-01 02:02:47,286 | INFO     | ──────────────────────────────────────────────────────────────────────
2026-07-01 02:02:47,286 | INFO     | 📌 ЭТАП: Экспериментальный RU-SNI фильтр
2026-07-01 02:02:47,286 | INFO     | ──────────────────────────────────────────────────────────────────────
2026-07-01 02:02:47,287 | INFO     | 🚀 Запуск filter_ru_sni_local.py (Экспериментальный фильтр по RU-SNI (локальные домены))...
2026-07-01 02:02:47,312 | INFO     |   → hysteria2.txt: 1 → 0 (RU-SNI)
2026-07-01 02:02:47,312 | INFO     |   → trojan.txt: 2 → 0 (RU-SNI)
2026-07-01 02:02:47,312 | INFO     |   → vless.txt: 17 → 0 (RU-SNI)
2026-07-01 02:02:47,312 | INFO     |   → ==================================================
2026-07-01 02:02:47,312 | INFO     |   → Всего входных:  20
2026-07-01 02:02:47,312 | INFO     |   → Прошли RU-SNI:  0
2026-07-01 02:02:47,312 | INFO     |   → Отброшено:      20
2026-07-01 02:02:47,313 | INFO     |   → ==================================================
2026-07-01 02:02:47,313 | INFO     |   → Готово → /home/runner/work/vpn-vless-configs-russia/vpn-vless-configs-russia/githubmirror/ru-sni-local
2026-07-01 02:02:47,313 | INFO     | ✅ filter_ru_sni_local.py завершён успешно
2026-07-01 02:02:47,313 | INFO     | 
2026-07-01 02:02:47,313 | INFO     | 
2026-07-01 02:02:47,313 | INFO     | ──────────────────────────────────────────────────────────────────────
2026-07-01 02:02:47,313 | INFO     | 📌 ЭТАП: Сбор статистики
2026-07-01 02:02:47,313 | INFO     | ──────────────────────────────────────────────────────────────────────
2026-07-01 02:02:47,313 | INFO     | 📊 Сбор статистики...
2026-07-01 02:02:47,313 | INFO     |   📁 githubmirror/clean:
2026-07-01 02:02:47,313 | INFO     |     • hysteria2   :     1 конфигов
2026-07-01 02:02:47,313 | INFO     |     • trojan      :     2 конфигов
2026-07-01 02:02:47,314 | INFO     |     • vless       :    17 конфигов
2026-07-01 02:02:47,314 | INFO     |   📁 githubmirror/ru-sni:
2026-07-01 02:02:47,314 | INFO     |     • hysteria2   :     0 конфигов (  0.0% от clean)
2026-07-01 02:02:47,314 | INFO     |     • trojan      :     0 конфигов (  0.0% от clean)
2026-07-01 02:02:47,314 | INFO     |     • vless       :     0 конфигов (  0.0% от clean)
2026-07-01 02:02:47,314 | INFO     | 
2026-07-01 02:02:47,314 | INFO     |   ──────────────────────────────────────────────────
2026-07-01 02:02:47,314 | INFO     |   📈 ИТОГО:
2026-07-01 02:02:47,314 | INFO     |     Clean (после geo-фильтра):       20
2026-07-01 02:02:47,314 | INFO     |     RU-SNI (после SNI-фильтра):       0
2026-07-01 02:02:47,314 | INFO     |     Прошло фильтр:                  0.0%
2026-07-01 02:02:47,314 | INFO     |   ──────────────────────────────────────────────────
2026-07-01 02:02:47,315 | INFO     | ✅ Статистика сохранена: /home/runner/work/vpn-vless-configs-russia/vpn-vless-configs-russia/stats.json
2026-07-01 02:02:47,315 | INFO     | 
2026-07-01 02:02:47,315 | INFO     | ======================================================================
2026-07-01 02:02:47,315 | INFO     | 📊 ИТОГОВЫЙ ОТЧЁТ
2026-07-01 02:02:47,315 | INFO     | ======================================================================
2026-07-01 02:02:47,315 | INFO     |   ✅ OK         | Загрузка и geo-фильтрация
2026-07-01 02:02:47,315 | INFO     |   ✅ OK         | Фильтрация по реальному SNI
2026-07-01 02:02:47,315 | INFO     |   ✅ OK         | Экспериментальный RU-SNI фильтр
2026-07-01 02:02:47,315 | INFO     |   ✅ OK         | Сбор статистики
2026-07-01 02:02:47,315 | INFO     | ──────────────────────────────────────────────────────────────────────
2026-07-01 02:02:47,315 | INFO     | ✅ ВСЕ ЭТАПЫ УСПЕШНЫ (4/4)
2026-07-01 02:02:47,315 | INFO     | ⏰ Время завершения: 2026-07-01 02:02:47
2026-07-01 02:02:47,315 | INFO     | ======================================================================
