2026-05-20 19:59:21,204 | INFO     | ======================================================================
2026-05-20 19:59:21,204 | INFO     | 🔍 VPN KEY CHECKER - Начало проверки
2026-05-20 19:59:21,204 | INFO     | ⏰ Время старта: 2026-05-20 19:59:21
2026-05-20 19:59:21,204 | INFO     | 📂 Рабочая директория: /home/runner/work/vpn-vless-configs-russia/vpn-vless-configs-russia
2026-05-20 19:59:21,204 | INFO     | ======================================================================
2026-05-20 19:59:21,204 | INFO     | 
2026-05-20 19:59:21,204 | INFO     | 🔍 Проверка наличия скриптов...
2026-05-20 19:59:21,204 | INFO     |   ✅ mirror.py
2026-05-20 19:59:21,205 | INFO     |   ✅ filter_ru_sni.py
2026-05-20 19:59:21,205 | INFO     |   ✅ filter_ru_sni_local.py
2026-05-20 19:59:21,205 | INFO     | 
2026-05-20 19:59:21,205 | INFO     | 
2026-05-20 19:59:21,205 | INFO     | ──────────────────────────────────────────────────────────────────────
2026-05-20 19:59:21,205 | INFO     | 📌 ЭТАП: Загрузка и geo-фильтрация
2026-05-20 19:59:21,205 | INFO     | ──────────────────────────────────────────────────────────────────────
2026-05-20 19:59:21,205 | INFO     | 🚀 Запуск mirror.py (Загрузка и фильтрация по РФ/СНГ/Европа)...
2026-05-20 19:59:25,214 | INFO     |   → 🚀 Старт: всего источников (старые + новые): 10
2026-05-20 19:59:25,214 | INFO     |   → 1/10: ✅ 0 взято | 🗑️ 0 мусор
2026-05-20 19:59:25,214 | INFO     |   → 2/10: ✅ 0 взято | 🗑️ 0 мусор
2026-05-20 19:59:25,214 | INFO     |   → 3/10: ✅ 3 взято | 🗑️ 171 мусор
2026-05-20 19:59:25,214 | INFO     |   → 4/10: ✅ 0 взято | 🗑️ 0 мусор
2026-05-20 19:59:25,214 | INFO     |   → 5/10: ✅ 6 взято | 🗑️ 17 мусор
2026-05-20 19:59:25,214 | INFO     |   → 6/10: ✅ 0 взято | 🗑️ 17 мусор
2026-05-20 19:59:25,214 | INFO     |   → 7/10: ✅ 0 взято | 🗑️ 0 мусор
2026-05-20 19:59:25,214 | INFO     |   → 8/10: ✅ 6 взято | 🗑️ 245 мусор
2026-05-20 19:59:25,214 | INFO     |   → 9/10: ✅ 6 взято | 🗑️ 24 мусор
2026-05-20 19:59:25,214 | INFO     |   → 10/10: ✅ 0 взято | 🗑️ 0 мусор
2026-05-20 19:59:25,214 | INFO     |   → ✅ ГОТОВО!
2026-05-20 19:59:25,214 | INFO     |   →    📥 Всего ключей после фильтра: 21
2026-05-20 19:59:25,214 | INFO     |   →    🔗 Уникальных IP:PORT:SCHEME: 16
2026-05-20 19:59:25,214 | INFO     |   →    🗑️ Выброшено мусора: 474
2026-05-20 19:59:25,214 | INFO     |   → 📊 По протоколам:
2026-05-20 19:59:25,215 | INFO     |   →    vless: 8
2026-05-20 19:59:25,215 | INFO     |   →    vmess: 4
2026-05-20 19:59:25,215 | INFO     |   →    ss: 3
2026-05-20 19:59:25,215 | INFO     |   →    hysteria2: 1
2026-05-20 19:59:25,215 | INFO     | ✅ mirror.py завершён успешно
2026-05-20 19:59:25,215 | INFO     | 
2026-05-20 19:59:25,215 | INFO     | 
2026-05-20 19:59:25,215 | INFO     | ──────────────────────────────────────────────────────────────────────
2026-05-20 19:59:25,215 | INFO     | 📌 ЭТАП: Фильтрация по реальному SNI
2026-05-20 19:59:25,215 | INFO     | ──────────────────────────────────────────────────────────────────────
2026-05-20 19:59:25,215 | INFO     | 🚀 Запуск filter_ru_sni.py (Фильтр по реальному SNI (CDN+RU))...
2026-05-20 19:59:25,243 | INFO     |   → hysteria2.txt: 1 → 0 (SNI-filtered)
2026-05-20 19:59:25,243 | INFO     |   →   ss.txt: 3 → 0 (SNI-filtered)
2026-05-20 19:59:25,243 | INFO     |   →   vless.txt: 8 → 1 (SNI-filtered)
2026-05-20 19:59:25,243 | INFO     |   →   vmess.txt: 4 → 0 (SNI-filtered)
2026-05-20 19:59:25,243 | INFO     |   → ==================================================
2026-05-20 19:59:25,243 | INFO     |   →   Всего входных:  16
2026-05-20 19:59:25,243 | INFO     |   →   Прошли фильтр:  1
2026-05-20 19:59:25,243 | INFO     |   →   Отброшено:      15
2026-05-20 19:59:25,243 | INFO     |   → ==================================================
2026-05-20 19:59:25,243 | INFO     |   → Готово → /home/runner/work/vpn-vless-configs-russia/vpn-vless-configs-russia/githubmirror/ru-sni
2026-05-20 19:59:25,243 | INFO     | ✅ filter_ru_sni.py завершён успешно
2026-05-20 19:59:25,244 | INFO     | 
2026-05-20 19:59:25,244 | INFO     | 
2026-05-20 19:59:25,244 | INFO     | ──────────────────────────────────────────────────────────────────────
2026-05-20 19:59:25,244 | INFO     | 📌 ЭТАП: Экспериментальный RU-SNI фильтр
2026-05-20 19:59:25,244 | INFO     | ──────────────────────────────────────────────────────────────────────
2026-05-20 19:59:25,244 | INFO     | 🚀 Запуск filter_ru_sni_local.py (Экспериментальный фильтр по RU-SNI (локальные домены))...
2026-05-20 19:59:25,271 | INFO     |   → hysteria2.txt: 1 → 0 (RU-SNI)
2026-05-20 19:59:25,271 | INFO     |   → ss.txt: 3 → 0 (RU-SNI)
2026-05-20 19:59:25,271 | INFO     |   → vless.txt: 8 → 0 (RU-SNI)
2026-05-20 19:59:25,271 | INFO     |   → vmess.txt: 4 → 0 (RU-SNI)
2026-05-20 19:59:25,271 | INFO     |   → ==================================================
2026-05-20 19:59:25,271 | INFO     |   → Всего входных:  16
2026-05-20 19:59:25,271 | INFO     |   → Прошли RU-SNI:  0
2026-05-20 19:59:25,271 | INFO     |   → Отброшено:      16
2026-05-20 19:59:25,271 | INFO     |   → ==================================================
2026-05-20 19:59:25,271 | INFO     |   → Готово → /home/runner/work/vpn-vless-configs-russia/vpn-vless-configs-russia/githubmirror/ru-sni-local
2026-05-20 19:59:25,271 | INFO     | ✅ filter_ru_sni_local.py завершён успешно
2026-05-20 19:59:25,272 | INFO     | 
2026-05-20 19:59:25,272 | INFO     | 
2026-05-20 19:59:25,272 | INFO     | ──────────────────────────────────────────────────────────────────────
2026-05-20 19:59:25,272 | INFO     | 📌 ЭТАП: Сбор статистики
2026-05-20 19:59:25,272 | INFO     | ──────────────────────────────────────────────────────────────────────
2026-05-20 19:59:25,272 | INFO     | 📊 Сбор статистики...
2026-05-20 19:59:25,272 | INFO     |   📁 githubmirror/clean:
2026-05-20 19:59:25,272 | INFO     |     • hysteria2   :     1 конфигов
2026-05-20 19:59:25,272 | INFO     |     • ss          :     3 конфигов
2026-05-20 19:59:25,272 | INFO     |     • vless       :     8 конфигов
2026-05-20 19:59:25,272 | INFO     |     • vmess       :     4 конфигов
2026-05-20 19:59:25,272 | INFO     |   📁 githubmirror/ru-sni:
2026-05-20 19:59:25,273 | INFO     |     • hysteria2   :     0 конфигов (  0.0% от clean)
2026-05-20 19:59:25,273 | INFO     |     • ss          :     0 конфигов (  0.0% от clean)
2026-05-20 19:59:25,273 | INFO     |     • vless       :     1 конфигов ( 12.5% от clean)
2026-05-20 19:59:25,273 | INFO     |     • vmess       :     0 конфигов (  0.0% от clean)
2026-05-20 19:59:25,273 | INFO     | 
2026-05-20 19:59:25,273 | INFO     |   ──────────────────────────────────────────────────
2026-05-20 19:59:25,273 | INFO     |   📈 ИТОГО:
2026-05-20 19:59:25,273 | INFO     |     Clean (после geo-фильтра):       16
2026-05-20 19:59:25,273 | INFO     |     RU-SNI (после SNI-фильтра):       1
2026-05-20 19:59:25,273 | INFO     |     Прошло фильтр:                  6.2%
2026-05-20 19:59:25,273 | INFO     |   ──────────────────────────────────────────────────
2026-05-20 19:59:25,273 | INFO     | ✅ Статистика сохранена: /home/runner/work/vpn-vless-configs-russia/vpn-vless-configs-russia/stats.json
2026-05-20 19:59:25,273 | INFO     | 
2026-05-20 19:59:25,274 | INFO     | ======================================================================
2026-05-20 19:59:25,274 | INFO     | 📊 ИТОГОВЫЙ ОТЧЁТ
2026-05-20 19:59:25,274 | INFO     | ======================================================================
2026-05-20 19:59:25,274 | INFO     |   ✅ OK         | Загрузка и geo-фильтрация
2026-05-20 19:59:25,274 | INFO     |   ✅ OK         | Фильтрация по реальному SNI
2026-05-20 19:59:25,274 | INFO     |   ✅ OK         | Экспериментальный RU-SNI фильтр
2026-05-20 19:59:25,274 | INFO     |   ✅ OK         | Сбор статистики
2026-05-20 19:59:25,274 | INFO     | ──────────────────────────────────────────────────────────────────────
2026-05-20 19:59:25,274 | INFO     | ✅ ВСЕ ЭТАПЫ УСПЕШНЫ (4/4)
2026-05-20 19:59:25,274 | INFO     | ⏰ Время завершения: 2026-05-20 19:59:25
2026-05-20 19:59:25,274 | INFO     | ======================================================================
