2026-05-22 14:09:07,929 | INFO     | ======================================================================
2026-05-22 14:09:07,929 | INFO     | 🔍 VPN KEY CHECKER - Начало проверки
2026-05-22 14:09:07,929 | INFO     | ⏰ Время старта: 2026-05-22 14:09:07
2026-05-22 14:09:07,930 | INFO     | 📂 Рабочая директория: /home/runner/work/vpn-vless-configs-russia/vpn-vless-configs-russia
2026-05-22 14:09:07,930 | INFO     | ======================================================================
2026-05-22 14:09:07,930 | INFO     | 
2026-05-22 14:09:07,930 | INFO     | 🔍 Проверка наличия скриптов...
2026-05-22 14:09:07,930 | INFO     |   ✅ mirror.py
2026-05-22 14:09:07,930 | INFO     |   ✅ filter_ru_sni.py
2026-05-22 14:09:07,930 | INFO     |   ✅ filter_ru_sni_local.py
2026-05-22 14:09:07,930 | INFO     | 
2026-05-22 14:09:07,930 | INFO     | 
2026-05-22 14:09:07,930 | INFO     | ──────────────────────────────────────────────────────────────────────
2026-05-22 14:09:07,930 | INFO     | 📌 ЭТАП: Загрузка и geo-фильтрация
2026-05-22 14:09:07,930 | INFO     | ──────────────────────────────────────────────────────────────────────
2026-05-22 14:09:07,930 | INFO     | 🚀 Запуск mirror.py (Загрузка и фильтрация по РФ/СНГ/Европа)...
2026-05-22 14:09:11,920 | INFO     |   → 🚀 Старт: всего источников (старые + новые): 12
2026-05-22 14:09:11,920 | INFO     |   → 1/12: ✅ 0 взято | 🗑️ 0 мусор
2026-05-22 14:09:11,920 | INFO     |   → 2/12: ✅ 0 взято | 🗑️ 0 мусор
2026-05-22 14:09:11,920 | INFO     |   → 3/12: ✅ 0 взято | 🗑️ 0 мусор
2026-05-22 14:09:11,920 | INFO     |   → 4/12: ✅ 12 взято | 🗑️ 226 мусор
2026-05-22 14:09:11,920 | INFO     |   → 5/12: ✅ 3 взято | 🗑️ 206 мусор
2026-05-22 14:09:11,920 | INFO     |   → 6/12: ✅ 0 взято | 🗑️ 0 мусор
2026-05-22 14:09:11,920 | INFO     |   → 7/12: ✅ 6 взято | 🗑️ 24 мусор
2026-05-22 14:09:11,920 | INFO     |   → 8/12: ✅ 0 взято | 🗑️ 24 мусор
2026-05-22 14:09:11,920 | INFO     |   → 9/12: ✅ 0 взято | 🗑️ 0 мусор
2026-05-22 14:09:11,920 | INFO     |   → 10/12: ✅ 7 взято | 🗑️ 340 мусор
2026-05-22 14:09:11,920 | INFO     |   → 11/12: ✅ 6 взято | 🗑️ 15 мусор
2026-05-22 14:09:11,920 | INFO     |   → 12/12: ✅ 0 взято | 🗑️ 0 мусор
2026-05-22 14:09:11,921 | INFO     |   → ✅ ГОТОВО!
2026-05-22 14:09:11,921 | INFO     |   →    📥 Всего ключей после фильтра: 34
2026-05-22 14:09:11,921 | INFO     |   →    🔗 Уникальных IP:PORT:SCHEME: 28
2026-05-22 14:09:11,921 | INFO     |   →    🗑️ Выброшено мусора: 835
2026-05-22 14:09:11,921 | INFO     |   → 📊 По протоколам:
2026-05-22 14:09:11,921 | INFO     |   →    vless: 12
2026-05-22 14:09:11,921 | INFO     |   →    vmess: 11
2026-05-22 14:09:11,921 | INFO     |   →    ss: 4
2026-05-22 14:09:11,921 | INFO     |   →    hysteria2: 1
2026-05-22 14:09:11,921 | INFO     | ✅ mirror.py завершён успешно
2026-05-22 14:09:11,921 | INFO     | 
2026-05-22 14:09:11,921 | INFO     | 
2026-05-22 14:09:11,921 | INFO     | ──────────────────────────────────────────────────────────────────────
2026-05-22 14:09:11,921 | INFO     | 📌 ЭТАП: Фильтрация по реальному SNI
2026-05-22 14:09:11,921 | INFO     | ──────────────────────────────────────────────────────────────────────
2026-05-22 14:09:11,921 | INFO     | 🚀 Запуск filter_ru_sni.py (Фильтр по реальному SNI (CDN+RU))...
2026-05-22 14:09:11,948 | INFO     |   → hysteria2.txt: 1 → 1 (SNI-filtered)
2026-05-22 14:09:11,948 | INFO     |   →   ss.txt: 4 → 0 (SNI-filtered)
2026-05-22 14:09:11,948 | INFO     |   →   vless.txt: 12 → 3 (SNI-filtered)
2026-05-22 14:09:11,949 | INFO     |   →   vmess.txt: 11 → 0 (SNI-filtered)
2026-05-22 14:09:11,949 | INFO     |   → ==================================================
2026-05-22 14:09:11,949 | INFO     |   →   Всего входных:  28
2026-05-22 14:09:11,949 | INFO     |   →   Прошли фильтр:  4
2026-05-22 14:09:11,949 | INFO     |   →   Отброшено:      24
2026-05-22 14:09:11,949 | INFO     |   → ==================================================
2026-05-22 14:09:11,949 | INFO     |   → Готово → /home/runner/work/vpn-vless-configs-russia/vpn-vless-configs-russia/githubmirror/ru-sni
2026-05-22 14:09:11,949 | INFO     | ✅ filter_ru_sni.py завершён успешно
2026-05-22 14:09:11,949 | INFO     | 
2026-05-22 14:09:11,949 | INFO     | 
2026-05-22 14:09:11,949 | INFO     | ──────────────────────────────────────────────────────────────────────
2026-05-22 14:09:11,949 | INFO     | 📌 ЭТАП: Экспериментальный RU-SNI фильтр
2026-05-22 14:09:11,949 | INFO     | ──────────────────────────────────────────────────────────────────────
2026-05-22 14:09:11,949 | INFO     | 🚀 Запуск filter_ru_sni_local.py (Экспериментальный фильтр по RU-SNI (локальные домены))...
2026-05-22 14:09:11,976 | INFO     |   → hysteria2.txt: 1 → 0 (RU-SNI)
2026-05-22 14:09:11,976 | INFO     |   → ss.txt: 4 → 0 (RU-SNI)
2026-05-22 14:09:11,976 | INFO     |   → vless.txt: 12 → 2 (RU-SNI)
2026-05-22 14:09:11,976 | INFO     |   → vmess.txt: 11 → 0 (RU-SNI)
2026-05-22 14:09:11,976 | INFO     |   → ==================================================
2026-05-22 14:09:11,976 | INFO     |   → Всего входных:  28
2026-05-22 14:09:11,976 | INFO     |   → Прошли RU-SNI:  2
2026-05-22 14:09:11,976 | INFO     |   → Отброшено:      26
2026-05-22 14:09:11,976 | INFO     |   → ==================================================
2026-05-22 14:09:11,976 | INFO     |   → Готово → /home/runner/work/vpn-vless-configs-russia/vpn-vless-configs-russia/githubmirror/ru-sni-local
2026-05-22 14:09:11,976 | INFO     | ✅ filter_ru_sni_local.py завершён успешно
2026-05-22 14:09:11,976 | INFO     | 
2026-05-22 14:09:11,976 | INFO     | 
2026-05-22 14:09:11,976 | INFO     | ──────────────────────────────────────────────────────────────────────
2026-05-22 14:09:11,976 | INFO     | 📌 ЭТАП: Сбор статистики
2026-05-22 14:09:11,976 | INFO     | ──────────────────────────────────────────────────────────────────────
2026-05-22 14:09:11,976 | INFO     | 📊 Сбор статистики...
2026-05-22 14:09:11,976 | INFO     |   📁 githubmirror/clean:
2026-05-22 14:09:11,977 | INFO     |     • hysteria2   :     1 конфигов
2026-05-22 14:09:11,977 | INFO     |     • ss          :     4 конфигов
2026-05-22 14:09:11,977 | INFO     |     • vless       :    12 конфигов
2026-05-22 14:09:11,977 | INFO     |     • vmess       :    11 конфигов
2026-05-22 14:09:11,977 | INFO     |   📁 githubmirror/ru-sni:
2026-05-22 14:09:11,977 | INFO     |     • hysteria2   :     1 конфигов (100.0% от clean)
2026-05-22 14:09:11,977 | INFO     |     • ss          :     0 конфигов (  0.0% от clean)
2026-05-22 14:09:11,978 | INFO     |     • vless       :     3 конфигов ( 25.0% от clean)
2026-05-22 14:09:11,978 | INFO     |     • vmess       :     0 конфигов (  0.0% от clean)
2026-05-22 14:09:11,978 | INFO     | 
2026-05-22 14:09:11,978 | INFO     |   ──────────────────────────────────────────────────
2026-05-22 14:09:11,978 | INFO     |   📈 ИТОГО:
2026-05-22 14:09:11,978 | INFO     |     Clean (после geo-фильтра):       28
2026-05-22 14:09:11,978 | INFO     |     RU-SNI (после SNI-фильтра):       4
2026-05-22 14:09:11,978 | INFO     |     Прошло фильтр:                 14.3%
2026-05-22 14:09:11,978 | INFO     |   ──────────────────────────────────────────────────
2026-05-22 14:09:11,978 | INFO     | ✅ Статистика сохранена: /home/runner/work/vpn-vless-configs-russia/vpn-vless-configs-russia/stats.json
2026-05-22 14:09:11,978 | INFO     | 
2026-05-22 14:09:11,978 | INFO     | ======================================================================
2026-05-22 14:09:11,978 | INFO     | 📊 ИТОГОВЫЙ ОТЧЁТ
2026-05-22 14:09:11,978 | INFO     | ======================================================================
2026-05-22 14:09:11,978 | INFO     |   ✅ OK         | Загрузка и geo-фильтрация
2026-05-22 14:09:11,978 | INFO     |   ✅ OK         | Фильтрация по реальному SNI
2026-05-22 14:09:11,978 | INFO     |   ✅ OK         | Экспериментальный RU-SNI фильтр
2026-05-22 14:09:11,978 | INFO     |   ✅ OK         | Сбор статистики
2026-05-22 14:09:11,978 | INFO     | ──────────────────────────────────────────────────────────────────────
2026-05-22 14:09:11,978 | INFO     | ✅ ВСЕ ЭТАПЫ УСПЕШНЫ (4/4)
2026-05-22 14:09:11,979 | INFO     | ⏰ Время завершения: 2026-05-22 14:09:11
2026-05-22 14:09:11,979 | INFO     | ======================================================================
