2026-05-22 08:45:54,682 | INFO     | ======================================================================
2026-05-22 08:45:54,682 | INFO     | 🔍 VPN KEY CHECKER - Начало проверки
2026-05-22 08:45:54,682 | INFO     | ⏰ Время старта: 2026-05-22 08:45:54
2026-05-22 08:45:54,683 | INFO     | 📂 Рабочая директория: /home/runner/work/vpn-vless-configs-russia/vpn-vless-configs-russia
2026-05-22 08:45:54,683 | INFO     | ======================================================================
2026-05-22 08:45:54,683 | INFO     | 
2026-05-22 08:45:54,683 | INFO     | 🔍 Проверка наличия скриптов...
2026-05-22 08:45:54,683 | INFO     |   ✅ mirror.py
2026-05-22 08:45:54,683 | INFO     |   ✅ filter_ru_sni.py
2026-05-22 08:45:54,683 | INFO     |   ✅ filter_ru_sni_local.py
2026-05-22 08:45:54,683 | INFO     | 
2026-05-22 08:45:54,683 | INFO     | 
2026-05-22 08:45:54,683 | INFO     | ──────────────────────────────────────────────────────────────────────
2026-05-22 08:45:54,683 | INFO     | 📌 ЭТАП: Загрузка и geo-фильтрация
2026-05-22 08:45:54,683 | INFO     | ──────────────────────────────────────────────────────────────────────
2026-05-22 08:45:54,683 | INFO     | 🚀 Запуск mirror.py (Загрузка и фильтрация по РФ/СНГ/Европа)...
2026-05-22 08:45:59,263 | INFO     |   → 🚀 Старт: всего источников (старые + новые): 12
2026-05-22 08:45:59,263 | INFO     |   → 1/12: ✅ 0 взято | 🗑️ 0 мусор
2026-05-22 08:45:59,263 | INFO     |   → 2/12: ✅ 0 взято | 🗑️ 0 мусор
2026-05-22 08:45:59,263 | INFO     |   → 3/12: ✅ 0 взято | 🗑️ 0 мусор
2026-05-22 08:45:59,263 | INFO     |   → 4/12: ✅ 12 взято | 🗑️ 226 мусор
2026-05-22 08:45:59,263 | INFO     |   → 5/12: ✅ 3 взято | 🗑️ 206 мусор
2026-05-22 08:45:59,263 | INFO     |   → 6/12: ✅ 0 взято | 🗑️ 0 мусор
2026-05-22 08:45:59,263 | INFO     |   → 7/12: ✅ 6 взято | 🗑️ 24 мусор
2026-05-22 08:45:59,264 | INFO     |   → 8/12: ✅ 0 взято | 🗑️ 24 мусор
2026-05-22 08:45:59,264 | INFO     |   → 9/12: ✅ 0 взято | 🗑️ 0 мусор
2026-05-22 08:45:59,264 | INFO     |   → 10/12: ✅ 7 взято | 🗑️ 340 мусор
2026-05-22 08:45:59,264 | INFO     |   → 11/12: ✅ 3 взято | 🗑️ 27 мусор
2026-05-22 08:45:59,264 | INFO     |   → 12/12: ✅ 0 взято | 🗑️ 0 мусор
2026-05-22 08:45:59,264 | INFO     |   → ✅ ГОТОВО!
2026-05-22 08:45:59,264 | INFO     |   →    📥 Всего ключей после фильтра: 31
2026-05-22 08:45:59,264 | INFO     |   →    🔗 Уникальных IP:PORT:SCHEME: 25
2026-05-22 08:45:59,264 | INFO     |   →    🗑️ Выброшено мусора: 847
2026-05-22 08:45:59,264 | INFO     |   → 📊 По протоколам:
2026-05-22 08:45:59,264 | INFO     |   →    vless: 12
2026-05-22 08:45:59,264 | INFO     |   →    vmess: 10
2026-05-22 08:45:59,264 | INFO     |   →    ss: 2
2026-05-22 08:45:59,264 | INFO     |   →    hysteria2: 1
2026-05-22 08:45:59,264 | INFO     | ✅ mirror.py завершён успешно
2026-05-22 08:45:59,264 | INFO     | 
2026-05-22 08:45:59,264 | INFO     | 
2026-05-22 08:45:59,264 | INFO     | ──────────────────────────────────────────────────────────────────────
2026-05-22 08:45:59,265 | INFO     | 📌 ЭТАП: Фильтрация по реальному SNI
2026-05-22 08:45:59,265 | INFO     | ──────────────────────────────────────────────────────────────────────
2026-05-22 08:45:59,265 | INFO     | 🚀 Запуск filter_ru_sni.py (Фильтр по реальному SNI (CDN+RU))...
2026-05-22 08:45:59,293 | INFO     |   → hysteria2.txt: 1 → 1 (SNI-filtered)
2026-05-22 08:45:59,293 | INFO     |   →   ss.txt: 2 → 0 (SNI-filtered)
2026-05-22 08:45:59,293 | INFO     |   →   vless.txt: 12 → 5 (SNI-filtered)
2026-05-22 08:45:59,293 | INFO     |   →   vmess.txt: 10 → 0 (SNI-filtered)
2026-05-22 08:45:59,293 | INFO     |   → ==================================================
2026-05-22 08:45:59,293 | INFO     |   →   Всего входных:  25
2026-05-22 08:45:59,293 | INFO     |   →   Прошли фильтр:  6
2026-05-22 08:45:59,293 | INFO     |   →   Отброшено:      19
2026-05-22 08:45:59,293 | INFO     |   → ==================================================
2026-05-22 08:45:59,293 | INFO     |   → Готово → /home/runner/work/vpn-vless-configs-russia/vpn-vless-configs-russia/githubmirror/ru-sni
2026-05-22 08:45:59,293 | INFO     | ✅ filter_ru_sni.py завершён успешно
2026-05-22 08:45:59,293 | INFO     | 
2026-05-22 08:45:59,293 | INFO     | 
2026-05-22 08:45:59,293 | INFO     | ──────────────────────────────────────────────────────────────────────
2026-05-22 08:45:59,293 | INFO     | 📌 ЭТАП: Экспериментальный RU-SNI фильтр
2026-05-22 08:45:59,293 | INFO     | ──────────────────────────────────────────────────────────────────────
2026-05-22 08:45:59,293 | INFO     | 🚀 Запуск filter_ru_sni_local.py (Экспериментальный фильтр по RU-SNI (локальные домены))...
2026-05-22 08:45:59,321 | INFO     |   → hysteria2.txt: 1 → 0 (RU-SNI)
2026-05-22 08:45:59,321 | INFO     |   → ss.txt: 2 → 0 (RU-SNI)
2026-05-22 08:45:59,322 | INFO     |   → vless.txt: 12 → 3 (RU-SNI)
2026-05-22 08:45:59,322 | INFO     |   → vmess.txt: 10 → 0 (RU-SNI)
2026-05-22 08:45:59,322 | INFO     |   → ==================================================
2026-05-22 08:45:59,322 | INFO     |   → Всего входных:  25
2026-05-22 08:45:59,322 | INFO     |   → Прошли RU-SNI:  3
2026-05-22 08:45:59,322 | INFO     |   → Отброшено:      22
2026-05-22 08:45:59,322 | INFO     |   → ==================================================
2026-05-22 08:45:59,322 | INFO     |   → Готово → /home/runner/work/vpn-vless-configs-russia/vpn-vless-configs-russia/githubmirror/ru-sni-local
2026-05-22 08:45:59,322 | INFO     | ✅ filter_ru_sni_local.py завершён успешно
2026-05-22 08:45:59,322 | INFO     | 
2026-05-22 08:45:59,322 | INFO     | 
2026-05-22 08:45:59,322 | INFO     | ──────────────────────────────────────────────────────────────────────
2026-05-22 08:45:59,322 | INFO     | 📌 ЭТАП: Сбор статистики
2026-05-22 08:45:59,322 | INFO     | ──────────────────────────────────────────────────────────────────────
2026-05-22 08:45:59,322 | INFO     | 📊 Сбор статистики...
2026-05-22 08:45:59,322 | INFO     |   📁 githubmirror/clean:
2026-05-22 08:45:59,323 | INFO     |     • hysteria2   :     1 конфигов
2026-05-22 08:45:59,323 | INFO     |     • ss          :     2 конфигов
2026-05-22 08:45:59,323 | INFO     |     • vless       :    12 конфигов
2026-05-22 08:45:59,323 | INFO     |     • vmess       :    10 конфигов
2026-05-22 08:45:59,323 | INFO     |   📁 githubmirror/ru-sni:
2026-05-22 08:45:59,324 | INFO     |     • hysteria2   :     1 конфигов (100.0% от clean)
2026-05-22 08:45:59,324 | INFO     |     • ss          :     0 конфигов (  0.0% от clean)
2026-05-22 08:45:59,324 | INFO     |     • vless       :     5 конфигов ( 41.7% от clean)
2026-05-22 08:45:59,324 | INFO     |     • vmess       :     0 конфигов (  0.0% от clean)
2026-05-22 08:45:59,324 | INFO     | 
2026-05-22 08:45:59,324 | INFO     |   ──────────────────────────────────────────────────
2026-05-22 08:45:59,324 | INFO     |   📈 ИТОГО:
2026-05-22 08:45:59,324 | INFO     |     Clean (после geo-фильтра):       25
2026-05-22 08:45:59,324 | INFO     |     RU-SNI (после SNI-фильтра):       6
2026-05-22 08:45:59,324 | INFO     |     Прошло фильтр:                 24.0%
2026-05-22 08:45:59,324 | INFO     |   ──────────────────────────────────────────────────
2026-05-22 08:45:59,325 | INFO     | ✅ Статистика сохранена: /home/runner/work/vpn-vless-configs-russia/vpn-vless-configs-russia/stats.json
2026-05-22 08:45:59,325 | INFO     | 
2026-05-22 08:45:59,325 | INFO     | ======================================================================
2026-05-22 08:45:59,325 | INFO     | 📊 ИТОГОВЫЙ ОТЧЁТ
2026-05-22 08:45:59,325 | INFO     | ======================================================================
2026-05-22 08:45:59,325 | INFO     |   ✅ OK         | Загрузка и geo-фильтрация
2026-05-22 08:45:59,325 | INFO     |   ✅ OK         | Фильтрация по реальному SNI
2026-05-22 08:45:59,325 | INFO     |   ✅ OK         | Экспериментальный RU-SNI фильтр
2026-05-22 08:45:59,325 | INFO     |   ✅ OK         | Сбор статистики
2026-05-22 08:45:59,325 | INFO     | ──────────────────────────────────────────────────────────────────────
2026-05-22 08:45:59,325 | INFO     | ✅ ВСЕ ЭТАПЫ УСПЕШНЫ (4/4)
2026-05-22 08:45:59,325 | INFO     | ⏰ Время завершения: 2026-05-22 08:45:59
2026-05-22 08:45:59,325 | INFO     | ======================================================================
