2026-06-02 20:33:37,395 | INFO     | ======================================================================
2026-06-02 20:33:37,395 | INFO     | 🔍 VPN KEY CHECKER - Начало проверки
2026-06-02 20:33:37,395 | INFO     | ⏰ Время старта: 2026-06-02 20:33:37
2026-06-02 20:33:37,395 | INFO     | 📂 Рабочая директория: /home/runner/work/vpn-vless-configs-russia/vpn-vless-configs-russia
2026-06-02 20:33:37,395 | INFO     | ======================================================================
2026-06-02 20:33:37,396 | INFO     | 
2026-06-02 20:33:37,396 | INFO     | 🔍 Проверка наличия скриптов...
2026-06-02 20:33:37,396 | INFO     |   ✅ mirror.py
2026-06-02 20:33:37,396 | INFO     |   ✅ filter_ru_sni.py
2026-06-02 20:33:37,396 | INFO     |   ✅ filter_ru_sni_local.py
2026-06-02 20:33:37,396 | INFO     | 
2026-06-02 20:33:37,396 | INFO     | 
2026-06-02 20:33:37,396 | INFO     | ──────────────────────────────────────────────────────────────────────
2026-06-02 20:33:37,396 | INFO     | 📌 ЭТАП: Загрузка и geo-фильтрация
2026-06-02 20:33:37,396 | INFO     | ──────────────────────────────────────────────────────────────────────
2026-06-02 20:33:37,396 | INFO     | 🚀 Запуск mirror.py (Загрузка и фильтрация по РФ/СНГ/Европа)...
2026-06-02 20:33:42,324 | INFO     |   → 🚀 Старт: всего источников (старые + новые): 10
2026-06-02 20:33:42,324 | INFO     |   → 1/10: ✅ 0 взято | 🗑️ 0 мусор
2026-06-02 20:33:42,324 | INFO     |   → 2/10: ✅ 0 взято | 🗑️ 0 мусор
2026-06-02 20:33:42,324 | INFO     |   → 3/10: ✅ 14 взято | 🗑️ 152 мусор
2026-06-02 20:33:42,324 | INFO     |   → 4/10: ✅ 0 взято | 🗑️ 0 мусор
2026-06-02 20:33:42,324 | INFO     |   → 5/10: ✅ 4 взято | 🗑️ 130 мусор
2026-06-02 20:33:42,324 | INFO     |   → 6/10: ✅ 0 взято | 🗑️ 0 мусор
2026-06-02 20:33:42,324 | INFO     |   → 7/10: ✅ 13 взято | 🗑️ 7 мусор
2026-06-02 20:33:42,324 | INFO     |   → 8/10: ✅ 0 взято | 🗑️ 7 мусор
2026-06-02 20:33:42,324 | INFO     |   → 9/10: ✅ 12 взято | 🗑️ 12 мусор
2026-06-02 20:33:42,324 | INFO     |   → 10/10: ✅ 0 взято | 🗑️ 0 мусор
2026-06-02 20:33:42,324 | INFO     |   → ✅ ГОТОВО!
2026-06-02 20:33:42,324 | INFO     |   →    📥 Всего ключей после фильтра: 43
2026-06-02 20:33:42,324 | INFO     |   →    🔗 Уникальных IP:PORT:SCHEME: 32
2026-06-02 20:33:42,324 | INFO     |   →    🗑️ Выброшено мусора: 308
2026-06-02 20:33:42,324 | INFO     |   → 📊 По протоколам:
2026-06-02 20:33:42,324 | INFO     |   →    vless: 23
2026-06-02 20:33:42,324 | INFO     |   →    vmess: 1
2026-06-02 20:33:42,324 | INFO     |   →    trojan: 3
2026-06-02 20:33:42,324 | INFO     |   →    ss: 5
2026-06-02 20:33:42,324 | INFO     | ✅ mirror.py завершён успешно
2026-06-02 20:33:42,324 | INFO     | 
2026-06-02 20:33:42,324 | INFO     | 
2026-06-02 20:33:42,324 | INFO     | ──────────────────────────────────────────────────────────────────────
2026-06-02 20:33:42,324 | INFO     | 📌 ЭТАП: Фильтрация по реальному SNI
2026-06-02 20:33:42,324 | INFO     | ──────────────────────────────────────────────────────────────────────
2026-06-02 20:33:42,324 | INFO     | 🚀 Запуск filter_ru_sni.py (Фильтр по реальному SNI (CDN+RU))...
2026-06-02 20:33:42,349 | INFO     |   → ss.txt: 5 → 0 (SNI-filtered)
2026-06-02 20:33:42,350 | INFO     |   →   trojan.txt: 3 → 0 (SNI-filtered)
2026-06-02 20:33:42,350 | INFO     |   →   vless.txt: 23 → 5 (SNI-filtered)
2026-06-02 20:33:42,350 | INFO     |   →   vmess.txt: 1 → 0 (SNI-filtered)
2026-06-02 20:33:42,350 | INFO     |   → ==================================================
2026-06-02 20:33:42,350 | INFO     |   →   Всего входных:  32
2026-06-02 20:33:42,350 | INFO     |   →   Прошли фильтр:  5
2026-06-02 20:33:42,350 | INFO     |   →   Отброшено:      27
2026-06-02 20:33:42,350 | INFO     |   → ==================================================
2026-06-02 20:33:42,350 | INFO     |   → Готово → /home/runner/work/vpn-vless-configs-russia/vpn-vless-configs-russia/githubmirror/ru-sni
2026-06-02 20:33:42,350 | INFO     | ✅ filter_ru_sni.py завершён успешно
2026-06-02 20:33:42,350 | INFO     | 
2026-06-02 20:33:42,350 | INFO     | 
2026-06-02 20:33:42,350 | INFO     | ──────────────────────────────────────────────────────────────────────
2026-06-02 20:33:42,350 | INFO     | 📌 ЭТАП: Экспериментальный RU-SNI фильтр
2026-06-02 20:33:42,350 | INFO     | ──────────────────────────────────────────────────────────────────────
2026-06-02 20:33:42,350 | INFO     | 🚀 Запуск filter_ru_sni_local.py (Экспериментальный фильтр по RU-SNI (локальные домены))...
2026-06-02 20:33:42,374 | INFO     |   → ss.txt: 5 → 0 (RU-SNI)
2026-06-02 20:33:42,375 | INFO     |   → trojan.txt: 3 → 0 (RU-SNI)
2026-06-02 20:33:42,375 | INFO     |   → vless.txt: 23 → 1 (RU-SNI)
2026-06-02 20:33:42,375 | INFO     |   → vmess.txt: 1 → 0 (RU-SNI)
2026-06-02 20:33:42,375 | INFO     |   → ==================================================
2026-06-02 20:33:42,375 | INFO     |   → Всего входных:  32
2026-06-02 20:33:42,375 | INFO     |   → Прошли RU-SNI:  1
2026-06-02 20:33:42,375 | INFO     |   → Отброшено:      31
2026-06-02 20:33:42,375 | INFO     |   → ==================================================
2026-06-02 20:33:42,375 | INFO     |   → Готово → /home/runner/work/vpn-vless-configs-russia/vpn-vless-configs-russia/githubmirror/ru-sni-local
2026-06-02 20:33:42,375 | INFO     | ✅ filter_ru_sni_local.py завершён успешно
2026-06-02 20:33:42,375 | INFO     | 
2026-06-02 20:33:42,375 | INFO     | 
2026-06-02 20:33:42,375 | INFO     | ──────────────────────────────────────────────────────────────────────
2026-06-02 20:33:42,375 | INFO     | 📌 ЭТАП: Сбор статистики
2026-06-02 20:33:42,375 | INFO     | ──────────────────────────────────────────────────────────────────────
2026-06-02 20:33:42,375 | INFO     | 📊 Сбор статистики...
2026-06-02 20:33:42,375 | INFO     |   📁 githubmirror/clean:
2026-06-02 20:33:42,375 | INFO     |     • ss          :     5 конфигов
2026-06-02 20:33:42,375 | INFO     |     • trojan      :     3 конфигов
2026-06-02 20:33:42,376 | INFO     |     • vless       :    23 конфигов
2026-06-02 20:33:42,376 | INFO     |     • vmess       :     1 конфигов
2026-06-02 20:33:42,376 | INFO     |   📁 githubmirror/ru-sni:
2026-06-02 20:33:42,376 | INFO     |     • ss          :     0 конфигов (  0.0% от clean)
2026-06-02 20:33:42,376 | INFO     |     • trojan      :     0 конфигов (  0.0% от clean)
2026-06-02 20:33:42,376 | INFO     |     • vless       :     5 конфигов ( 21.7% от clean)
2026-06-02 20:33:42,376 | INFO     |     • vmess       :     0 конфигов (  0.0% от clean)
2026-06-02 20:33:42,376 | INFO     | 
2026-06-02 20:33:42,376 | INFO     |   ──────────────────────────────────────────────────
2026-06-02 20:33:42,376 | INFO     |   📈 ИТОГО:
2026-06-02 20:33:42,376 | INFO     |     Clean (после geo-фильтра):       32
2026-06-02 20:33:42,376 | INFO     |     RU-SNI (после SNI-фильтра):       5
2026-06-02 20:33:42,376 | INFO     |     Прошло фильтр:                 15.6%
2026-06-02 20:33:42,376 | INFO     |   ──────────────────────────────────────────────────
2026-06-02 20:33:42,377 | INFO     | ✅ Статистика сохранена: /home/runner/work/vpn-vless-configs-russia/vpn-vless-configs-russia/stats.json
2026-06-02 20:33:42,377 | INFO     | 
2026-06-02 20:33:42,377 | INFO     | ======================================================================
2026-06-02 20:33:42,377 | INFO     | 📊 ИТОГОВЫЙ ОТЧЁТ
2026-06-02 20:33:42,377 | INFO     | ======================================================================
2026-06-02 20:33:42,377 | INFO     |   ✅ OK         | Загрузка и geo-фильтрация
2026-06-02 20:33:42,377 | INFO     |   ✅ OK         | Фильтрация по реальному SNI
2026-06-02 20:33:42,377 | INFO     |   ✅ OK         | Экспериментальный RU-SNI фильтр
2026-06-02 20:33:42,377 | INFO     |   ✅ OK         | Сбор статистики
2026-06-02 20:33:42,377 | INFO     | ──────────────────────────────────────────────────────────────────────
2026-06-02 20:33:42,377 | INFO     | ✅ ВСЕ ЭТАПЫ УСПЕШНЫ (4/4)
2026-06-02 20:33:42,377 | INFO     | ⏰ Время завершения: 2026-06-02 20:33:42
2026-06-02 20:33:42,377 | INFO     | ======================================================================
