2026-07-02 08:38:23,095 | INFO     | ======================================================================
2026-07-02 08:38:23,095 | INFO     | 🔍 VPN KEY CHECKER - Начало проверки
2026-07-02 08:38:23,095 | INFO     | ⏰ Время старта: 2026-07-02 08:38:23
2026-07-02 08:38:23,095 | INFO     | 📂 Рабочая директория: /home/runner/work/vpn-vless-configs-russia/vpn-vless-configs-russia
2026-07-02 08:38:23,095 | INFO     | ======================================================================
2026-07-02 08:38:23,096 | INFO     | 
2026-07-02 08:38:23,096 | INFO     | 🔍 Проверка наличия скриптов...
2026-07-02 08:38:23,096 | INFO     |   ✅ mirror.py
2026-07-02 08:38:23,096 | INFO     |   ✅ filter_ru_sni.py
2026-07-02 08:38:23,096 | INFO     |   ✅ filter_ru_sni_local.py
2026-07-02 08:38:23,096 | INFO     | 
2026-07-02 08:38:23,096 | INFO     | 
2026-07-02 08:38:23,096 | INFO     | ──────────────────────────────────────────────────────────────────────
2026-07-02 08:38:23,096 | INFO     | 📌 ЭТАП: Загрузка и geo-фильтрация
2026-07-02 08:38:23,096 | INFO     | ──────────────────────────────────────────────────────────────────────
2026-07-02 08:38:23,096 | INFO     | 🚀 Запуск mirror.py (Загрузка и фильтрация по РФ/СНГ/Европа)...
2026-07-02 08:38:26,875 | INFO     |   → 🚀 Старт: всего источников (старые + новые): 8
2026-07-02 08:38:26,875 | INFO     |   → 1/8: ✅ 0 взято | 🗑️ 0 мусор
2026-07-02 08:38:26,875 | INFO     |   → 2/8: ✅ 0 взято | 🗑️ 0 мусор
2026-07-02 08:38:26,875 | INFO     |   → 3/8: ✅ 2 взято | 🗑️ 114 мусор
2026-07-02 08:38:26,875 | INFO     |   → 4/8: ✅ 0 взято | 🗑️ 0 мусор
2026-07-02 08:38:26,875 | INFO     |   → 5/8: ✅ 1 взято | 🗑️ 171 мусор
2026-07-02 08:38:26,876 | INFO     |   → 6/8: ✅ 0 взято | 🗑️ 0 мусор
2026-07-02 08:38:26,876 | INFO     |   → 7/8: ✅ 13 взято | 🗑️ 7 мусор
2026-07-02 08:38:26,876 | INFO     |   → 8/8: ✅ 0 взято | 🗑️ 7 мусор
2026-07-02 08:38:26,876 | INFO     |   → ✅ ГОТОВО!
2026-07-02 08:38:26,876 | INFO     |   →    📥 Всего ключей после фильтра: 16
2026-07-02 08:38:26,876 | INFO     |   →    🔗 Уникальных IP:PORT:SCHEME: 16
2026-07-02 08:38:26,876 | INFO     |   →    🗑️ Выброшено мусора: 299
2026-07-02 08:38:26,876 | INFO     |   → 📊 По протоколам:
2026-07-02 08:38:26,876 | INFO     |   →    vless: 9
2026-07-02 08:38:26,876 | INFO     |   →    vmess: 1
2026-07-02 08:38:26,876 | INFO     |   →    trojan: 2
2026-07-02 08:38:26,876 | INFO     |   →    ss: 3
2026-07-02 08:38:26,876 | INFO     |   →    hysteria2: 1
2026-07-02 08:38:26,876 | INFO     | ✅ mirror.py завершён успешно
2026-07-02 08:38:26,876 | INFO     | 
2026-07-02 08:38:26,876 | INFO     | 
2026-07-02 08:38:26,876 | INFO     | ──────────────────────────────────────────────────────────────────────
2026-07-02 08:38:26,876 | INFO     | 📌 ЭТАП: Фильтрация по реальному SNI
2026-07-02 08:38:26,876 | INFO     | ──────────────────────────────────────────────────────────────────────
2026-07-02 08:38:26,877 | INFO     | 🚀 Запуск filter_ru_sni.py (Фильтр по реальному SNI (CDN+RU))...
2026-07-02 08:38:26,903 | INFO     |   → hysteria2.txt: 1 → 0 (SNI-filtered)
2026-07-02 08:38:26,904 | INFO     |   →   ss.txt: 3 → 0 (SNI-filtered)
2026-07-02 08:38:26,904 | INFO     |   →   trojan.txt: 2 → 0 (SNI-filtered)
2026-07-02 08:38:26,904 | INFO     |   →   vless.txt: 9 → 3 (SNI-filtered)
2026-07-02 08:38:26,904 | INFO     |   →   vmess.txt: 1 → 0 (SNI-filtered)
2026-07-02 08:38:26,904 | INFO     |   → ==================================================
2026-07-02 08:38:26,904 | INFO     |   →   Всего входных:  16
2026-07-02 08:38:26,904 | INFO     |   →   Прошли фильтр:  3
2026-07-02 08:38:26,904 | INFO     |   →   Отброшено:      13
2026-07-02 08:38:26,904 | INFO     |   → ==================================================
2026-07-02 08:38:26,904 | INFO     |   → Готово → /home/runner/work/vpn-vless-configs-russia/vpn-vless-configs-russia/githubmirror/ru-sni
2026-07-02 08:38:26,904 | INFO     | ✅ filter_ru_sni.py завершён успешно
2026-07-02 08:38:26,904 | INFO     | 
2026-07-02 08:38:26,904 | INFO     | 
2026-07-02 08:38:26,904 | INFO     | ──────────────────────────────────────────────────────────────────────
2026-07-02 08:38:26,904 | INFO     | 📌 ЭТАП: Экспериментальный RU-SNI фильтр
2026-07-02 08:38:26,904 | INFO     | ──────────────────────────────────────────────────────────────────────
2026-07-02 08:38:26,904 | INFO     | 🚀 Запуск filter_ru_sni_local.py (Экспериментальный фильтр по RU-SNI (локальные домены))...
2026-07-02 08:38:26,934 | INFO     |   → hysteria2.txt: 1 → 0 (RU-SNI)
2026-07-02 08:38:26,934 | INFO     |   → ss.txt: 3 → 0 (RU-SNI)
2026-07-02 08:38:26,934 | INFO     |   → trojan.txt: 2 → 0 (RU-SNI)
2026-07-02 08:38:26,935 | INFO     |   → vless.txt: 9 → 1 (RU-SNI)
2026-07-02 08:38:26,935 | INFO     |   → vmess.txt: 1 → 0 (RU-SNI)
2026-07-02 08:38:26,935 | INFO     |   → ==================================================
2026-07-02 08:38:26,935 | INFO     |   → Всего входных:  16
2026-07-02 08:38:26,935 | INFO     |   → Прошли RU-SNI:  1
2026-07-02 08:38:26,935 | INFO     |   → Отброшено:      15
2026-07-02 08:38:26,935 | INFO     |   → ==================================================
2026-07-02 08:38:26,935 | INFO     |   → Готово → /home/runner/work/vpn-vless-configs-russia/vpn-vless-configs-russia/githubmirror/ru-sni-local
2026-07-02 08:38:26,935 | INFO     | ✅ filter_ru_sni_local.py завершён успешно
2026-07-02 08:38:26,935 | INFO     | 
2026-07-02 08:38:26,935 | INFO     | 
2026-07-02 08:38:26,935 | INFO     | ──────────────────────────────────────────────────────────────────────
2026-07-02 08:38:26,935 | INFO     | 📌 ЭТАП: Сбор статистики
2026-07-02 08:38:26,935 | INFO     | ──────────────────────────────────────────────────────────────────────
2026-07-02 08:38:26,935 | INFO     | 📊 Сбор статистики...
2026-07-02 08:38:26,935 | INFO     |   📁 githubmirror/clean:
2026-07-02 08:38:26,936 | INFO     |     • hysteria2   :     1 конфигов
2026-07-02 08:38:26,936 | INFO     |     • ss          :     3 конфигов
2026-07-02 08:38:26,936 | INFO     |     • trojan      :     2 конфигов
2026-07-02 08:38:26,936 | INFO     |     • vless       :     9 конфигов
2026-07-02 08:38:26,936 | INFO     |     • vmess       :     1 конфигов
2026-07-02 08:38:26,936 | INFO     |   📁 githubmirror/ru-sni:
2026-07-02 08:38:26,937 | INFO     |     • hysteria2   :     0 конфигов (  0.0% от clean)
2026-07-02 08:38:26,937 | INFO     |     • ss          :     0 конфигов (  0.0% от clean)
2026-07-02 08:38:26,937 | INFO     |     • trojan      :     0 конфигов (  0.0% от clean)
2026-07-02 08:38:26,937 | INFO     |     • vless       :     3 конфигов ( 33.3% от clean)
2026-07-02 08:38:26,937 | INFO     |     • vmess       :     0 конфигов (  0.0% от clean)
2026-07-02 08:38:26,937 | INFO     | 
2026-07-02 08:38:26,937 | INFO     |   ──────────────────────────────────────────────────
2026-07-02 08:38:26,937 | INFO     |   📈 ИТОГО:
2026-07-02 08:38:26,937 | INFO     |     Clean (после geo-фильтра):       16
2026-07-02 08:38:26,937 | INFO     |     RU-SNI (после SNI-фильтра):       3
2026-07-02 08:38:26,937 | INFO     |     Прошло фильтр:                 18.8%
2026-07-02 08:38:26,937 | INFO     |   ──────────────────────────────────────────────────
2026-07-02 08:38:26,938 | INFO     | ✅ Статистика сохранена: /home/runner/work/vpn-vless-configs-russia/vpn-vless-configs-russia/stats.json
2026-07-02 08:38:26,938 | INFO     | 
2026-07-02 08:38:26,938 | INFO     | ======================================================================
2026-07-02 08:38:26,938 | INFO     | 📊 ИТОГОВЫЙ ОТЧЁТ
2026-07-02 08:38:26,938 | INFO     | ======================================================================
2026-07-02 08:38:26,938 | INFO     |   ✅ OK         | Загрузка и geo-фильтрация
2026-07-02 08:38:26,938 | INFO     |   ✅ OK         | Фильтрация по реальному SNI
2026-07-02 08:38:26,938 | INFO     |   ✅ OK         | Экспериментальный RU-SNI фильтр
2026-07-02 08:38:26,938 | INFO     |   ✅ OK         | Сбор статистики
2026-07-02 08:38:26,938 | INFO     | ──────────────────────────────────────────────────────────────────────
2026-07-02 08:38:26,938 | INFO     | ✅ ВСЕ ЭТАПЫ УСПЕШНЫ (4/4)
2026-07-02 08:38:26,938 | INFO     | ⏰ Время завершения: 2026-07-02 08:38:26
2026-07-02 08:38:26,938 | INFO     | ======================================================================
