2026-05-24 18:57:20,708 | INFO     | ======================================================================
2026-05-24 18:57:20,708 | INFO     | 🔍 VPN KEY CHECKER - Начало проверки
2026-05-24 18:57:20,708 | INFO     | ⏰ Время старта: 2026-05-24 18:57:20
2026-05-24 18:57:20,708 | INFO     | 📂 Рабочая директория: /home/runner/work/vpn-vless-configs-russia/vpn-vless-configs-russia
2026-05-24 18:57:20,708 | INFO     | ======================================================================
2026-05-24 18:57:20,708 | INFO     | 
2026-05-24 18:57:20,708 | INFO     | 🔍 Проверка наличия скриптов...
2026-05-24 18:57:20,708 | INFO     |   ✅ mirror.py
2026-05-24 18:57:20,708 | INFO     |   ✅ filter_ru_sni.py
2026-05-24 18:57:20,708 | INFO     |   ✅ filter_ru_sni_local.py
2026-05-24 18:57:20,708 | INFO     | 
2026-05-24 18:57:20,708 | INFO     | 
2026-05-24 18:57:20,708 | INFO     | ──────────────────────────────────────────────────────────────────────
2026-05-24 18:57:20,708 | INFO     | 📌 ЭТАП: Загрузка и geo-фильтрация
2026-05-24 18:57:20,708 | INFO     | ──────────────────────────────────────────────────────────────────────
2026-05-24 18:57:20,708 | INFO     | 🚀 Запуск mirror.py (Загрузка и фильтрация по РФ/СНГ/Европа)...
2026-05-24 18:57:24,687 | INFO     |   → 🚀 Старт: всего источников (старые + новые): 8
2026-05-24 18:57:24,687 | INFO     |   → 1/8: ✅ 0 взято | 🗑️ 0 мусор
2026-05-24 18:57:24,687 | INFO     |   → 2/8: ✅ 0 взято | 🗑️ 0 мусор
2026-05-24 18:57:24,687 | INFO     |   → 3/8: ✅ 4 взято | 🗑️ 196 мусор
2026-05-24 18:57:24,687 | INFO     |   → 4/8: ✅ 0 взято | 🗑️ 0 мусор
2026-05-24 18:57:24,687 | INFO     |   → 5/8: ✅ 6 взято | 🗑️ 24 мусор
2026-05-24 18:57:24,687 | INFO     |   → 6/8: ✅ 0 взято | 🗑️ 24 мусор
2026-05-24 18:57:24,687 | INFO     |   → 7/8: ✅ 8 взято | 🗑️ 12 мусор
2026-05-24 18:57:24,687 | INFO     |   → 8/8: ✅ 0 взято | 🗑️ 0 мусор
2026-05-24 18:57:24,687 | INFO     |   → ✅ ГОТОВО!
2026-05-24 18:57:24,688 | INFO     |   →    📥 Всего ключей после фильтра: 18
2026-05-24 18:57:24,688 | INFO     |   →    🔗 Уникальных IP:PORT:SCHEME: 18
2026-05-24 18:57:24,688 | INFO     |   →    🗑️ Выброшено мусора: 256
2026-05-24 18:57:24,688 | INFO     |   → 📊 По протоколам:
2026-05-24 18:57:24,688 | INFO     |   →    vless: 11
2026-05-24 18:57:24,688 | INFO     |   →    vmess: 3
2026-05-24 18:57:24,688 | INFO     |   →    ss: 4
2026-05-24 18:57:24,688 | INFO     | ✅ mirror.py завершён успешно
2026-05-24 18:57:24,688 | INFO     | 
2026-05-24 18:57:24,688 | INFO     | 
2026-05-24 18:57:24,688 | INFO     | ──────────────────────────────────────────────────────────────────────
2026-05-24 18:57:24,688 | INFO     | 📌 ЭТАП: Фильтрация по реальному SNI
2026-05-24 18:57:24,688 | INFO     | ──────────────────────────────────────────────────────────────────────
2026-05-24 18:57:24,688 | INFO     | 🚀 Запуск filter_ru_sni.py (Фильтр по реальному SNI (CDN+RU))...
2026-05-24 18:57:24,716 | INFO     |   → ss.txt: 4 → 0 (SNI-filtered)
2026-05-24 18:57:24,716 | INFO     |   →   vless.txt: 11 → 3 (SNI-filtered)
2026-05-24 18:57:24,716 | INFO     |   →   vmess.txt: 3 → 0 (SNI-filtered)
2026-05-24 18:57:24,716 | INFO     |   → ==================================================
2026-05-24 18:57:24,716 | INFO     |   →   Всего входных:  18
2026-05-24 18:57:24,716 | INFO     |   →   Прошли фильтр:  3
2026-05-24 18:57:24,716 | INFO     |   →   Отброшено:      15
2026-05-24 18:57:24,716 | INFO     |   → ==================================================
2026-05-24 18:57:24,716 | INFO     |   → Готово → /home/runner/work/vpn-vless-configs-russia/vpn-vless-configs-russia/githubmirror/ru-sni
2026-05-24 18:57:24,716 | INFO     | ✅ filter_ru_sni.py завершён успешно
2026-05-24 18:57:24,716 | INFO     | 
2026-05-24 18:57:24,717 | INFO     | 
2026-05-24 18:57:24,717 | INFO     | ──────────────────────────────────────────────────────────────────────
2026-05-24 18:57:24,717 | INFO     | 📌 ЭТАП: Экспериментальный RU-SNI фильтр
2026-05-24 18:57:24,717 | INFO     | ──────────────────────────────────────────────────────────────────────
2026-05-24 18:57:24,717 | INFO     | 🚀 Запуск filter_ru_sni_local.py (Экспериментальный фильтр по RU-SNI (локальные домены))...
2026-05-24 18:57:24,744 | INFO     |   → ss.txt: 4 → 0 (RU-SNI)
2026-05-24 18:57:24,744 | INFO     |   → vless.txt: 11 → 0 (RU-SNI)
2026-05-24 18:57:24,744 | INFO     |   → vmess.txt: 3 → 0 (RU-SNI)
2026-05-24 18:57:24,744 | INFO     |   → ==================================================
2026-05-24 18:57:24,744 | INFO     |   → Всего входных:  18
2026-05-24 18:57:24,744 | INFO     |   → Прошли RU-SNI:  0
2026-05-24 18:57:24,744 | INFO     |   → Отброшено:      18
2026-05-24 18:57:24,744 | INFO     |   → ==================================================
2026-05-24 18:57:24,744 | INFO     |   → Готово → /home/runner/work/vpn-vless-configs-russia/vpn-vless-configs-russia/githubmirror/ru-sni-local
2026-05-24 18:57:24,744 | INFO     | ✅ filter_ru_sni_local.py завершён успешно
2026-05-24 18:57:24,745 | INFO     | 
2026-05-24 18:57:24,745 | INFO     | 
2026-05-24 18:57:24,745 | INFO     | ──────────────────────────────────────────────────────────────────────
2026-05-24 18:57:24,745 | INFO     | 📌 ЭТАП: Сбор статистики
2026-05-24 18:57:24,745 | INFO     | ──────────────────────────────────────────────────────────────────────
2026-05-24 18:57:24,745 | INFO     | 📊 Сбор статистики...
2026-05-24 18:57:24,745 | INFO     |   📁 githubmirror/clean:
2026-05-24 18:57:24,745 | INFO     |     • ss          :     4 конфигов
2026-05-24 18:57:24,745 | INFO     |     • vless       :    11 конфигов
2026-05-24 18:57:24,745 | INFO     |     • vmess       :     3 конфигов
2026-05-24 18:57:24,745 | INFO     |   📁 githubmirror/ru-sni:
2026-05-24 18:57:24,746 | INFO     |     • ss          :     0 конфигов (  0.0% от clean)
2026-05-24 18:57:24,746 | INFO     |     • vless       :     3 конфигов ( 27.3% от clean)
2026-05-24 18:57:24,746 | INFO     |     • vmess       :     0 конфигов (  0.0% от clean)
2026-05-24 18:57:24,746 | INFO     | 
2026-05-24 18:57:24,746 | INFO     |   ──────────────────────────────────────────────────
2026-05-24 18:57:24,746 | INFO     |   📈 ИТОГО:
2026-05-24 18:57:24,746 | INFO     |     Clean (после geo-фильтра):       18
2026-05-24 18:57:24,746 | INFO     |     RU-SNI (после SNI-фильтра):       3
2026-05-24 18:57:24,746 | INFO     |     Прошло фильтр:                 16.7%
2026-05-24 18:57:24,746 | INFO     |   ──────────────────────────────────────────────────
2026-05-24 18:57:24,746 | INFO     | ✅ Статистика сохранена: /home/runner/work/vpn-vless-configs-russia/vpn-vless-configs-russia/stats.json
2026-05-24 18:57:24,746 | INFO     | 
2026-05-24 18:57:24,746 | INFO     | ======================================================================
2026-05-24 18:57:24,746 | INFO     | 📊 ИТОГОВЫЙ ОТЧЁТ
2026-05-24 18:57:24,746 | INFO     | ======================================================================
2026-05-24 18:57:24,747 | INFO     |   ✅ OK         | Загрузка и geo-фильтрация
2026-05-24 18:57:24,747 | INFO     |   ✅ OK         | Фильтрация по реальному SNI
2026-05-24 18:57:24,747 | INFO     |   ✅ OK         | Экспериментальный RU-SNI фильтр
2026-05-24 18:57:24,747 | INFO     |   ✅ OK         | Сбор статистики
2026-05-24 18:57:24,747 | INFO     | ──────────────────────────────────────────────────────────────────────
2026-05-24 18:57:24,747 | INFO     | ✅ ВСЕ ЭТАПЫ УСПЕШНЫ (4/4)
2026-05-24 18:57:24,747 | INFO     | ⏰ Время завершения: 2026-05-24 18:57:24
2026-05-24 18:57:24,747 | INFO     | ======================================================================
