2026-05-19 08:54:30,550 | INFO     | ======================================================================
2026-05-19 08:54:30,550 | INFO     | 🔍 VPN KEY CHECKER - Начало проверки
2026-05-19 08:54:30,550 | INFO     | ⏰ Время старта: 2026-05-19 08:54:30
2026-05-19 08:54:30,550 | INFO     | 📂 Рабочая директория: /home/runner/work/vpn-vless-configs-russia/vpn-vless-configs-russia
2026-05-19 08:54:30,550 | INFO     | ======================================================================
2026-05-19 08:54:30,550 | INFO     | 
2026-05-19 08:54:30,550 | INFO     | 🔍 Проверка наличия скриптов...
2026-05-19 08:54:30,550 | INFO     |   ✅ mirror.py
2026-05-19 08:54:30,550 | INFO     |   ✅ filter_ru_sni.py
2026-05-19 08:54:30,550 | INFO     |   ✅ filter_ru_sni_local.py
2026-05-19 08:54:30,550 | INFO     | 
2026-05-19 08:54:30,550 | INFO     | 
2026-05-19 08:54:30,550 | INFO     | ──────────────────────────────────────────────────────────────────────
2026-05-19 08:54:30,551 | INFO     | 📌 ЭТАП: Загрузка и geo-фильтрация
2026-05-19 08:54:30,551 | INFO     | ──────────────────────────────────────────────────────────────────────
2026-05-19 08:54:30,551 | INFO     | 🚀 Запуск mirror.py (Загрузка и фильтрация по РФ/СНГ/Европа)...
2026-05-19 08:54:34,225 | INFO     |   → 🚀 Старт: всего источников (старые + новые): 10
2026-05-19 08:54:34,225 | INFO     |   → 1/10: ✅ 0 взято | 🗑️ 0 мусор
2026-05-19 08:54:34,225 | INFO     |   → 2/10: ✅ 0 взято | 🗑️ 0 мусор
2026-05-19 08:54:34,225 | INFO     |   → 3/10: ✅ 13 взято | 🗑️ 193 мусор
2026-05-19 08:54:34,225 | INFO     |   → 4/10: ✅ 0 взято | 🗑️ 0 мусор
2026-05-19 08:54:34,225 | INFO     |   → 5/10: ✅ 3 взято | 🗑️ 161 мусор
2026-05-19 08:54:34,225 | INFO     |   → 6/10: ✅ 0 взято | 🗑️ 0 мусор
2026-05-19 08:54:34,226 | INFO     |   → 7/10: ✅ 6 взято | 🗑️ 17 мусор
2026-05-19 08:54:34,226 | INFO     |   → 8/10: ✅ 0 взято | 🗑️ 17 мусор
2026-05-19 08:54:34,226 | INFO     |   → 9/10: ✅ 8 взято | 🗑️ 16 мусор
2026-05-19 08:54:34,226 | INFO     |   → 10/10: ✅ 0 взято | 🗑️ 0 мусор
2026-05-19 08:54:34,226 | INFO     |   → ✅ ГОТОВО!
2026-05-19 08:54:34,226 | INFO     |   →    📥 Всего ключей после фильтра: 30
2026-05-19 08:54:34,226 | INFO     |   →    🔗 Уникальных IP:PORT:SCHEME: 29
2026-05-19 08:54:34,226 | INFO     |   →    🗑️ Выброшено мусора: 404
2026-05-19 08:54:34,226 | INFO     |   → 📊 По протоколам:
2026-05-19 08:54:34,226 | INFO     |   →    vless: 16
2026-05-19 08:54:34,226 | INFO     |   →    vmess: 9
2026-05-19 08:54:34,226 | INFO     |   →    ss: 2
2026-05-19 08:54:34,226 | INFO     |   →    hysteria2: 2
2026-05-19 08:54:34,226 | INFO     | ✅ mirror.py завершён успешно
2026-05-19 08:54:34,226 | INFO     | 
2026-05-19 08:54:34,226 | INFO     | 
2026-05-19 08:54:34,226 | INFO     | ──────────────────────────────────────────────────────────────────────
2026-05-19 08:54:34,226 | INFO     | 📌 ЭТАП: Фильтрация по реальному SNI
2026-05-19 08:54:34,226 | INFO     | ──────────────────────────────────────────────────────────────────────
2026-05-19 08:54:34,226 | INFO     | 🚀 Запуск filter_ru_sni.py (Фильтр по реальному SNI (CDN+RU))...
2026-05-19 08:54:34,255 | INFO     |   → hysteria2.txt: 2 → 1 (SNI-filtered)
2026-05-19 08:54:34,255 | INFO     |   →   ss.txt: 2 → 0 (SNI-filtered)
2026-05-19 08:54:34,255 | INFO     |   →   vless.txt: 16 → 5 (SNI-filtered)
2026-05-19 08:54:34,255 | INFO     |   →   vmess.txt: 9 → 0 (SNI-filtered)
2026-05-19 08:54:34,255 | INFO     |   → ==================================================
2026-05-19 08:54:34,255 | INFO     |   →   Всего входных:  29
2026-05-19 08:54:34,255 | INFO     |   →   Прошли фильтр:  6
2026-05-19 08:54:34,255 | INFO     |   →   Отброшено:      23
2026-05-19 08:54:34,255 | INFO     |   → ==================================================
2026-05-19 08:54:34,255 | INFO     |   → Готово → /home/runner/work/vpn-vless-configs-russia/vpn-vless-configs-russia/githubmirror/ru-sni
2026-05-19 08:54:34,256 | INFO     | ✅ filter_ru_sni.py завершён успешно
2026-05-19 08:54:34,256 | INFO     | 
2026-05-19 08:54:34,256 | INFO     | 
2026-05-19 08:54:34,256 | INFO     | ──────────────────────────────────────────────────────────────────────
2026-05-19 08:54:34,256 | INFO     | 📌 ЭТАП: Экспериментальный RU-SNI фильтр
2026-05-19 08:54:34,256 | INFO     | ──────────────────────────────────────────────────────────────────────
2026-05-19 08:54:34,256 | INFO     | 🚀 Запуск filter_ru_sni_local.py (Экспериментальный фильтр по RU-SNI (локальные домены))...
2026-05-19 08:54:34,284 | INFO     |   → hysteria2.txt: 2 → 0 (RU-SNI)
2026-05-19 08:54:34,284 | INFO     |   → ss.txt: 2 → 0 (RU-SNI)
2026-05-19 08:54:34,284 | INFO     |   → vless.txt: 16 → 4 (RU-SNI)
2026-05-19 08:54:34,284 | INFO     |   → vmess.txt: 9 → 0 (RU-SNI)
2026-05-19 08:54:34,284 | INFO     |   → ==================================================
2026-05-19 08:54:34,284 | INFO     |   → Всего входных:  29
2026-05-19 08:54:34,284 | INFO     |   → Прошли RU-SNI:  4
2026-05-19 08:54:34,284 | INFO     |   → Отброшено:      25
2026-05-19 08:54:34,284 | INFO     |   → ==================================================
2026-05-19 08:54:34,284 | INFO     |   → Готово → /home/runner/work/vpn-vless-configs-russia/vpn-vless-configs-russia/githubmirror/ru-sni-local
2026-05-19 08:54:34,284 | INFO     | ✅ filter_ru_sni_local.py завершён успешно
2026-05-19 08:54:34,284 | INFO     | 
2026-05-19 08:54:34,284 | INFO     | 
2026-05-19 08:54:34,284 | INFO     | ──────────────────────────────────────────────────────────────────────
2026-05-19 08:54:34,284 | INFO     | 📌 ЭТАП: Сбор статистики
2026-05-19 08:54:34,284 | INFO     | ──────────────────────────────────────────────────────────────────────
2026-05-19 08:54:34,284 | INFO     | 📊 Сбор статистики...
2026-05-19 08:54:34,284 | INFO     |   📁 githubmirror/clean:
2026-05-19 08:54:34,285 | INFO     |     • hysteria2   :     2 конфигов
2026-05-19 08:54:34,285 | INFO     |     • ss          :     2 конфигов
2026-05-19 08:54:34,285 | INFO     |     • vless       :    16 конфигов
2026-05-19 08:54:34,285 | INFO     |     • vmess       :     9 конфигов
2026-05-19 08:54:34,285 | INFO     |   📁 githubmirror/ru-sni:
2026-05-19 08:54:34,285 | INFO     |     • hysteria2   :     1 конфигов ( 50.0% от clean)
2026-05-19 08:54:34,285 | INFO     |     • ss          :     0 конфигов (  0.0% от clean)
2026-05-19 08:54:34,285 | INFO     |     • vless       :     5 конфигов ( 31.2% от clean)
2026-05-19 08:54:34,285 | INFO     |     • vmess       :     0 конфигов (  0.0% от clean)
2026-05-19 08:54:34,286 | INFO     | 
2026-05-19 08:54:34,286 | INFO     |   ──────────────────────────────────────────────────
2026-05-19 08:54:34,286 | INFO     |   📈 ИТОГО:
2026-05-19 08:54:34,286 | INFO     |     Clean (после geo-фильтра):       29
2026-05-19 08:54:34,286 | INFO     |     RU-SNI (после SNI-фильтра):       6
2026-05-19 08:54:34,286 | INFO     |     Прошло фильтр:                 20.7%
2026-05-19 08:54:34,286 | INFO     |   ──────────────────────────────────────────────────
2026-05-19 08:54:34,286 | INFO     | ✅ Статистика сохранена: /home/runner/work/vpn-vless-configs-russia/vpn-vless-configs-russia/stats.json
2026-05-19 08:54:34,286 | INFO     | 
2026-05-19 08:54:34,286 | INFO     | ======================================================================
2026-05-19 08:54:34,286 | INFO     | 📊 ИТОГОВЫЙ ОТЧЁТ
2026-05-19 08:54:34,286 | INFO     | ======================================================================
2026-05-19 08:54:34,286 | INFO     |   ✅ OK         | Загрузка и geo-фильтрация
2026-05-19 08:54:34,286 | INFO     |   ✅ OK         | Фильтрация по реальному SNI
2026-05-19 08:54:34,286 | INFO     |   ✅ OK         | Экспериментальный RU-SNI фильтр
2026-05-19 08:54:34,286 | INFO     |   ✅ OK         | Сбор статистики
2026-05-19 08:54:34,286 | INFO     | ──────────────────────────────────────────────────────────────────────
2026-05-19 08:54:34,286 | INFO     | ✅ ВСЕ ЭТАПЫ УСПЕШНЫ (4/4)
2026-05-19 08:54:34,287 | INFO     | ⏰ Время завершения: 2026-05-19 08:54:34
2026-05-19 08:54:34,287 | INFO     | ======================================================================
