2026-05-25 09:43:48,838 | INFO     | ======================================================================
2026-05-25 09:43:48,838 | INFO     | 🔍 VPN KEY CHECKER - Начало проверки
2026-05-25 09:43:48,838 | INFO     | ⏰ Время старта: 2026-05-25 09:43:48
2026-05-25 09:43:48,838 | INFO     | 📂 Рабочая директория: /home/runner/work/vpn-vless-configs-russia/vpn-vless-configs-russia
2026-05-25 09:43:48,838 | INFO     | ======================================================================
2026-05-25 09:43:48,838 | INFO     | 
2026-05-25 09:43:48,838 | INFO     | 🔍 Проверка наличия скриптов...
2026-05-25 09:43:48,838 | INFO     |   ✅ mirror.py
2026-05-25 09:43:48,839 | INFO     |   ✅ filter_ru_sni.py
2026-05-25 09:43:48,839 | INFO     |   ✅ filter_ru_sni_local.py
2026-05-25 09:43:48,839 | INFO     | 
2026-05-25 09:43:48,839 | INFO     | 
2026-05-25 09:43:48,839 | INFO     | ──────────────────────────────────────────────────────────────────────
2026-05-25 09:43:48,839 | INFO     | 📌 ЭТАП: Загрузка и geo-фильтрация
2026-05-25 09:43:48,839 | INFO     | ──────────────────────────────────────────────────────────────────────
2026-05-25 09:43:48,839 | INFO     | 🚀 Запуск mirror.py (Загрузка и фильтрация по РФ/СНГ/Европа)...
2026-05-25 09:43:53,035 | INFO     |   → 🚀 Старт: всего источников (старые + новые): 12
2026-05-25 09:43:53,035 | INFO     |   → 1/12: ✅ 0 взято | 🗑️ 0 мусор
2026-05-25 09:43:53,035 | INFO     |   → 2/12: ✅ 0 взято | 🗑️ 0 мусор
2026-05-25 09:43:53,035 | INFO     |   → 3/12: ✅ 0 взято | 🗑️ 0 мусор
2026-05-25 09:43:53,035 | INFO     |   → 4/12: ✅ 10 взято | 🗑️ 296 мусор
2026-05-25 09:43:53,035 | INFO     |   → 5/12: ✅ 4 взято | 🗑️ 208 мусор
2026-05-25 09:43:53,035 | INFO     |   → 6/12: ✅ 0 взято | 🗑️ 0 мусор
2026-05-25 09:43:53,035 | INFO     |   → 7/12: ✅ 6 взято | 🗑️ 24 мусор
2026-05-25 09:43:53,035 | INFO     |   → 8/12: ✅ 0 взято | 🗑️ 24 мусор
2026-05-25 09:43:53,035 | INFO     |   → 9/12: ✅ 0 взято | 🗑️ 0 мусор
2026-05-25 09:43:53,035 | INFO     |   → 10/12: ✅ 3 взято | 🗑️ 322 мусор
2026-05-25 09:43:53,035 | INFO     |   → 11/12: ✅ 7 взято | 🗑️ 18 мусор
2026-05-25 09:43:53,035 | INFO     |   → 12/12: ✅ 0 взято | 🗑️ 0 мусор
2026-05-25 09:43:53,035 | INFO     |   → ✅ ГОТОВО!
2026-05-25 09:43:53,035 | INFO     |   →    📥 Всего ключей после фильтра: 30
2026-05-25 09:43:53,035 | INFO     |   →    🔗 Уникальных IP:PORT:SCHEME: 29
2026-05-25 09:43:53,035 | INFO     |   →    🗑️ Выброшено мусора: 892
2026-05-25 09:43:53,036 | INFO     |   → 📊 По протоколам:
2026-05-25 09:43:53,036 | INFO     |   →    vless: 11
2026-05-25 09:43:53,036 | INFO     |   →    vmess: 9
2026-05-25 09:43:53,036 | INFO     |   →    trojan: 4
2026-05-25 09:43:53,036 | INFO     |   →    ss: 4
2026-05-25 09:43:53,036 | INFO     |   →    hysteria2: 1
2026-05-25 09:43:53,036 | INFO     | ✅ mirror.py завершён успешно
2026-05-25 09:43:53,036 | INFO     | 
2026-05-25 09:43:53,036 | INFO     | 
2026-05-25 09:43:53,036 | INFO     | ──────────────────────────────────────────────────────────────────────
2026-05-25 09:43:53,036 | INFO     | 📌 ЭТАП: Фильтрация по реальному SNI
2026-05-25 09:43:53,036 | INFO     | ──────────────────────────────────────────────────────────────────────
2026-05-25 09:43:53,036 | INFO     | 🚀 Запуск filter_ru_sni.py (Фильтр по реальному SNI (CDN+RU))...
2026-05-25 09:43:53,063 | INFO     |   → hysteria2.txt: 1 → 1 (SNI-filtered)
2026-05-25 09:43:53,063 | INFO     |   →   ss.txt: 4 → 0 (SNI-filtered)
2026-05-25 09:43:53,063 | INFO     |   →   trojan.txt: 4 → 0 (SNI-filtered)
2026-05-25 09:43:53,063 | INFO     |   →   vless.txt: 11 → 3 (SNI-filtered)
2026-05-25 09:43:53,064 | INFO     |   →   vmess.txt: 9 → 0 (SNI-filtered)
2026-05-25 09:43:53,064 | INFO     |   → ==================================================
2026-05-25 09:43:53,064 | INFO     |   →   Всего входных:  29
2026-05-25 09:43:53,064 | INFO     |   →   Прошли фильтр:  4
2026-05-25 09:43:53,064 | INFO     |   →   Отброшено:      25
2026-05-25 09:43:53,064 | INFO     |   → ==================================================
2026-05-25 09:43:53,064 | INFO     |   → Готово → /home/runner/work/vpn-vless-configs-russia/vpn-vless-configs-russia/githubmirror/ru-sni
2026-05-25 09:43:53,064 | INFO     | ✅ filter_ru_sni.py завершён успешно
2026-05-25 09:43:53,064 | INFO     | 
2026-05-25 09:43:53,064 | INFO     | 
2026-05-25 09:43:53,064 | INFO     | ──────────────────────────────────────────────────────────────────────
2026-05-25 09:43:53,064 | INFO     | 📌 ЭТАП: Экспериментальный RU-SNI фильтр
2026-05-25 09:43:53,064 | INFO     | ──────────────────────────────────────────────────────────────────────
2026-05-25 09:43:53,064 | INFO     | 🚀 Запуск filter_ru_sni_local.py (Экспериментальный фильтр по RU-SNI (локальные домены))...
2026-05-25 09:43:53,090 | INFO     |   → hysteria2.txt: 1 → 0 (RU-SNI)
2026-05-25 09:43:53,090 | INFO     |   → ss.txt: 4 → 0 (RU-SNI)
2026-05-25 09:43:53,090 | INFO     |   → trojan.txt: 4 → 0 (RU-SNI)
2026-05-25 09:43:53,090 | INFO     |   → vless.txt: 11 → 1 (RU-SNI)
2026-05-25 09:43:53,090 | INFO     |   → vmess.txt: 9 → 0 (RU-SNI)
2026-05-25 09:43:53,090 | INFO     |   → ==================================================
2026-05-25 09:43:53,090 | INFO     |   → Всего входных:  29
2026-05-25 09:43:53,090 | INFO     |   → Прошли RU-SNI:  1
2026-05-25 09:43:53,090 | INFO     |   → Отброшено:      28
2026-05-25 09:43:53,090 | INFO     |   → ==================================================
2026-05-25 09:43:53,090 | INFO     |   → Готово → /home/runner/work/vpn-vless-configs-russia/vpn-vless-configs-russia/githubmirror/ru-sni-local
2026-05-25 09:43:53,090 | INFO     | ✅ filter_ru_sni_local.py завершён успешно
2026-05-25 09:43:53,091 | INFO     | 
2026-05-25 09:43:53,091 | INFO     | 
2026-05-25 09:43:53,091 | INFO     | ──────────────────────────────────────────────────────────────────────
2026-05-25 09:43:53,091 | INFO     | 📌 ЭТАП: Сбор статистики
2026-05-25 09:43:53,091 | INFO     | ──────────────────────────────────────────────────────────────────────
2026-05-25 09:43:53,091 | INFO     | 📊 Сбор статистики...
2026-05-25 09:43:53,091 | INFO     |   📁 githubmirror/clean:
2026-05-25 09:43:53,091 | INFO     |     • hysteria2   :     1 конфигов
2026-05-25 09:43:53,091 | INFO     |     • ss          :     4 конфигов
2026-05-25 09:43:53,091 | INFO     |     • trojan      :     4 конфигов
2026-05-25 09:43:53,092 | INFO     |     • vless       :    11 конфигов
2026-05-25 09:43:53,092 | INFO     |     • vmess       :     9 конфигов
2026-05-25 09:43:53,092 | INFO     |   📁 githubmirror/ru-sni:
2026-05-25 09:43:53,092 | INFO     |     • hysteria2   :     1 конфигов (100.0% от clean)
2026-05-25 09:43:53,092 | INFO     |     • ss          :     0 конфигов (  0.0% от clean)
2026-05-25 09:43:53,092 | INFO     |     • trojan      :     0 конфигов (  0.0% от clean)
2026-05-25 09:43:53,092 | INFO     |     • vless       :     3 конфигов ( 27.3% от clean)
2026-05-25 09:43:53,092 | INFO     |     • vmess       :     0 конфигов (  0.0% от clean)
2026-05-25 09:43:53,092 | INFO     | 
2026-05-25 09:43:53,092 | INFO     |   ──────────────────────────────────────────────────
2026-05-25 09:43:53,092 | INFO     |   📈 ИТОГО:
2026-05-25 09:43:53,093 | INFO     |     Clean (после geo-фильтра):       29
2026-05-25 09:43:53,093 | INFO     |     RU-SNI (после SNI-фильтра):       4
2026-05-25 09:43:53,093 | INFO     |     Прошло фильтр:                 13.8%
2026-05-25 09:43:53,093 | INFO     |   ──────────────────────────────────────────────────
2026-05-25 09:43:53,093 | INFO     | ✅ Статистика сохранена: /home/runner/work/vpn-vless-configs-russia/vpn-vless-configs-russia/stats.json
2026-05-25 09:43:53,093 | INFO     | 
2026-05-25 09:43:53,093 | INFO     | ======================================================================
2026-05-25 09:43:53,093 | INFO     | 📊 ИТОГОВЫЙ ОТЧЁТ
2026-05-25 09:43:53,093 | INFO     | ======================================================================
2026-05-25 09:43:53,093 | INFO     |   ✅ OK         | Загрузка и geo-фильтрация
2026-05-25 09:43:53,093 | INFO     |   ✅ OK         | Фильтрация по реальному SNI
2026-05-25 09:43:53,094 | INFO     |   ✅ OK         | Экспериментальный RU-SNI фильтр
2026-05-25 09:43:53,094 | INFO     |   ✅ OK         | Сбор статистики
2026-05-25 09:43:53,094 | INFO     | ──────────────────────────────────────────────────────────────────────
2026-05-25 09:43:53,094 | INFO     | ✅ ВСЕ ЭТАПЫ УСПЕШНЫ (4/4)
2026-05-25 09:43:53,094 | INFO     | ⏰ Время завершения: 2026-05-25 09:43:53
2026-05-25 09:43:53,094 | INFO     | ======================================================================
