2026-05-11 08:53:23,604 | INFO     | ======================================================================
2026-05-11 08:53:23,604 | INFO     | 🔍 VPN KEY CHECKER - Начало проверки
2026-05-11 08:53:23,604 | INFO     | ⏰ Время старта: 2026-05-11 08:53:23
2026-05-11 08:53:23,604 | INFO     | 📂 Рабочая директория: /home/runner/work/vpn-vless-configs-russia/vpn-vless-configs-russia
2026-05-11 08:53:23,604 | INFO     | ======================================================================
2026-05-11 08:53:23,604 | INFO     | 
2026-05-11 08:53:23,604 | INFO     | 🔍 Проверка наличия скриптов...
2026-05-11 08:53:23,604 | INFO     |   ✅ mirror.py
2026-05-11 08:53:23,604 | INFO     |   ✅ filter_ru_sni.py
2026-05-11 08:53:23,604 | INFO     |   ✅ filter_ru_sni_local.py
2026-05-11 08:53:23,604 | INFO     | 
2026-05-11 08:53:23,604 | INFO     | 
2026-05-11 08:53:23,605 | INFO     | ──────────────────────────────────────────────────────────────────────
2026-05-11 08:53:23,605 | INFO     | 📌 ЭТАП: Загрузка и geo-фильтрация
2026-05-11 08:53:23,605 | INFO     | ──────────────────────────────────────────────────────────────────────
2026-05-11 08:53:23,605 | INFO     | 🚀 Запуск mirror.py (Загрузка и фильтрация по РФ/СНГ/Европа)...
2026-05-11 08:53:26,042 | INFO     |   → 🚀 Старт: всего источников (старые + новые): 6
2026-05-11 08:53:26,042 | INFO     |   → 1/6: ✅ 0 взято | 🗑️ 0 мусор
2026-05-11 08:53:26,042 | INFO     |   → 2/6: ✅ 0 взято | 🗑️ 0 мусор
2026-05-11 08:53:26,042 | INFO     |   → 3/6: ✅ 2 взято | 🗑️ 239 мусор
2026-05-11 08:53:26,042 | INFO     |   → 4/6: ✅ 0 взято | 🗑️ 0 мусор
2026-05-11 08:53:26,042 | INFO     |   → 5/6: ✅ 14 взято | 🗑️ 14 мусор
2026-05-11 08:53:26,042 | INFO     |   → 6/6: ✅ 5 взято | 🗑️ 15 мусор
2026-05-11 08:53:26,042 | INFO     |   → ✅ ГОТОВО!
2026-05-11 08:53:26,043 | INFO     |   →    📥 Всего ключей после фильтра: 21
2026-05-11 08:53:26,043 | INFO     |   →    🔗 Уникальных IP:PORT:SCHEME: 21
2026-05-11 08:53:26,043 | INFO     |   →    🗑️ Выброшено мусора: 268
2026-05-11 08:53:26,043 | INFO     |   → 📊 По протоколам:
2026-05-11 08:53:26,043 | INFO     |   →    vless: 18
2026-05-11 08:53:26,043 | INFO     |   →    vmess: 2
2026-05-11 08:53:26,043 | INFO     |   →    trojan: 1
2026-05-11 08:53:26,043 | INFO     | ✅ mirror.py завершён успешно
2026-05-11 08:53:26,043 | INFO     | 
2026-05-11 08:53:26,043 | INFO     | 
2026-05-11 08:53:26,043 | INFO     | ──────────────────────────────────────────────────────────────────────
2026-05-11 08:53:26,043 | INFO     | 📌 ЭТАП: Фильтрация по реальному SNI
2026-05-11 08:53:26,043 | INFO     | ──────────────────────────────────────────────────────────────────────
2026-05-11 08:53:26,043 | INFO     | 🚀 Запуск filter_ru_sni.py (Фильтр по реальному SNI (CDN+RU))...
2026-05-11 08:53:26,071 | INFO     |   → trojan.txt: 1 → 0 (SNI-filtered)
2026-05-11 08:53:26,072 | INFO     |   →   vless.txt: 18 → 1 (SNI-filtered)
2026-05-11 08:53:26,072 | INFO     |   →   vmess.txt: 2 → 0 (SNI-filtered)
2026-05-11 08:53:26,072 | INFO     |   → ==================================================
2026-05-11 08:53:26,072 | INFO     |   →   Всего входных:  21
2026-05-11 08:53:26,072 | INFO     |   →   Прошли фильтр:  1
2026-05-11 08:53:26,072 | INFO     |   →   Отброшено:      20
2026-05-11 08:53:26,072 | INFO     |   → ==================================================
2026-05-11 08:53:26,072 | INFO     |   → Готово → /home/runner/work/vpn-vless-configs-russia/vpn-vless-configs-russia/githubmirror/ru-sni
2026-05-11 08:53:26,072 | INFO     | ✅ filter_ru_sni.py завершён успешно
2026-05-11 08:53:26,072 | INFO     | 
2026-05-11 08:53:26,072 | INFO     | 
2026-05-11 08:53:26,072 | INFO     | ──────────────────────────────────────────────────────────────────────
2026-05-11 08:53:26,072 | INFO     | 📌 ЭТАП: Экспериментальный RU-SNI фильтр
2026-05-11 08:53:26,072 | INFO     | ──────────────────────────────────────────────────────────────────────
2026-05-11 08:53:26,072 | INFO     | 🚀 Запуск filter_ru_sni_local.py (Экспериментальный фильтр по RU-SNI (локальные домены))...
2026-05-11 08:53:26,100 | INFO     |   → trojan.txt: 1 → 0 (RU-SNI)
2026-05-11 08:53:26,100 | INFO     |   → vless.txt: 18 → 0 (RU-SNI)
2026-05-11 08:53:26,100 | INFO     |   → vmess.txt: 2 → 0 (RU-SNI)
2026-05-11 08:53:26,100 | INFO     |   → ==================================================
2026-05-11 08:53:26,100 | INFO     |   → Всего входных:  21
2026-05-11 08:53:26,100 | INFO     |   → Прошли RU-SNI:  0
2026-05-11 08:53:26,100 | INFO     |   → Отброшено:      21
2026-05-11 08:53:26,100 | INFO     |   → ==================================================
2026-05-11 08:53:26,100 | INFO     |   → Готово → /home/runner/work/vpn-vless-configs-russia/vpn-vless-configs-russia/githubmirror/ru-sni-local
2026-05-11 08:53:26,100 | INFO     | ✅ filter_ru_sni_local.py завершён успешно
2026-05-11 08:53:26,100 | INFO     | 
2026-05-11 08:53:26,101 | INFO     | 
2026-05-11 08:53:26,101 | INFO     | ──────────────────────────────────────────────────────────────────────
2026-05-11 08:53:26,101 | INFO     | 📌 ЭТАП: Сбор статистики
2026-05-11 08:53:26,101 | INFO     | ──────────────────────────────────────────────────────────────────────
2026-05-11 08:53:26,101 | INFO     | 📊 Сбор статистики...
2026-05-11 08:53:26,101 | INFO     |   📁 githubmirror/clean:
2026-05-11 08:53:26,101 | INFO     |     • trojan      :     1 конфигов
2026-05-11 08:53:26,101 | INFO     |     • vless       :    18 конфигов
2026-05-11 08:53:26,102 | INFO     |     • vmess       :     2 конфигов
2026-05-11 08:53:26,102 | INFO     |   📁 githubmirror/ru-sni:
2026-05-11 08:53:26,102 | INFO     |     • trojan      :     0 конфигов (  0.0% от clean)
2026-05-11 08:53:26,102 | INFO     |     • vless       :     1 конфигов (  5.6% от clean)
2026-05-11 08:53:26,102 | INFO     |     • vmess       :     0 конфигов (  0.0% от clean)
2026-05-11 08:53:26,102 | INFO     | 
2026-05-11 08:53:26,102 | INFO     |   ──────────────────────────────────────────────────
2026-05-11 08:53:26,102 | INFO     |   📈 ИТОГО:
2026-05-11 08:53:26,102 | INFO     |     Clean (после geo-фильтра):       21
2026-05-11 08:53:26,102 | INFO     |     RU-SNI (после SNI-фильтра):       1
2026-05-11 08:53:26,102 | INFO     |     Прошло фильтр:                  4.8%
2026-05-11 08:53:26,102 | INFO     |   ──────────────────────────────────────────────────
2026-05-11 08:53:26,103 | INFO     | ✅ Статистика сохранена: /home/runner/work/vpn-vless-configs-russia/vpn-vless-configs-russia/stats.json
2026-05-11 08:53:26,103 | INFO     | 
2026-05-11 08:53:26,103 | INFO     | ======================================================================
2026-05-11 08:53:26,103 | INFO     | 📊 ИТОГОВЫЙ ОТЧЁТ
2026-05-11 08:53:26,103 | INFO     | ======================================================================
2026-05-11 08:53:26,103 | INFO     |   ✅ OK         | Загрузка и geo-фильтрация
2026-05-11 08:53:26,103 | INFO     |   ✅ OK         | Фильтрация по реальному SNI
2026-05-11 08:53:26,103 | INFO     |   ✅ OK         | Экспериментальный RU-SNI фильтр
2026-05-11 08:53:26,103 | INFO     |   ✅ OK         | Сбор статистики
2026-05-11 08:53:26,103 | INFO     | ──────────────────────────────────────────────────────────────────────
2026-05-11 08:53:26,103 | INFO     | ✅ ВСЕ ЭТАПЫ УСПЕШНЫ (4/4)
2026-05-11 08:53:26,103 | INFO     | ⏰ Время завершения: 2026-05-11 08:53:26
2026-05-11 08:53:26,103 | INFO     | ======================================================================
