2026-05-31 13:06:51,804 | INFO     | ======================================================================
2026-05-31 13:06:51,804 | INFO     | 🔍 VPN KEY CHECKER - Начало проверки
2026-05-31 13:06:51,804 | INFO     | ⏰ Время старта: 2026-05-31 13:06:51
2026-05-31 13:06:51,804 | INFO     | 📂 Рабочая директория: /home/runner/work/vpn-vless-configs-russia/vpn-vless-configs-russia
2026-05-31 13:06:51,804 | INFO     | ======================================================================
2026-05-31 13:06:51,804 | INFO     | 
2026-05-31 13:06:51,804 | INFO     | 🔍 Проверка наличия скриптов...
2026-05-31 13:06:51,804 | INFO     |   ✅ mirror.py
2026-05-31 13:06:51,804 | INFO     |   ✅ filter_ru_sni.py
2026-05-31 13:06:51,804 | INFO     |   ✅ filter_ru_sni_local.py
2026-05-31 13:06:51,804 | INFO     | 
2026-05-31 13:06:51,804 | INFO     | 
2026-05-31 13:06:51,804 | INFO     | ──────────────────────────────────────────────────────────────────────
2026-05-31 13:06:51,805 | INFO     | 📌 ЭТАП: Загрузка и geo-фильтрация
2026-05-31 13:06:51,805 | INFO     | ──────────────────────────────────────────────────────────────────────
2026-05-31 13:06:51,805 | INFO     | 🚀 Запуск mirror.py (Загрузка и фильтрация по РФ/СНГ/Европа)...
2026-05-31 13:06:55,388 | INFO     |   → 🚀 Старт: всего источников (старые + новые): 10
2026-05-31 13:06:55,388 | INFO     |   → 1/10: ✅ 0 взято | 🗑️ 0 мусор
2026-05-31 13:06:55,388 | INFO     |   → 2/10: ✅ 0 взято | 🗑️ 0 мусор
2026-05-31 13:06:55,388 | INFO     |   → 3/10: ✅ 0 взято | 🗑️ 0 мусор
2026-05-31 13:06:55,388 | INFO     |   → 4/10: ✅ 11 взято | 🗑️ 105 мусор
2026-05-31 13:06:55,388 | INFO     |   → 5/10: ✅ 0 взято | 🗑️ 103 мусор
2026-05-31 13:06:55,388 | INFO     |   → 6/10: ✅ 0 взято | 🗑️ 0 мусор
2026-05-31 13:06:55,388 | INFO     |   → 7/10: ✅ 6 взято | 🗑️ 24 мусор
2026-05-31 13:06:55,388 | INFO     |   → 8/10: ✅ 0 взято | 🗑️ 24 мусор
2026-05-31 13:06:55,388 | INFO     |   → 9/10: ✅ 12 взято | 🗑️ 12 мусор
2026-05-31 13:06:55,388 | INFO     |   → 10/10: ✅ 0 взято | 🗑️ 0 мусор
2026-05-31 13:06:55,388 | INFO     |   → ✅ ГОТОВО!
2026-05-31 13:06:55,388 | INFO     |   →    📥 Всего ключей после фильтра: 29
2026-05-31 13:06:55,389 | INFO     |   →    🔗 Уникальных IP:PORT:SCHEME: 24
2026-05-31 13:06:55,389 | INFO     |   →    🗑️ Выброшено мусора: 268
2026-05-31 13:06:55,389 | INFO     |   → 📊 По протоколам:
2026-05-31 13:06:55,389 | INFO     |   →    vless: 18
2026-05-31 13:06:55,389 | INFO     |   →    vmess: 1
2026-05-31 13:06:55,389 | INFO     |   →    trojan: 1
2026-05-31 13:06:55,389 | INFO     |   →    ss: 4
2026-05-31 13:06:55,389 | INFO     | ✅ mirror.py завершён успешно
2026-05-31 13:06:55,389 | INFO     | 
2026-05-31 13:06:55,389 | INFO     | 
2026-05-31 13:06:55,389 | INFO     | ──────────────────────────────────────────────────────────────────────
2026-05-31 13:06:55,389 | INFO     | 📌 ЭТАП: Фильтрация по реальному SNI
2026-05-31 13:06:55,389 | INFO     | ──────────────────────────────────────────────────────────────────────
2026-05-31 13:06:55,389 | INFO     | 🚀 Запуск filter_ru_sni.py (Фильтр по реальному SNI (CDN+RU))...
2026-05-31 13:06:55,413 | INFO     |   → ss.txt: 4 → 0 (SNI-filtered)
2026-05-31 13:06:55,413 | INFO     |   →   trojan.txt: 1 → 0 (SNI-filtered)
2026-05-31 13:06:55,414 | INFO     |   →   vless.txt: 18 → 10 (SNI-filtered)
2026-05-31 13:06:55,414 | INFO     |   →   vmess.txt: 1 → 0 (SNI-filtered)
2026-05-31 13:06:55,414 | INFO     |   → ==================================================
2026-05-31 13:06:55,414 | INFO     |   →   Всего входных:  24
2026-05-31 13:06:55,414 | INFO     |   →   Прошли фильтр:  10
2026-05-31 13:06:55,414 | INFO     |   →   Отброшено:      14
2026-05-31 13:06:55,414 | INFO     |   → ==================================================
2026-05-31 13:06:55,414 | INFO     |   → Готово → /home/runner/work/vpn-vless-configs-russia/vpn-vless-configs-russia/githubmirror/ru-sni
2026-05-31 13:06:55,414 | INFO     | ✅ filter_ru_sni.py завершён успешно
2026-05-31 13:06:55,414 | INFO     | 
2026-05-31 13:06:55,414 | INFO     | 
2026-05-31 13:06:55,414 | INFO     | ──────────────────────────────────────────────────────────────────────
2026-05-31 13:06:55,414 | INFO     | 📌 ЭТАП: Экспериментальный RU-SNI фильтр
2026-05-31 13:06:55,414 | INFO     | ──────────────────────────────────────────────────────────────────────
2026-05-31 13:06:55,414 | INFO     | 🚀 Запуск filter_ru_sni_local.py (Экспериментальный фильтр по RU-SNI (локальные домены))...
2026-05-31 13:06:55,438 | INFO     |   → ss.txt: 4 → 0 (RU-SNI)
2026-05-31 13:06:55,438 | INFO     |   → trojan.txt: 1 → 0 (RU-SNI)
2026-05-31 13:06:55,438 | INFO     |   → vless.txt: 18 → 1 (RU-SNI)
2026-05-31 13:06:55,438 | INFO     |   → vmess.txt: 1 → 0 (RU-SNI)
2026-05-31 13:06:55,438 | INFO     |   → ==================================================
2026-05-31 13:06:55,438 | INFO     |   → Всего входных:  24
2026-05-31 13:06:55,439 | INFO     |   → Прошли RU-SNI:  1
2026-05-31 13:06:55,439 | INFO     |   → Отброшено:      23
2026-05-31 13:06:55,439 | INFO     |   → ==================================================
2026-05-31 13:06:55,439 | INFO     |   → Готово → /home/runner/work/vpn-vless-configs-russia/vpn-vless-configs-russia/githubmirror/ru-sni-local
2026-05-31 13:06:55,439 | INFO     | ✅ filter_ru_sni_local.py завершён успешно
2026-05-31 13:06:55,439 | INFO     | 
2026-05-31 13:06:55,439 | INFO     | 
2026-05-31 13:06:55,439 | INFO     | ──────────────────────────────────────────────────────────────────────
2026-05-31 13:06:55,439 | INFO     | 📌 ЭТАП: Сбор статистики
2026-05-31 13:06:55,439 | INFO     | ──────────────────────────────────────────────────────────────────────
2026-05-31 13:06:55,439 | INFO     | 📊 Сбор статистики...
2026-05-31 13:06:55,439 | INFO     |   📁 githubmirror/clean:
2026-05-31 13:06:55,439 | INFO     |     • ss          :     4 конфигов
2026-05-31 13:06:55,439 | INFO     |     • trojan      :     1 конфигов
2026-05-31 13:06:55,439 | INFO     |     • vless       :    18 конфигов
2026-05-31 13:06:55,439 | INFO     |     • vmess       :     1 конфигов
2026-05-31 13:06:55,440 | INFO     |   📁 githubmirror/ru-sni:
2026-05-31 13:06:55,440 | INFO     |     • ss          :     0 конфигов (  0.0% от clean)
2026-05-31 13:06:55,440 | INFO     |     • trojan      :     0 конфигов (  0.0% от clean)
2026-05-31 13:06:55,440 | INFO     |     • vless       :    10 конфигов ( 55.6% от clean)
2026-05-31 13:06:55,440 | INFO     |     • vmess       :     0 конфигов (  0.0% от clean)
2026-05-31 13:06:55,440 | INFO     | 
2026-05-31 13:06:55,440 | INFO     |   ──────────────────────────────────────────────────
2026-05-31 13:06:55,440 | INFO     |   📈 ИТОГО:
2026-05-31 13:06:55,440 | INFO     |     Clean (после geo-фильтра):       24
2026-05-31 13:06:55,440 | INFO     |     RU-SNI (после SNI-фильтра):      10
2026-05-31 13:06:55,440 | INFO     |     Прошло фильтр:                 41.7%
2026-05-31 13:06:55,440 | INFO     |   ──────────────────────────────────────────────────
2026-05-31 13:06:55,441 | INFO     | ✅ Статистика сохранена: /home/runner/work/vpn-vless-configs-russia/vpn-vless-configs-russia/stats.json
2026-05-31 13:06:55,441 | INFO     | 
2026-05-31 13:06:55,441 | INFO     | ======================================================================
2026-05-31 13:06:55,441 | INFO     | 📊 ИТОГОВЫЙ ОТЧЁТ
2026-05-31 13:06:55,441 | INFO     | ======================================================================
2026-05-31 13:06:55,441 | INFO     |   ✅ OK         | Загрузка и geo-фильтрация
2026-05-31 13:06:55,441 | INFO     |   ✅ OK         | Фильтрация по реальному SNI
2026-05-31 13:06:55,441 | INFO     |   ✅ OK         | Экспериментальный RU-SNI фильтр
2026-05-31 13:06:55,441 | INFO     |   ✅ OK         | Сбор статистики
2026-05-31 13:06:55,441 | INFO     | ──────────────────────────────────────────────────────────────────────
2026-05-31 13:06:55,441 | INFO     | ✅ ВСЕ ЭТАПЫ УСПЕШНЫ (4/4)
2026-05-31 13:06:55,441 | INFO     | ⏰ Время завершения: 2026-05-31 13:06:55
2026-05-31 13:06:55,441 | INFO     | ======================================================================
